
Discarded input sections

 .text          0x00000000      0x18c ./build/bsp_usart.o
 .data          0x00000000        0x0 ./build/bsp_usart.o
 .bss           0x00000000        0x0 ./build/bsp_usart.o
 .debug_info    0x00000000      0x977 ./build/bsp_usart.o
 .debug_abbrev  0x00000000      0x1e9 ./build/bsp_usart.o
 .debug_loc     0x00000000      0x3a1 ./build/bsp_usart.o
 .debug_aranges
                0x00000000       0x20 ./build/bsp_usart.o
 .debug_line    0x00000000      0x1eb ./build/bsp_usart.o
 .debug_str     0x00000000      0x81b ./build/bsp_usart.o
 .comment       0x00000000       0x6f ./build/bsp_usart.o
 .debug_frame   0x00000000      0x10c ./build/bsp_usart.o
 .ARM.attributes
                0x00000000       0x33 ./build/bsp_usart.o
 .text          0x00000000      0x18c ./build/main.o
 .data          0x00000000        0x0 ./build/main.o
 .bss           0x00000000        0x0 ./build/main.o
 .debug_info    0x00000000      0x977 ./build/main.o
 .debug_abbrev  0x00000000      0x1e9 ./build/main.o
 .debug_loc     0x00000000      0x3a1 ./build/main.o
 .debug_aranges
                0x00000000       0x20 ./build/main.o
 .debug_line    0x00000000      0x1eb ./build/main.o
 .debug_str     0x00000000      0x81b ./build/main.o
 .comment       0x00000000       0x6f ./build/main.o
 .debug_frame   0x00000000      0x10c ./build/main.o
 .ARM.attributes
                0x00000000       0x33 ./build/main.o
 .text          0x00000000      0x18c ./build/stm32f10x_it.o
 .data          0x00000000        0x0 ./build/stm32f10x_it.o
 .bss           0x00000000        0x0 ./build/stm32f10x_it.o
 .debug_info    0x00000000      0x977 ./build/stm32f10x_it.o
 .debug_abbrev  0x00000000      0x1e9 ./build/stm32f10x_it.o
 .debug_loc     0x00000000      0x3a1 ./build/stm32f10x_it.o
 .debug_aranges
                0x00000000       0x20 ./build/stm32f10x_it.o
 .debug_line    0x00000000      0x1eb ./build/stm32f10x_it.o
 .debug_str     0x00000000      0x81b ./build/stm32f10x_it.o
 .comment       0x00000000       0x6f ./build/stm32f10x_it.o
 .debug_frame   0x00000000      0x10c ./build/stm32f10x_it.o
 .ARM.attributes
                0x00000000       0x33 ./build/stm32f10x_it.o
 .text          0x00000000      0x18c ./build/croutine.o
 .data          0x00000000        0x0 ./build/croutine.o
 .bss           0x00000000        0x0 ./build/croutine.o
 .debug_info    0x00000000      0x977 ./build/croutine.o
 .debug_abbrev  0x00000000      0x1e9 ./build/croutine.o
 .debug_loc     0x00000000      0x3a1 ./build/croutine.o
 .debug_aranges
                0x00000000       0x20 ./build/croutine.o
 .debug_line    0x00000000      0x1eb ./build/croutine.o
 .debug_str     0x00000000      0x81b ./build/croutine.o
 .comment       0x00000000       0x6f ./build/croutine.o
 .debug_frame   0x00000000      0x10c ./build/croutine.o
 .ARM.attributes
                0x00000000       0x33 ./build/croutine.o
 .text          0x00000000      0x18c ./build/event_groups.o
 .data          0x00000000        0x0 ./build/event_groups.o
 .bss           0x00000000        0x0 ./build/event_groups.o
 .debug_info    0x00000000      0x977 ./build/event_groups.o
 .debug_abbrev  0x00000000      0x1e9 ./build/event_groups.o
 .debug_loc     0x00000000      0x3a1 ./build/event_groups.o
 .debug_aranges
                0x00000000       0x20 ./build/event_groups.o
 .debug_line    0x00000000      0x1eb ./build/event_groups.o
 .debug_str     0x00000000      0x81b ./build/event_groups.o
 .comment       0x00000000       0x6f ./build/event_groups.o
 .debug_frame   0x00000000      0x10c ./build/event_groups.o
 .ARM.attributes
                0x00000000       0x33 ./build/event_groups.o
 .text          0x00000000      0x18c ./build/list.o
 .data          0x00000000        0x0 ./build/list.o
 .bss           0x00000000        0x0 ./build/list.o
 .debug_info    0x00000000      0x977 ./build/list.o
 .debug_abbrev  0x00000000      0x1e9 ./build/list.o
 .debug_loc     0x00000000      0x3a1 ./build/list.o
 .debug_aranges
                0x00000000       0x20 ./build/list.o
 .debug_line    0x00000000      0x1eb ./build/list.o
 .debug_str     0x00000000      0x81b ./build/list.o
 .comment       0x00000000       0x6f ./build/list.o
 .debug_frame   0x00000000      0x10c ./build/list.o
 .ARM.attributes
                0x00000000       0x33 ./build/list.o
 .text          0x00000000      0x18c ./build/queue.o
 .data          0x00000000        0x0 ./build/queue.o
 .bss           0x00000000        0x0 ./build/queue.o
 .debug_info    0x00000000      0x977 ./build/queue.o
 .debug_abbrev  0x00000000      0x1e9 ./build/queue.o
 .debug_loc     0x00000000      0x3a1 ./build/queue.o
 .debug_aranges
                0x00000000       0x20 ./build/queue.o
 .debug_line    0x00000000      0x1eb ./build/queue.o
 .debug_str     0x00000000      0x81b ./build/queue.o
 .comment       0x00000000       0x6f ./build/queue.o
 .debug_frame   0x00000000      0x10c ./build/queue.o
 .ARM.attributes
                0x00000000       0x33 ./build/queue.o
 .text          0x00000000      0x18c ./build/stream_buffer.o
 .data          0x00000000        0x0 ./build/stream_buffer.o
 .bss           0x00000000        0x0 ./build/stream_buffer.o
 .debug_info    0x00000000      0x977 ./build/stream_buffer.o
 .debug_abbrev  0x00000000      0x1e9 ./build/stream_buffer.o
 .debug_loc     0x00000000      0x3a1 ./build/stream_buffer.o
 .debug_aranges
                0x00000000       0x20 ./build/stream_buffer.o
 .debug_line    0x00000000      0x1eb ./build/stream_buffer.o
 .debug_str     0x00000000      0x81b ./build/stream_buffer.o
 .comment       0x00000000       0x6f ./build/stream_buffer.o
 .debug_frame   0x00000000      0x10c ./build/stream_buffer.o
 .ARM.attributes
                0x00000000       0x33 ./build/stream_buffer.o
 .text          0x00000000      0x18c ./build/tasks.o
 .data          0x00000000        0x0 ./build/tasks.o
 .bss           0x00000000        0x0 ./build/tasks.o
 .debug_info    0x00000000      0x977 ./build/tasks.o
 .debug_abbrev  0x00000000      0x1e9 ./build/tasks.o
 .debug_loc     0x00000000      0x3a1 ./build/tasks.o
 .debug_aranges
                0x00000000       0x20 ./build/tasks.o
 .debug_line    0x00000000      0x1eb ./build/tasks.o
 .debug_str     0x00000000      0x81b ./build/tasks.o
 .comment       0x00000000       0x6f ./build/tasks.o
 .debug_frame   0x00000000      0x10c ./build/tasks.o
 .ARM.attributes
                0x00000000       0x33 ./build/tasks.o
 .text          0x00000000      0x18c ./build/timers.o
 .data          0x00000000        0x0 ./build/timers.o
 .bss           0x00000000        0x0 ./build/timers.o
 .debug_info    0x00000000      0x977 ./build/timers.o
 .debug_abbrev  0x00000000      0x1e9 ./build/timers.o
 .debug_loc     0x00000000      0x3a1 ./build/timers.o
 .debug_aranges
                0x00000000       0x20 ./build/timers.o
 .debug_line    0x00000000      0x1eb ./build/timers.o
 .debug_str     0x00000000      0x81b ./build/timers.o
 .comment       0x00000000       0x6f ./build/timers.o
 .debug_frame   0x00000000      0x10c ./build/timers.o
 .ARM.attributes
                0x00000000       0x33 ./build/timers.o
 .text          0x00000000      0x18c ./build/port.o
 .data          0x00000000        0x0 ./build/port.o
 .bss           0x00000000        0x0 ./build/port.o
 .debug_info    0x00000000      0x977 ./build/port.o
 .debug_abbrev  0x00000000      0x1e9 ./build/port.o
 .debug_loc     0x00000000      0x3a1 ./build/port.o
 .debug_aranges
                0x00000000       0x20 ./build/port.o
 .debug_line    0x00000000      0x1eb ./build/port.o
 .debug_str     0x00000000      0x81b ./build/port.o
 .comment       0x00000000       0x6f ./build/port.o
 .debug_frame   0x00000000      0x10c ./build/port.o
 .ARM.attributes
                0x00000000       0x33 ./build/port.o
 .text          0x00000000      0x18c ./build/heap_4.o
 .data          0x00000000        0x0 ./build/heap_4.o
 .bss           0x00000000        0x0 ./build/heap_4.o
 .debug_info    0x00000000      0x977 ./build/heap_4.o
 .debug_abbrev  0x00000000      0x1e9 ./build/heap_4.o
 .debug_loc     0x00000000      0x3a1 ./build/heap_4.o
 .debug_aranges
                0x00000000       0x20 ./build/heap_4.o
 .debug_line    0x00000000      0x1eb ./build/heap_4.o
 .debug_str     0x00000000      0x81b ./build/heap_4.o
 .comment       0x00000000       0x6f ./build/heap_4.o
 .debug_frame   0x00000000      0x10c ./build/heap_4.o
 .ARM.attributes
                0x00000000       0x33 ./build/heap_4.o
 .text          0x00000000       0x14 ./build/startup_stm32f10x_md.o
 .data          0x00000000        0x0 ./build/startup_stm32f10x_md.o
 .bss           0x00000000        0x0 ./build/startup_stm32f10x_md.o

Memory Configuration

Name             Origin             Length             Attributes
FLASH            0x08000000         0x00040000         xr
RAM              0x20000000         0x00010000         xrw
MEMORY_B1        0x60000000         0x00000000         xr
*default*        0x00000000         0xffffffff

Linker script and memory map

LOAD ./build/bsp_usart.o
LOAD ./build/main.o
LOAD ./build/stm32f10x_it.o
LOAD ./build/croutine.o
LOAD ./build/event_groups.o
LOAD ./build/list.o
LOAD ./build/queue.o
LOAD ./build/stream_buffer.o
LOAD ./build/tasks.o
LOAD ./build/timers.o
LOAD ./build/port.o
LOAD ./build/heap_4.o
LOAD ./build/startup_stm32f10x_md.o
START GROUP
LOAD /home/rice/emba/gcc-arm-none-eabi/bin/../lib/gcc/arm-none-eabi/5.4.1/armv7-m/libgcc.a
LOAD /home/rice/emba/gcc-arm-none-eabi/bin/../lib/gcc/arm-none-eabi/5.4.1/../../../../arm-none-eabi/lib/armv7-m/libg_nano.a
LOAD /home/rice/emba/gcc-arm-none-eabi/bin/../lib/gcc/arm-none-eabi/5.4.1/../../../../arm-none-eabi/lib/armv7-m/libc_nano.a
END GROUP
START GROUP
LOAD /home/rice/emba/gcc-arm-none-eabi/bin/../lib/gcc/arm-none-eabi/5.4.1/armv7-m/libgcc.a
LOAD /home/rice/emba/gcc-arm-none-eabi/bin/../lib/gcc/arm-none-eabi/5.4.1/../../../../arm-none-eabi/lib/armv7-m/libc_nano.a
END GROUP
                0x20010000                _estack = 0x20010000
                0x00000000                _Min_Heap_Size = 0x0
                0x00000200                _Min_Stack_Size = 0x200

.isr_vector     0x08000000      0x10c
                0x08000000                . = ALIGN (0x4)
 *(.isr_vector)
 .isr_vector    0x08000000      0x10c ./build/startup_stm32f10x_md.o
                0x08000000                g_pfnVectors
                0x0800010c                . = ALIGN (0x4)

.text           0x0800010c       0x48
                0x0800010c                . = ALIGN (0x4)
 *(.text)
 *(.text*)
 .text.Reset_Handler
                0x0800010c       0x44 ./build/startup_stm32f10x_md.o
                0x0800010c                Reset_Handler
 .text.Default_Handler
                0x08000150        0x2 ./build/startup_stm32f10x_md.o
                0x08000150                EXTI2_IRQHandler
                0x08000150                DebugMon_Handler
                0x08000150                TIM1_CC_IRQHandler
                0x08000150                HardFault_Handler
                0x08000150                SysTick_Handler
                0x08000150                PVD_IRQHandler
                0x08000150                PendSV_Handler
                0x08000150                NMI_Handler
                0x08000150                EXTI3_IRQHandler
                0x08000150                EXTI0_IRQHandler
                0x08000150                I2C2_EV_IRQHandler
                0x08000150                UsageFault_Handler
                0x08000150                ADC1_2_IRQHandler
                0x08000150                SPI1_IRQHandler
                0x08000150                TAMPER_IRQHandler
                0x08000150                DMA1_Channel4_IRQHandler
                0x08000150                USART3_IRQHandler
                0x08000150                RTC_IRQHandler
                0x08000150                DMA1_Channel7_IRQHandler
                0x08000150                CAN1_RX1_IRQHandler
                0x08000150                TIM4_IRQHandler
                0x08000150                I2C1_EV_IRQHandler
                0x08000150                DMA1_Channel6_IRQHandler
                0x08000150                TIM3_IRQHandler
                0x08000150                RCC_IRQHandler
                0x08000150                TIM1_TRG_COM_IRQHandler
                0x08000150                DMA1_Channel1_IRQHandler
                0x08000150                Default_Handler
                0x08000150                EXTI15_10_IRQHandler
                0x08000150                EXTI9_5_IRQHandler
                0x08000150                SPI2_IRQHandler
                0x08000150                MemManage_Handler
                0x08000150                SVC_Handler
                0x08000150                DMA1_Channel5_IRQHandler
                0x08000150                EXTI4_IRQHandler
                0x08000150                USB_LP_CAN1_RX0_IRQHandler
                0x08000150                USB_HP_CAN1_TX_IRQHandler
                0x08000150                DMA1_Channel3_IRQHandler
                0x08000150                TIM1_UP_IRQHandler
                0x08000150                WWDG_IRQHandler
                0x08000150                TIM2_IRQHandler
                0x08000150                TIM1_BRK_IRQHandler
                0x08000150                EXTI1_IRQHandler
                0x08000150                RTCAlarm_IRQHandler
                0x08000150                USART2_IRQHandler
                0x08000150                I2C2_ER_IRQHandler
                0x08000150                DMA1_Channel2_IRQHandler
                0x08000150                CAN1_SCE_IRQHandler
                0x08000150                FLASH_IRQHandler
                0x08000150                BusFault_Handler
                0x08000150                USART1_IRQHandler
                0x08000150                I2C1_ER_IRQHandler
                0x08000150                USBWakeUp_IRQHandler
 *(.rodata)
 *(.rodata*)
 *(.glue_7)
 .glue_7        0x08000152        0x0 linker stubs
 *(.glue_7t)
 .glue_7t       0x08000152        0x0 linker stubs
 *(.init)
 *(.fini)
                0x08000154                . = ALIGN (0x4)
 *fill*         0x08000152        0x2 
                0x08000154                _etext = .

.vfp11_veneer   0x08000154        0x0
 .vfp11_veneer  0x08000154        0x0 linker stubs

.v4_bx          0x08000154        0x0
 .v4_bx         0x08000154        0x0 linker stubs

.iplt           0x08000154        0x0
 .iplt          0x08000154        0x0 ./build/bsp_usart.o

.rel.dyn        0x08000154        0x0
 .rel.iplt      0x08000154        0x0 ./build/bsp_usart.o

.ARM.extab
 *(.ARM.extab* .gnu.linkonce.armextab.*)

.ARM            0x08000154        0x0
                0x08000154                __exidx_start = .
 *(.ARM.exidx*)
                0x08000154                __exidx_end = .

.ARM.attributes
                0x08000154       0x31
 *(.ARM.attributes)
 .ARM.attributes
                0x08000154       0x21 ./build/startup_stm32f10x_md.o

.preinit_array  0x08000154        0x0
                [!provide]                PROVIDE (__preinit_array_start, .)
 *(.preinit_array*)
                [!provide]                PROVIDE (__preinit_array_end, .)

.init_array     0x08000154        0x0
                [!provide]                PROVIDE (__init_array_start, .)
 *(SORT(.init_array.*))
 *(.init_array*)
                [!provide]                PROVIDE (__init_array_end, .)

.fini_array     0x08000154        0x0
                [!provide]                PROVIDE (__fini_array_start, .)
 *(.fini_array*)
 *(SORT(.fini_array.*))
                [!provide]                PROVIDE (__fini_array_end, .)
                0x08000154                _sidata = .

.data           0x20000000        0x0 load address 0x08000175
                0x20000000                . = ALIGN (0x4)
                0x20000000                _sdata = .
 *(.data)
 *(.data*)
                0x20000000                . = ALIGN (0x4)
                0x20000000                _edata = .

.igot.plt       0x20000000        0x0
 .igot.plt      0x20000000        0x0 ./build/bsp_usart.o
                0x20000000                . = ALIGN (0x4)

.bss            0x20000000        0x0
                0x20000000                _sbss = .
                0x20000000                __bss_start__ = _sbss
 *(.bss)
 *(.bss*)
 *(COMMON)
                0x20000000                . = ALIGN (0x4)
                0x20000000                _ebss = .
                0x20000000                __bss_end__ = _ebss
                [!provide]                PROVIDE (end, _ebss)
                [!provide]                PROVIDE (_end, _ebss)

._user_heap_stack
                0x20000000      0x200
                0x20000000                . = ALIGN (0x4)
                0x20000000                . = (. + _Min_Heap_Size)
                0x20000200                . = (. + _Min_Stack_Size)
 *fill*         0x20000000      0x200 
                0x20000200                . = ALIGN (0x4)

.memory_b1_text
 *(.mb1text)
 *(.mb1text*)
 *(.mb1rodata)
 *(.mb1rodata*)

/DISCARD/
 libc.a(*)
 libm.a(*)
 libgcc.a(*)
OUTPUT(build/test.elf elf32-littlearm)

.debug_line     0x00000000       0x7a
 .debug_line    0x00000000       0x7a ./build/startup_stm32f10x_md.o

.debug_info     0x00000000       0x53
 .debug_info    0x00000000       0x53 ./build/startup_stm32f10x_md.o

.debug_abbrev   0x00000000       0x12
 .debug_abbrev  0x00000000       0x12 ./build/startup_stm32f10x_md.o

.debug_aranges  0x00000000       0x28
 .debug_aranges
                0x00000000       0x28 ./build/startup_stm32f10x_md.o

.debug_ranges   0x00000000       0x20
 .debug_ranges  0x00000000       0x20 ./build/startup_stm32f10x_md.o

Cross Reference Table

Symbol                                            File
ADC1_2_IRQHandler                                 ./build/startup_stm32f10x_md.o
BusFault_Handler                                  ./build/startup_stm32f10x_md.o
CAN1_RX1_IRQHandler                               ./build/startup_stm32f10x_md.o
CAN1_SCE_IRQHandler                               ./build/startup_stm32f10x_md.o
DMA1_Channel1_IRQHandler                          ./build/startup_stm32f10x_md.o
DMA1_Channel2_IRQHandler                          ./build/startup_stm32f10x_md.o
DMA1_Channel3_IRQHandler                          ./build/startup_stm32f10x_md.o
DMA1_Channel4_IRQHandler                          ./build/startup_stm32f10x_md.o
DMA1_Channel5_IRQHandler                          ./build/startup_stm32f10x_md.o
DMA1_Channel6_IRQHandler                          ./build/startup_stm32f10x_md.o
DMA1_Channel7_IRQHandler                          ./build/startup_stm32f10x_md.o
DebugMon_Handler                                  ./build/startup_stm32f10x_md.o
Default_Handler                                   ./build/startup_stm32f10x_md.o
EXTI0_IRQHandler                                  ./build/startup_stm32f10x_md.o
EXTI15_10_IRQHandler                              ./build/startup_stm32f10x_md.o
EXTI1_IRQHandler                                  ./build/startup_stm32f10x_md.o
EXTI2_IRQHandler                                  ./build/startup_stm32f10x_md.o
EXTI3_IRQHandler                                  ./build/startup_stm32f10x_md.o
EXTI4_IRQHandler                                  ./build/startup_stm32f10x_md.o
EXTI9_5_IRQHandler                                ./build/startup_stm32f10x_md.o
FLASH_IRQHandler                                  ./build/startup_stm32f10x_md.o
GPIO_Init                                         ./build/heap_4.o
                                                  ./build/port.o
                                                  ./build/timers.o
                                                  ./build/tasks.o
                                                  ./build/stream_buffer.o
                                                  ./build/queue.o
                                                  ./build/list.o
                                                  ./build/event_groups.o
                                                  ./build/croutine.o
                                                  ./build/stm32f10x_it.o
                                                  ./build/main.o
                                                  ./build/bsp_usart.o
HardFault_Handler                                 ./build/startup_stm32f10x_md.o
I2C1_ER_IRQHandler                                ./build/startup_stm32f10x_md.o
I2C1_EV_IRQHandler                                ./build/startup_stm32f10x_md.o
I2C2_ER_IRQHandler                                ./build/startup_stm32f10x_md.o
I2C2_EV_IRQHandler                                ./build/startup_stm32f10x_md.o
MemManage_Handler                                 ./build/startup_stm32f10x_md.o
NMI_Handler                                       ./build/startup_stm32f10x_md.o
NVIC_Init                                         ./build/heap_4.o
                                                  ./build/port.o
                                                  ./build/timers.o
                                                  ./build/tasks.o
                                                  ./build/stream_buffer.o
                                                  ./build/queue.o
                                                  ./build/list.o
                                                  ./build/event_groups.o
                                                  ./build/croutine.o
                                                  ./build/stm32f10x_it.o
                                                  ./build/main.o
                                                  ./build/bsp_usart.o
NVIC_PriorityGroupConfig                          ./build/heap_4.o
                                                  ./build/port.o
                                                  ./build/timers.o
                                                  ./build/tasks.o
                                                  ./build/stream_buffer.o
                                                  ./build/queue.o
                                                  ./build/list.o
                                                  ./build/event_groups.o
                                                  ./build/croutine.o
                                                  ./build/stm32f10x_it.o
                                                  ./build/main.o
                                                  ./build/bsp_usart.o
PVD_IRQHandler                                    ./build/startup_stm32f10x_md.o
PendSV_Handler                                    ./build/startup_stm32f10x_md.o
RCC_APB2PeriphClockCmd                            ./build/heap_4.o
                                                  ./build/port.o
                                                  ./build/timers.o
                                                  ./build/tasks.o
                                                  ./build/stream_buffer.o
                                                  ./build/queue.o
                                                  ./build/list.o
                                                  ./build/event_groups.o
                                                  ./build/croutine.o
                                                  ./build/stm32f10x_it.o
                                                  ./build/main.o
                                                  ./build/bsp_usart.o
RCC_IRQHandler                                    ./build/startup_stm32f10x_md.o
RTCAlarm_IRQHandler                               ./build/startup_stm32f10x_md.o
RTC_IRQHandler                                    ./build/startup_stm32f10x_md.o
Reset_Handler                                     ./build/startup_stm32f10x_md.o
SPI1_IRQHandler                                   ./build/startup_stm32f10x_md.o
SPI2_IRQHandler                                   ./build/startup_stm32f10x_md.o
SVC_Handler                                       ./build/startup_stm32f10x_md.o
SysTick_Handler                                   ./build/startup_stm32f10x_md.o
SystemInit                                        ./build/startup_stm32f10x_md.o
TAMPER_IRQHandler                                 ./build/startup_stm32f10x_md.o
TIM1_BRK_IRQHandler                               ./build/startup_stm32f10x_md.o
TIM1_CC_IRQHandler                                ./build/startup_stm32f10x_md.o
TIM1_TRG_COM_IRQHandler                           ./build/startup_stm32f10x_md.o
TIM1_UP_IRQHandler                                ./build/startup_stm32f10x_md.o
TIM2_IRQHandler                                   ./build/startup_stm32f10x_md.o
TIM3_IRQHandler                                   ./build/startup_stm32f10x_md.o
TIM4_IRQHandler                                   ./build/startup_stm32f10x_md.o
USART1_IRQHandler                                 ./build/startup_stm32f10x_md.o
USART2_IRQHandler                                 ./build/startup_stm32f10x_md.o
USART3_IRQHandler                                 ./build/startup_stm32f10x_md.o
USART_Cmd                                         ./build/heap_4.o
                                                  ./build/port.o
                                                  ./build/timers.o
                                                  ./build/tasks.o
                                                  ./build/stream_buffer.o
                                                  ./build/queue.o
                                                  ./build/list.o
                                                  ./build/event_groups.o
                                                  ./build/croutine.o
                                                  ./build/stm32f10x_it.o
                                                  ./build/main.o
                                                  ./build/bsp_usart.o
USART_Conf                                        ./build/heap_4.o
                                                  ./build/port.o
                                                  ./build/timers.o
                                                  ./build/tasks.o
                                                  ./build/stream_buffer.o
                                                  ./build/queue.o
                                                  ./build/list.o
                                                  ./build/event_groups.o
                                                  ./build/croutine.o
                                                  ./build/stm32f10x_it.o
                                                  ./build/main.o
                                                  ./build/bsp_usart.o
USART_GetFlagStatus                               ./build/heap_4.o
                                                  ./build/port.o
                                                  ./build/timers.o
                                                  ./build/tasks.o
                                                  ./build/stream_buffer.o
                                                  ./build/queue.o
                                                  ./build/list.o
                                                  ./build/event_groups.o
                                                  ./build/croutine.o
                                                  ./build/stm32f10x_it.o
                                                  ./build/main.o
                                                  ./build/bsp_usart.o
USART_ITConfig                                    ./build/heap_4.o
                                                  ./build/port.o
                                                  ./build/timers.o
                                                  ./build/tasks.o
                                                  ./build/stream_buffer.o
                                                  ./build/queue.o
                                                  ./build/list.o
                                                  ./build/event_groups.o
                                                  ./build/croutine.o
                                                  ./build/stm32f10x_it.o
                                                  ./build/main.o
                                                  ./build/bsp_usart.o
USART_Init                                        ./build/heap_4.o
                                                  ./build/port.o
                                                  ./build/timers.o
                                                  ./build/tasks.o
                                                  ./build/stream_buffer.o
                                                  ./build/queue.o
                                                  ./build/list.o
                                                  ./build/event_groups.o
                                                  ./build/croutine.o
                                                  ./build/stm32f10x_it.o
                                                  ./build/main.o
                                                  ./build/bsp_usart.o
USART_SendArray                                   ./build/heap_4.o
                                                  ./build/port.o
                                                  ./build/timers.o
                                                  ./build/tasks.o
                                                  ./build/stream_buffer.o
                                                  ./build/queue.o
                                                  ./build/list.o
                                                  ./build/event_groups.o
                                                  ./build/croutine.o
                                                  ./build/stm32f10x_it.o
                                                  ./build/main.o
                                                  ./build/bsp_usart.o
USART_SendByte                                    ./build/heap_4.o
                                                  ./build/port.o
                                                  ./build/timers.o
                                                  ./build/tasks.o
                                                  ./build/stream_buffer.o
                                                  ./build/queue.o
                                                  ./build/list.o
                                                  ./build/event_groups.o
                                                  ./build/croutine.o
                                                  ./build/stm32f10x_it.o
                                                  ./build/main.o
                                                  ./build/bsp_usart.o
USART_SendData                                    ./build/heap_4.o
                                                  ./build/port.o
                                                  ./build/timers.o
                                                  ./build/tasks.o
                                                  ./build/stream_buffer.o
                                                  ./build/queue.o
                                                  ./build/list.o
                                                  ./build/event_groups.o
                                                  ./build/croutine.o
                                                  ./build/stm32f10x_it.o
                                                  ./build/main.o
                                                  ./build/bsp_usart.o
USART_SendHalfWord                                ./build/heap_4.o
                                                  ./build/port.o
                                                  ./build/timers.o
                                                  ./build/tasks.o
                                                  ./build/stream_buffer.o
                                                  ./build/queue.o
                                                  ./build/list.o
                                                  ./build/event_groups.o
                                                  ./build/croutine.o
                                                  ./build/stm32f10x_it.o
                                                  ./build/main.o
                                                  ./build/bsp_usart.o
USART_SendStr                                     ./build/heap_4.o
                                                  ./build/port.o
                                                  ./build/timers.o
                                                  ./build/tasks.o
                                                  ./build/stream_buffer.o
                                                  ./build/queue.o
                                                  ./build/list.o
                                                  ./build/event_groups.o
                                                  ./build/croutine.o
                                                  ./build/stm32f10x_it.o
                                                  ./build/main.o
                                                  ./build/bsp_usart.o
USBWakeUp_IRQHandler                              ./build/startup_stm32f10x_md.o
USB_HP_CAN1_TX_IRQHandler                         ./build/startup_stm32f10x_md.o
USB_LP_CAN1_RX0_IRQHandler                        ./build/startup_stm32f10x_md.o
UsageFault_Handler                                ./build/startup_stm32f10x_md.o
WWDG_IRQHandler                                   ./build/startup_stm32f10x_md.o
_ebss                                             ./build/startup_stm32f10x_md.o
_edata                                            ./build/startup_stm32f10x_md.o
_estack                                           ./build/startup_stm32f10x_md.o
_sbss                                             ./build/startup_stm32f10x_md.o
_sdata                                            ./build/startup_stm32f10x_md.o
_sidata                                           ./build/startup_stm32f10x_md.o
_write                                            ./build/heap_4.o
                                                  ./build/port.o
                                                  ./build/timers.o
                                                  ./build/tasks.o
                                                  ./build/stream_buffer.o
                                                  ./build/queue.o
                                                  ./build/list.o
                                                  ./build/event_groups.o
                                                  ./build/croutine.o
                                                  ./build/stm32f10x_it.o
                                                  ./build/main.o
                                                  ./build/bsp_usart.o
g_pfnVectors                                      ./build/startup_stm32f10x_md.o
main                                              ./build/startup_stm32f10x_md.o
