Archive member included to satisfy reference by file (symbol)

/home/rice/embedded/gcc-arm-none-eabi-10.3-2021.10/bin/../lib/gcc/arm-none-eabi/10.3.1/../../../../arm-none-eabi/lib/thumb/v7-m/nofp/libg_nano.a(lib_a-exit.o)
                              /home/rice/embedded/gcc-arm-none-eabi-10.3-2021.10/bin/../lib/gcc/arm-none-eabi/10.3.1/../../../../arm-none-eabi/lib/thumb/v7-m/nofp/crt0.o (exit)
/home/rice/embedded/gcc-arm-none-eabi-10.3-2021.10/bin/../lib/gcc/arm-none-eabi/10.3.1/../../../../arm-none-eabi/lib/thumb/v7-m/nofp/libg_nano.a(lib_a-impure.o)
                              /home/rice/embedded/gcc-arm-none-eabi-10.3-2021.10/bin/../lib/gcc/arm-none-eabi/10.3.1/../../../../arm-none-eabi/lib/thumb/v7-m/nofp/libg_nano.a(lib_a-exit.o) (_global_impure_ptr)
/home/rice/embedded/gcc-arm-none-eabi-10.3-2021.10/bin/../lib/gcc/arm-none-eabi/10.3.1/../../../../arm-none-eabi/lib/thumb/v7-m/nofp/libg_nano.a(lib_a-init.o)
                              /home/rice/embedded/gcc-arm-none-eabi-10.3-2021.10/bin/../lib/gcc/arm-none-eabi/10.3.1/../../../../arm-none-eabi/lib/thumb/v7-m/nofp/crt0.o (__libc_init_array)
/home/rice/embedded/gcc-arm-none-eabi-10.3-2021.10/bin/../lib/gcc/arm-none-eabi/10.3.1/../../../../arm-none-eabi/lib/thumb/v7-m/nofp/libg_nano.a(lib_a-memcpy-stub.o)
                              CMakeFiles/vscodeSTM32.elf.dir/freertos/queue.c.obj (memcpy)
/home/rice/embedded/gcc-arm-none-eabi-10.3-2021.10/bin/../lib/gcc/arm-none-eabi/10.3.1/../../../../arm-none-eabi/lib/thumb/v7-m/nofp/libg_nano.a(lib_a-memset.o)
                              /home/rice/embedded/gcc-arm-none-eabi-10.3-2021.10/bin/../lib/gcc/arm-none-eabi/10.3.1/../../../../arm-none-eabi/lib/thumb/v7-m/nofp/crt0.o (memset)
/home/rice/embedded/gcc-arm-none-eabi-10.3-2021.10/bin/../lib/gcc/arm-none-eabi/10.3.1/../../../../arm-none-eabi/lib/thumb/v7-m/nofp/libg_nano.a(lib_a-nano-vfprintf_float.o)
                              (_printf_float)
/home/rice/embedded/gcc-arm-none-eabi-10.3-2021.10/bin/../lib/gcc/arm-none-eabi/10.3.1/../../../../arm-none-eabi/lib/thumb/v7-m/nofp/libg_nano.a(lib_a-nano-vfprintf_i.o)
                              /home/rice/embedded/gcc-arm-none-eabi-10.3-2021.10/bin/../lib/gcc/arm-none-eabi/10.3.1/../../../../arm-none-eabi/lib/thumb/v7-m/nofp/libg_nano.a(lib_a-nano-vfprintf_float.o) (_printf_common)
/home/rice/embedded/gcc-arm-none-eabi-10.3-2021.10/bin/../lib/gcc/arm-none-eabi/10.3.1/../../../../arm-none-eabi/lib/thumb/v7-m/nofp/libg_nano.a(lib_a-puts.o)
                              CMakeFiles/vscodeSTM32.elf.dir/user/main.c.obj (puts)
/home/rice/embedded/gcc-arm-none-eabi-10.3-2021.10/bin/../lib/gcc/arm-none-eabi/10.3.1/../../../../arm-none-eabi/lib/thumb/v7-m/nofp/libg_nano.a(lib_a-strlen.o)
                              /home/rice/embedded/gcc-arm-none-eabi-10.3-2021.10/bin/../lib/gcc/arm-none-eabi/10.3.1/../../../../arm-none-eabi/lib/thumb/v7-m/nofp/libg_nano.a(lib_a-nano-vfprintf_float.o) (strlen)
/home/rice/embedded/gcc-arm-none-eabi-10.3-2021.10/bin/../lib/gcc/arm-none-eabi/10.3.1/../../../../arm-none-eabi/lib/thumb/v7-m/nofp/libg_nano.a(lib_a-wbuf.o)
                              /home/rice/embedded/gcc-arm-none-eabi-10.3-2021.10/bin/../lib/gcc/arm-none-eabi/10.3.1/../../../../arm-none-eabi/lib/thumb/v7-m/nofp/libg_nano.a(lib_a-puts.o) (__swbuf_r)
/home/rice/embedded/gcc-arm-none-eabi-10.3-2021.10/bin/../lib/gcc/arm-none-eabi/10.3.1/../../../../arm-none-eabi/lib/thumb/v7-m/nofp/libg_nano.a(lib_a-wsetup.o)
                              /home/rice/embedded/gcc-arm-none-eabi-10.3-2021.10/bin/../lib/gcc/arm-none-eabi/10.3.1/../../../../arm-none-eabi/lib/thumb/v7-m/nofp/libg_nano.a(lib_a-puts.o) (__swsetup_r)
/home/rice/embedded/gcc-arm-none-eabi-10.3-2021.10/bin/../lib/gcc/arm-none-eabi/10.3.1/../../../../arm-none-eabi/lib/thumb/v7-m/nofp/libg_nano.a(lib_a-dtoa.o)
                              /home/rice/embedded/gcc-arm-none-eabi-10.3-2021.10/bin/../lib/gcc/arm-none-eabi/10.3.1/../../../../arm-none-eabi/lib/thumb/v7-m/nofp/libg_nano.a(lib_a-nano-vfprintf_float.o) (_dtoa_r)
/home/rice/embedded/gcc-arm-none-eabi-10.3-2021.10/bin/../lib/gcc/arm-none-eabi/10.3.1/../../../../arm-none-eabi/lib/thumb/v7-m/nofp/libg_nano.a(lib_a-fflush.o)
                              /home/rice/embedded/gcc-arm-none-eabi-10.3-2021.10/bin/../lib/gcc/arm-none-eabi/10.3.1/../../../../arm-none-eabi/lib/thumb/v7-m/nofp/libg_nano.a(lib_a-wbuf.o) (_fflush_r)
/home/rice/embedded/gcc-arm-none-eabi-10.3-2021.10/bin/../lib/gcc/arm-none-eabi/10.3.1/../../../../arm-none-eabi/lib/thumb/v7-m/nofp/libg_nano.a(lib_a-findfp.o)
                              /home/rice/embedded/gcc-arm-none-eabi-10.3-2021.10/bin/../lib/gcc/arm-none-eabi/10.3.1/../../../../arm-none-eabi/lib/thumb/v7-m/nofp/libg_nano.a(lib_a-puts.o) (__sinit)
/home/rice/embedded/gcc-arm-none-eabi-10.3-2021.10/bin/../lib/gcc/arm-none-eabi/10.3.1/../../../../arm-none-eabi/lib/thumb/v7-m/nofp/libg_nano.a(lib_a-fwalk.o)
[...]
Memory Configuration

Name             Origin             Length             Attributes
RAM              0x0000000020000000 0x0000000000010000 xrw
FLASH            0x0000000008000000 0x0000000000080000 xr
*default*        0x0000000000000000 0xffffffffffffffff

Linker script and memory map

LOAD /home/rice/embedded/gcc-arm-none-eabi-10.3-2021.10/bin/../lib/gcc/arm-none-eabi/10.3.1/thumb/v7-m/nofp/crti.o
LOAD /home/rice/embedded/gcc-arm-none-eabi-10.3-2021.10/bin/../lib/gcc/arm-none-eabi/10.3.1/thumb/v7-m/nofp/crtbegin.o
LOAD /home/rice/embedded/gcc-arm-none-eabi-10.3-2021.10/bin/../lib/gcc/arm-none-eabi/10.3.1/../../../../arm-none-eabi/lib/thumb/v7-m/nofp/crt0.o
LOAD CMakeFiles/vscodeSTM32.elf.dir/freertos/croutine.c.obj
LOAD CMakeFiles/vscodeSTM32.elf.dir/freertos/event_groups.c.obj
LOAD CMakeFiles/vscodeSTM32.elf.dir/freertos/list.c.obj
LOAD CMakeFiles/vscodeSTM32.elf.dir/freertos/portable/GCC/ARM_CM3/port.c.obj
LOAD CMakeFiles/vscodeSTM32.elf.dir/freertos/portable/MemMang/heap_4.c.obj
LOAD CMakeFiles/vscodeSTM32.elf.dir/freertos/queue.c.obj
LOAD CMakeFiles/vscodeSTM32.elf.dir/freertos/stream_buffer.c.obj
LOAD CMakeFiles/vscodeSTM32.elf.dir/freertos/tasks.c.obj
LOAD CMakeFiles/vscodeSTM32.elf.dir/freertos/timers.c.obj
LOAD CMakeFiles/vscodeSTM32.elf.dir/fwlib/CMSIS/core_cm3.c.obj
LOAD CMakeFiles/vscodeSTM32.elf.dir/fwlib/CMSIS/system_stm32f10x.c.obj
LOAD CMakeFiles/vscodeSTM32.elf.dir/fwlib/STM32F10x_StdPeriph_Driver/src/misc.c.obj
LOAD CMakeFiles/vscodeSTM32.elf.dir/fwlib/STM32F10x_StdPeriph_Driver/src/stm32f10x_adc.c.obj
LOAD CMakeFiles/vscodeSTM32.elf.dir/fwlib/STM32F10x_StdPeriph_Driver/src/stm32f10x_bkp.c.obj
LOAD CMakeFiles/vscodeSTM32.elf.dir/fwlib/STM32F10x_StdPeriph_Driver/src/stm32f10x_can.c.obj
LOAD CMakeFiles/vscodeSTM32.elf.dir/fwlib/STM32F10x_StdPeriph_Driver/src/stm32f10x_cec.c.obj
LOAD CMakeFiles/vscodeSTM32.elf.dir/fwlib/STM32F10x_StdPeriph_Driver/src/stm32f10x_crc.c.obj
LOAD CMakeFiles/vscodeSTM32.elf.dir/fwlib/STM32F10x_StdPeriph_Driver/src/stm32f10x_dac.c.obj
LOAD CMakeFiles/vscodeSTM32.elf.dir/fwlib/STM32F10x_StdPeriph_Driver/src/stm32f10x_dbgmcu.c.obj
LOAD CMakeFiles/vscodeSTM32.elf.dir/fwlib/STM32F10x_StdPeriph_Driver/src/stm32f10x_dma.c.obj
LOAD CMakeFiles/vscodeSTM32.elf.dir/fwlib/STM32F10x_StdPeriph_Driver/src/stm32f10x_exti.c.obj
LOAD CMakeFiles/vscodeSTM32.elf.dir/fwlib/STM32F10x_StdPeriph_Driver/src/stm32f10x_flash.c.obj
LOAD CMakeFiles/vscodeSTM32.elf.dir/fwlib/STM32F10x_StdPeriph_Driver/src/stm32f10x_fsmc.c.obj
LOAD CMakeFiles/vscodeSTM32.elf.dir/fwlib/STM32F10x_StdPeriph_Driver/src/stm32f10x_gpio.c.obj
LOAD CMakeFiles/vscodeSTM32.elf.dir/fwlib/STM32F10x_StdPeriph_Driver/src/stm32f10x_i2c.c.obj
LOAD CMakeFiles/vscodeSTM32.elf.dir/fwlib/STM32F10x_StdPeriph_Driver/src/stm32f10x_iwdg.c.obj
LOAD CMakeFiles/vscodeSTM32.elf.dir/fwlib/STM32F10x_StdPeriph_Driver/src/stm32f10x_pwr.c.obj
LOAD CMakeFiles/vscodeSTM32.elf.dir/fwlib/STM32F10x_StdPeriph_Driver/src/stm32f10x_rcc.c.obj
LOAD CMakeFiles/vscodeSTM32.elf.dir/fwlib/STM32F10x_StdPeriph_Driver/src/stm32f10x_rtc.c.obj
LOAD CMakeFiles/vscodeSTM32.elf.dir/fwlib/STM32F10x_StdPeriph_Driver/src/stm32f10x_sdio.c.obj
LOAD CMakeFiles/vscodeSTM32.elf.dir/fwlib/STM32F10x_StdPeriph_Driver/src/stm32f10x_spi.c.obj
LOAD CMakeFiles/vscodeSTM32.elf.dir/fwlib/STM32F10x_StdPeriph_Driver/src/stm32f10x_tim.c.obj
LOAD CMakeFiles/vscodeSTM32.elf.dir/fwlib/STM32F10x_StdPeriph_Driver/src/stm32f10x_usart.c.obj
LOAD CMakeFiles/vscodeSTM32.elf.dir/fwlib/STM32F10x_StdPeriph_Driver/src/stm32f10x_wwdg.c.obj
LOAD CMakeFiles/vscodeSTM32.elf.dir/startup/startup_stm32f103zetx.s.obj
LOAD CMakeFiles/vscodeSTM32.elf.dir/user/bsp_usart.c.obj
LOAD CMakeFiles/vscodeSTM32.elf.dir/user/main.c.obj
LOAD CMakeFiles/vscodeSTM32.elf.dir/user/stm32f10x_it.c.obj
START GROUP
LOAD /home/rice/embedded/gcc-arm-none-eabi-10.3-2021.10/bin/../lib/gcc/arm-none-eabi/10.3.1/thumb/v7-m/nofp/libgcc.a
LOAD /home/rice/embedded/gcc-arm-none-eabi-10.3-2021.10/bin/../lib/gcc/arm-none-eabi/10.3.1/../../../../arm-none-eabi/lib/thumb/v7-m/nofp/libg_nano.a
LOAD /home/rice/embedded/gcc-arm-none-eabi-10.3-2021.10/bin/../lib/gcc/arm-none-eabi/10.3.1/../../../../arm-none-eabi/lib/thumb/v7-m/nofp/libc_nano.a
END GROUP
START GROUP
LOAD /home/rice/embedded/gcc-arm-none-eabi-10.3-2021.10/bin/../lib/gcc/arm-none-eabi/10.3.1/thumb/v7-m/nofp/libgcc.a
LOAD /home/rice/embedded/gcc-arm-none-eabi-10.3-2021.10/bin/../lib/gcc/arm-none-eabi/10.3.1/../../../../arm-none-eabi/lib/thumb/v7-m/nofp/libc_nano.a
LOAD /home/rice/embedded/gcc-arm-none-eabi-10.3-2021.10/bin/../lib/gcc/arm-none-eabi/10.3.1/../../../../arm-none-eabi/lib/thumb/v7-m/nofp/libnosys.a
END GROUP
START GROUP
LOAD /home/rice/embedded/gcc-arm-none-eabi-10.3-2021.10/bin/../lib/gcc/arm-none-eabi/10.3.1/thumb/v7-m/nofp/libgcc.a
LOAD /home/rice/embedded/gcc-arm-none-eabi-10.3-2021.10/bin/../lib/gcc/arm-none-eabi/10.3.1/../../../../arm-none-eabi/lib/thumb/v7-m/nofp/libc_nano.a
LOAD /home/rice/embedded/gcc-arm-none-eabi-10.3-2021.10/bin/../lib/gcc/arm-none-eabi/10.3.1/../../../../arm-none-eabi/lib/thumb/v7-m/nofp/libnosys.a
END GROUP
LOAD /home/rice/embedded/gcc-arm-none-eabi-10.3-2021.10/bin/../lib/gcc/arm-none-eabi/10.3.1/thumb/v7-m/nofp/crtend.o
LOAD /home/rice/embedded/gcc-arm-none-eabi-10.3-2021.10/bin/../lib/gcc/arm-none-eabi/10.3.1/thumb/v7-m/nofp/crtn.o
                0x0000000020010000                _estack = (ORIGIN (RAM) + LENGTH (RAM))
                0x0000000000000200                _Min_Heap_Size = 0x200
                0x0000000000000400                _Min_Stack_Size = 0x400

.isr_vector     0x0000000008000000      0x1e4
                0x0000000008000000                . = ALIGN (0x4)
 *(.isr_vector)
 .isr_vector    0x0000000008000000      0x1e4 CMakeFiles/vscodeSTM32.elf.dir/startup/startup_stm32f103zetx.s.obj
                0x0000000008000000                g_pfnVectors
                0x00000000080001e4                . = ALIGN (0x4)

.text           0x00000000080001f0     0x4910
                0x00000000080001f0                . = ALIGN (0x4)
 *(.text)
 .text          0x00000000080001f0       0x40 /home/rice/embedded/gcc-arm-none-eabi-10.3-2021.10/bin/../lib/gcc/arm-none-eabi/10.3.1/thumb/v7-m/nofp/crtbegin.o
 .text          0x0000000008000230       0x10 /home/rice/embedded/gcc-arm-none-eabi-10.3-2021.10/bin/../lib/gcc/arm-none-eabi/10.3.1/../../../../arm-none-eabi/lib/thumb/v7-m/nofp/libg_nano.a(lib_a-strlen.o)
                0x0000000008000230                strlen
 .text          0x0000000008000240      0x378 /home/rice/embedded/gcc-arm-none-eabi-10.3-2021.10/bin/../lib/gcc/arm-none-eabi/10.3.1/thumb/v7-m/nofp/libgcc.a(_arm_addsubdf3.o)
                0x0000000008000240                __aeabi_drsub
                0x0000000008000248                __aeabi_dsub
                0x0000000008000248                __subdf3
                0x000000000800024c                __adddf3
                0x000000000800024c                __aeabi_dadd
                0x00000000080004c4                __aeabi_ui2d
                0x00000000080004c4                __floatunsidf
                0x00000000080004e4                __floatsidf
                0x00000000080004e4                __aeabi_i2d
                0x0000000008000508                __extendsfdf2
                0x0000000008000508                __aeabi_f2d
                0x000000000800054c                __aeabi_ul2d
                0x000000000800054c                __floatundidf
                0x000000000800055c                __floatdidf
                0x000000000800055c                __aeabi_l2d
 .text          0x00000000080005b8      0x424 /home/rice/embedded/gcc-arm-none-eabi-10.3-2021.10/bin/../lib/gcc/arm-none-eabi/10.3.1/thumb/v7-m/nofp/libgcc.a(_arm_muldivdf3.o)
                0x00000000080005b8                __aeabi_dmul
                0x00000000080005b8                __muldf3
                0x000000000800080c                __aeabi_ddiv
                0x000000000800080c                __divdf3
 .text          0x00000000080009dc      0x110 /home/rice/embedded/gcc-arm-none-eabi-10.3-2021.10/bin/../lib/gcc/arm-none-eabi/10.3.1/thumb/v7-m/nofp/libgcc.a(_arm_cmpdf2.o)
                0x00000000080009dc                __gtdf2
                0x00000000080009dc                __gedf2
                0x00000000080009e4                __ltdf2
                0x00000000080009e4                __ledf2
                0x00000000080009ec                __cmpdf2
                0x00000000080009ec                __eqdf2
                0x00000000080009ec                __nedf2
                0x0000000008000a68                __aeabi_cdrcmple
                0x0000000008000a78                __aeabi_cdcmple
                0x0000000008000a78                __aeabi_cdcmpeq
                0x0000000008000a88                __aeabi_dcmpeq
                0x0000000008000a9c                __aeabi_dcmplt
                0x0000000008000ab0                __aeabi_dcmple
                0x0000000008000ac4                __aeabi_dcmpge
                0x0000000008000ad8                __aeabi_dcmpgt
 .text          0x0000000008000aec       0x2c /home/rice/embedded/gcc-arm-none-eabi-10.3-2021.10/bin/../lib/gcc/arm-none-eabi/10.3.1/thumb/v7-m/nofp/libgcc.a(_arm_unorddf2.o)
                0x0000000008000aec                __aeabi_dcmpun
                0x0000000008000aec                __unorddf2
 .text          0x0000000008000b18       0x50 /home/rice/embedded/gcc-arm-none-eabi-10.3-2021.10/bin/../lib/gcc/arm-none-eabi/10.3.1/thumb/v7-m/nofp/libgcc.a(_arm_fixdfsi.o)
                0x0000000008000b18                __fixdfsi
                0x0000000008000b18                __aeabi_d2iz
 *(.text*)
 .text.vListInitialise
                0x0000000008000b68       0x16 CMakeFiles/vscodeSTM32.elf.dir/freertos/list.c.obj
                0x0000000008000b68                vListInitialise
 .text.vListInitialiseItem
                0x0000000008000b7e        0x6 CMakeFiles/vscodeSTM32.elf.dir/freertos/list.c.obj
                0x0000000008000b7e                vListInitialiseItem
 .text.vListInsert
                0x0000000008000b84       0x32 CMakeFiles/vscodeSTM32.elf.dir/freertos/list.c.obj
                0x0000000008000b84                vListInsert
 .text.uxListRemove
                0x0000000008000bb6       0x26 CMakeFiles/vscodeSTM32.elf.dir/freertos/list.c.obj
                0x0000000008000bb6                uxListRemove
 .text.prvTaskExitError
                0x0000000008000bdc       0x20 CMakeFiles/vscodeSTM32.elf.dir/freertos/portable/GCC/ARM_CM3/port.c.obj
 .text.prvPortStartFirstTask
                0x0000000008000bfc       0x20 CMakeFiles/vscodeSTM32.elf.dir/freertos/portable/GCC/ARM_CM3/port.c.obj
 .text.pxPortInitialiseStack
                0x0000000008000c1c       0x24 CMakeFiles/vscodeSTM32.elf.dir/freertos/portable/GCC/ARM_CM3/port.c.obj
                0x0000000008000c1c                pxPortInitialiseStack
 .text.SVC_Handler
                0x0000000008000c40       0x24 CMakeFiles/vscodeSTM32.elf.dir/freertos/portable/GCC/ARM_CM3/port.c.obj
                0x0000000008000c40                SVC_Handler
 .text.vPortEnterCritical
                0x0000000008000c64       0x20 CMakeFiles/vscodeSTM32.elf.dir/freertos/portable/GCC/ARM_CM3/port.c.obj
                0x0000000008000c64                vPortEnterCritical
 .text.vPortExitCritical
                0x0000000008000c84       0x14 CMakeFiles/vscodeSTM32.elf.dir/freertos/portable/GCC/ARM_CM3/port.c.obj
                0x0000000008000c84                vPortExitCritical
 *fill*         0x0000000008000c98        0x8 
 .text.PendSV_Handler
                0x0000000008000ca0       0x44 CMakeFiles/vscodeSTM32.elf.dir/freertos/portable/GCC/ARM_CM3/port.c.obj
                0x0000000008000ca0                PendSV_Handler
 .text.SysTick_Handler
                0x0000000008000ce4       0x2c CMakeFiles/vscodeSTM32.elf.dir/freertos/portable/GCC/ARM_CM3/port.c.obj
                0x0000000008000ce4                SysTick_Handler
 .text.vPortSetupTimerInterrupt
                0x0000000008000d10       0x18 CMakeFiles/vscodeSTM32.elf.dir/freertos/portable/GCC/ARM_CM3/port.c.obj
                0x0000000008000d10                vPortSetupTimerInterrupt
 .text.xPortStartScheduler
                0x0000000008000d28       0x3c CMakeFiles/vscodeSTM32.elf.dir/freertos/portable/GCC/ARM_CM3/port.c.obj
                0x0000000008000d28                xPortStartScheduler
 .text.prvHeapInit
                0x0000000008000d64       0x58 CMakeFiles/vscodeSTM32.elf.dir/freertos/portable/MemMang/heap_4.c.obj
 .text.prvInsertBlockIntoFreeList
                0x0000000008000dbc       0x60 CMakeFiles/vscodeSTM32.elf.dir/freertos/portable/MemMang/heap_4.c.obj
 .text.pvPortMalloc
                0x0000000008000e1c       0xc8 CMakeFiles/vscodeSTM32.elf.dir/freertos/portable/MemMang/heap_4.c.obj
                0x0000000008000e1c                pvPortMalloc
 .text.vPortFree
                0x0000000008000ee4       0x50 CMakeFiles/vscodeSTM32.elf.dir/freertos/portable/MemMang/heap_4.c.obj
                0x0000000008000ee4                vPortFree
 .text.prvResetNextTaskUnblockTime
                0x0000000008000f34       0x28 CMakeFiles/vscodeSTM32.elf.dir/freertos/tasks.c.obj
 .text.prvDeleteTCB
                0x0000000008000f5c       0x12 CMakeFiles/vscodeSTM32.elf.dir/freertos/tasks.c.obj
 .text.prvInitialiseNewTask
                0x0000000008000f6e       0x88 CMakeFiles/vscodeSTM32.elf.dir/freertos/tasks.c.obj
 *fill*         0x0000000008000ff6        0x2 
 .text.prvInitialiseTaskLists
                0x0000000008000ff8       0x68 CMakeFiles/vscodeSTM32.elf.dir/freertos/tasks.c.obj
 .text.prvAddNewTaskToReadyList
                0x0000000008001060       0xc4 CMakeFiles/vscodeSTM32.elf.dir/freertos/tasks.c.obj
 .text.prvCheckTasksWaitingTermination
                0x0000000008001124       0x4c CMakeFiles/vscodeSTM32.elf.dir/freertos/tasks.c.obj
 .text.prvIdleTask
                0x0000000008001170       0x28 CMakeFiles/vscodeSTM32.elf.dir/freertos/tasks.c.obj
 .text.prvAddCurrentTaskToDelayedList
                0x0000000008001198       0xb4 CMakeFiles/vscodeSTM32.elf.dir/freertos/tasks.c.obj
 .text.xTaskCreate
                0x000000000800124c       0x6c CMakeFiles/vscodeSTM32.elf.dir/freertos/tasks.c.obj
                0x000000000800124c                xTaskCreate
 .text.vTaskStartScheduler
                0x00000000080012b8       0x6c CMakeFiles/vscodeSTM32.elf.dir/freertos/tasks.c.obj
                0x00000000080012b8                vTaskStartScheduler
 .text.vTaskSuspendAll
                0x0000000008001324       0x10 CMakeFiles/vscodeSTM32.elf.dir/freertos/tasks.c.obj
                0x0000000008001324                vTaskSuspendAll
 .text.xTaskIncrementTick
                0x0000000008001334      0x160 CMakeFiles/vscodeSTM32.elf.dir/freertos/tasks.c.obj
                0x0000000008001334                xTaskIncrementTick
 .text.xTaskResumeAll
                0x0000000008001494      0x134 CMakeFiles/vscodeSTM32.elf.dir/freertos/tasks.c.obj
                0x0000000008001494                xTaskResumeAll
 .text.vTaskDelay
                0x00000000080015c8       0x32 CMakeFiles/vscodeSTM32.elf.dir/freertos/tasks.c.obj
                0x00000000080015c8                vTaskDelay
 *fill*         0x00000000080015fa        0x2 
 .text.vTaskSwitchContext
                0x00000000080015fc       0x78 CMakeFiles/vscodeSTM32.elf.dir/freertos/tasks.c.obj
                0x00000000080015fc                vTaskSwitchContext
 .text.SetSysClockTo72
                0x0000000008001674       0xc4 CMakeFiles/vscodeSTM32.elf.dir/fwlib/CMSIS/system_stm32f10x.c.obj
 .text.SetSysClock
                0x0000000008001738        0x8 CMakeFiles/vscodeSTM32.elf.dir/fwlib/CMSIS/system_stm32f10x.c.obj
 .text.SystemInit
                0x0000000008001740       0x50 CMakeFiles/vscodeSTM32.elf.dir/fwlib/CMSIS/system_stm32f10x.c.obj
                0x0000000008001740                SystemInit
 .text.NVIC_PriorityGroupConfig
                0x0000000008001790       0x14 CMakeFiles/vscodeSTM32.elf.dir/fwlib/STM32F10x_StdPeriph_Driver/src/misc.c.obj
                0x0000000008001790                NVIC_PriorityGroupConfig
 .text.NVIC_Init
                0x00000000080017a4       0x64 CMakeFiles/vscodeSTM32.elf.dir/fwlib/STM32F10x_StdPeriph_Driver/src/misc.c.obj
                0x00000000080017a4                NVIC_Init
 .text.NVIC_SetVectorTable
                0x0000000008001808       0x14 CMakeFiles/vscodeSTM32.elf.dir/fwlib/STM32F10x_StdPeriph_Driver/src/misc.c.obj
                0x0000000008001808                NVIC_SetVectorTable
 .text.SysTick_CLKSourceConfig
                0x000000000800181c       0x20 CMakeFiles/vscodeSTM32.elf.dir/fwlib/STM32F10x_StdPeriph_Driver/src/misc.c.obj
                0x000000000800181c                SysTick_CLKSourceConfig
 .text.GPIO_Init
                0x000000000800183c       0xb2 CMakeFiles/vscodeSTM32.elf.dir/fwlib/STM32F10x_StdPeriph_Driver/src/stm32f10x_gpio.c.obj
                0x000000000800183c                GPIO_Init
 .text.GPIO_WriteBit
                0x00000000080018ee        0xa CMakeFiles/vscodeSTM32.elf.dir/fwlib/STM32F10x_StdPeriph_Driver/src/stm32f10x_gpio.c.obj
                0x00000000080018ee                GPIO_WriteBit
 .text.RCC_DeInit
                0x00000000080018f8       0x40 CMakeFiles/vscodeSTM32.elf.dir/fwlib/STM32F10x_StdPeriph_Driver/src/stm32f10x_rcc.c.obj
                0x00000000080018f8                RCC_DeInit
 .text.RCC_HSEConfig
                0x0000000008001938       0x3c CMakeFiles/vscodeSTM32.elf.dir/fwlib/STM32F10x_StdPeriph_Driver/src/stm32f10x_rcc.c.obj
                0x0000000008001938                RCC_HSEConfig
 .text.RCC_PLLConfig
                0x0000000008001974       0x14 CMakeFiles/vscodeSTM32.elf.dir/fwlib/STM32F10x_StdPeriph_Driver/src/stm32f10x_rcc.c.obj
                0x0000000008001974                RCC_PLLConfig
 .text.RCC_PLLCmd
                0x0000000008001988        0xc CMakeFiles/vscodeSTM32.elf.dir/fwlib/STM32F10x_StdPeriph_Driver/src/stm32f10x_rcc.c.obj
                0x0000000008001988                RCC_PLLCmd
 .text.RCC_SYSCLKConfig
                0x0000000008001994       0x14 CMakeFiles/vscodeSTM32.elf.dir/fwlib/STM32F10x_StdPeriph_Driver/src/stm32f10x_rcc.c.obj
                0x0000000008001994                RCC_SYSCLKConfig
 .text.RCC_GetSYSCLKSource
                0x00000000080019a8       0x10 CMakeFiles/vscodeSTM32.elf.dir/fwlib/STM32F10x_StdPeriph_Driver/src/stm32f10x_rcc.c.obj
                0x00000000080019a8                RCC_GetSYSCLKSource
 .text.RCC_HCLKConfig
                0x00000000080019b8       0x14 CMakeFiles/vscodeSTM32.elf.dir/fwlib/STM32F10x_StdPeriph_Driver/src/stm32f10x_rcc.c.obj
                0x00000000080019b8                RCC_HCLKConfig
 .text.RCC_PCLK1Config
                0x00000000080019cc       0x14 CMakeFiles/vscodeSTM32.elf.dir/fwlib/STM32F10x_StdPeriph_Driver/src/stm32f10x_rcc.c.obj
                0x00000000080019cc                RCC_PCLK1Config
 .text.RCC_PCLK2Config
                0x00000000080019e0       0x14 CMakeFiles/vscodeSTM32.elf.dir/fwlib/STM32F10x_StdPeriph_Driver/src/stm32f10x_rcc.c.obj
                0x00000000080019e0                RCC_PCLK2Config
 .text.RCC_GetClocksFreq
                0x00000000080019f4       0xbc CMakeFiles/vscodeSTM32.elf.dir/fwlib/STM32F10x_StdPeriph_Driver/src/stm32f10x_rcc.c.obj
                0x00000000080019f4                RCC_GetClocksFreq
 .text.RCC_APB2PeriphClockCmd
                0x0000000008001ab0       0x1c CMakeFiles/vscodeSTM32.elf.dir/fwlib/STM32F10x_StdPeriph_Driver/src/stm32f10x_rcc.c.obj
                0x0000000008001ab0                RCC_APB2PeriphClockCmd
 .text.RCC_APB1PeriphClockCmd
                0x0000000008001acc       0x1c CMakeFiles/vscodeSTM32.elf.dir/fwlib/STM32F10x_StdPeriph_Driver/src/stm32f10x_rcc.c.obj
                0x0000000008001acc                RCC_APB1PeriphClockCmd
 .text.RCC_GetFlagStatus
                0x0000000008001ae8       0x34 CMakeFiles/vscodeSTM32.elf.dir/fwlib/STM32F10x_StdPeriph_Driver/src/stm32f10x_rcc.c.obj
                0x0000000008001ae8                RCC_GetFlagStatus
 .text.USART_Init
                0x0000000008001b1c       0xc4 CMakeFiles/vscodeSTM32.elf.dir/fwlib/STM32F10x_StdPeriph_Driver/src/stm32f10x_usart.c.obj
                0x0000000008001b1c                USART_Init
 .text.USART_Cmd
                0x0000000008001be0       0x1c CMakeFiles/vscodeSTM32.elf.dir/fwlib/STM32F10x_StdPeriph_Driver/src/stm32f10x_usart.c.obj
                0x0000000008001be0                USART_Cmd
 .text.USART_ITConfig
                0x0000000008001bfc       0x36 CMakeFiles/vscodeSTM32.elf.dir/fwlib/STM32F10x_StdPeriph_Driver/src/stm32f10x_usart.c.obj
                0x0000000008001bfc                USART_ITConfig
 .text.USART_SendData
                0x0000000008001c32        0x8 CMakeFiles/vscodeSTM32.elf.dir/fwlib/STM32F10x_StdPeriph_Driver/src/stm32f10x_usart.c.obj
                0x0000000008001c32                USART_SendData
 .text.USART_GetFlagStatus
                0x0000000008001c3a        0xe CMakeFiles/vscodeSTM32.elf.dir/fwlib/STM32F10x_StdPeriph_Driver/src/stm32f10x_usart.c.obj
                0x0000000008001c3a                USART_GetFlagStatus
 .text.Reset_Handler
                0x0000000008001c48       0x48 CMakeFiles/vscodeSTM32.elf.dir/startup/startup_stm32f103zetx.s.obj
                0x0000000008001c48                Reset_Handler
 .text.Default_Handler
                0x0000000008001c90        0x2 CMakeFiles/vscodeSTM32.elf.dir/startup/startup_stm32f103zetx.s.obj
                0x0000000008001c90                RTC_Alarm_IRQHandler
                0x0000000008001c90                EXTI2_IRQHandler
                0x0000000008001c90                TIM8_TRG_COM_IRQHandler
                0x0000000008001c90                TIM8_CC_IRQHandler
                0x0000000008001c90                TIM1_CC_IRQHandler
                0x0000000008001c90                TIM6_IRQHandler
                0x0000000008001c90                PVD_IRQHandler
                0x0000000008001c90                SDIO_IRQHandler
                0x0000000008001c90                EXTI3_IRQHandler
                0x0000000008001c90                EXTI0_IRQHandler
                0x0000000008001c90                I2C2_EV_IRQHandler
                0x0000000008001c90                ADC1_2_IRQHandler
                0x0000000008001c90                SPI1_IRQHandler
                0x0000000008001c90                TAMPER_IRQHandler
                0x0000000008001c90                TIM8_UP_IRQHandler
                0x0000000008001c90                DMA2_Channel2_IRQHandler
                0x0000000008001c90                DMA1_Channel4_IRQHandler
                0x0000000008001c90                USART3_IRQHandler
                0x0000000008001c90                RTC_IRQHandler
                0x0000000008001c90                DMA1_Channel7_IRQHandler
                0x0000000008001c90                CAN1_RX1_IRQHandler
                0x0000000008001c90                UART5_IRQHandler
                0x0000000008001c90                ADC3_IRQHandler
                0x0000000008001c90                TIM4_IRQHandler
                0x0000000008001c90                DMA2_Channel1_IRQHandler
                0x0000000008001c90                I2C1_EV_IRQHandler
                0x0000000008001c90                DMA1_Channel6_IRQHandler
                0x0000000008001c90                UART4_IRQHandler
                0x0000000008001c90                TIM3_IRQHandler
                0x0000000008001c90                RCC_IRQHandler
                0x0000000008001c90                TIM1_TRG_COM_IRQHandler
                0x0000000008001c90                DMA1_Channel1_IRQHandler
                0x0000000008001c90                Default_Handler
                0x0000000008001c90                EXTI15_10_IRQHandler
                0x0000000008001c90                TIM7_IRQHandler
                0x0000000008001c90                TIM5_IRQHandler
                0x0000000008001c90                EXTI9_5_IRQHandler
                0x0000000008001c90                SPI2_IRQHandler
                0x0000000008001c90                DMA1_Channel5_IRQHandler
                0x0000000008001c90                EXTI4_IRQHandler
                0x0000000008001c90                USB_LP_CAN1_RX0_IRQHandler
                0x0000000008001c90                USB_HP_CAN1_TX_IRQHandler
                0x0000000008001c90                DMA1_Channel3_IRQHandler
                0x0000000008001c90                FSMC_IRQHandler
                0x0000000008001c90                TIM1_UP_IRQHandler
                0x0000000008001c90                WWDG_IRQHandler
                0x0000000008001c90                TIM2_IRQHandler
                0x0000000008001c90                TIM1_BRK_IRQHandler
                0x0000000008001c90                EXTI1_IRQHandler
                0x0000000008001c90                DMA2_Channel4_5_IRQHandler
                0x0000000008001c90                USART2_IRQHandler
                0x0000000008001c90                I2C2_ER_IRQHandler
                0x0000000008001c90                DMA1_Channel2_IRQHandler
                0x0000000008001c90                TIM8_BRK_IRQHandler
                0x0000000008001c90                CAN1_SCE_IRQHandler
                0x0000000008001c90                FLASH_IRQHandler
                0x0000000008001c90                USART1_IRQHandler
                0x0000000008001c90                SPI3_IRQHandler
                0x0000000008001c90                I2C1_ER_IRQHandler
                0x0000000008001c90                USBWakeUp_IRQHandler
                0x0000000008001c90                DMA2_Channel3_IRQHandler
 .text.NVIC_Configuration
                0x0000000008001c92       0x2c CMakeFiles/vscodeSTM32.elf.dir/user/bsp_usart.c.obj
 *fill*         0x0000000008001cbe        0x2 
 .text.USART_Conf
                0x0000000008001cc0       0x94 CMakeFiles/vscodeSTM32.elf.dir/user/bsp_usart.c.obj
                0x0000000008001cc0                USART_Conf
 .text.USART_SendByte
                0x0000000008001d54       0x16 CMakeFiles/vscodeSTM32.elf.dir/user/bsp_usart.c.obj
                0x0000000008001d54                USART_SendByte
 *fill*         0x0000000008001d6a        0x2 
 .text._write   0x0000000008001d6c       0x30 CMakeFiles/vscodeSTM32.elf.dir/user/bsp_usart.c.obj
                0x0000000008001d6c                _write
 .text.GPIO_LED_Conf
                0x0000000008001d9c       0x30 CMakeFiles/vscodeSTM32.elf.dir/user/main.c.obj
 .text.Task1_LED
                0x0000000008001dcc       0x34 CMakeFiles/vscodeSTM32.elf.dir/user/main.c.obj
                0x0000000008001dcc                Task1_LED
 .text.Task2_Print
                0x0000000008001e00       0x1c CMakeFiles/vscodeSTM32.elf.dir/user/main.c.obj
                0x0000000008001e00                Task2_Print
 .text.prvSetupHardware
                0x0000000008001e1c       0x8c CMakeFiles/vscodeSTM32.elf.dir/user/main.c.obj
 .text.main     0x0000000008001ea8       0x48 CMakeFiles/vscodeSTM32.elf.dir/user/main.c.obj
                0x0000000008001ea8                main
 .text.NMI_Handler
                0x0000000008001ef0        0x2 CMakeFiles/vscodeSTM32.elf.dir/user/stm32f10x_it.c.obj
                0x0000000008001ef0                NMI_Handler
 .text.HardFault_Handler
                0x0000000008001ef2        0x2 CMakeFiles/vscodeSTM32.elf.dir/user/stm32f10x_it.c.obj
                0x0000000008001ef2                HardFault_Handler
 .text.MemManage_Handler
                0x0000000008001ef4        0x2 CMakeFiles/vscodeSTM32.elf.dir/user/stm32f10x_it.c.obj
                0x0000000008001ef4                MemManage_Handler
 .text.BusFault_Handler
                0x0000000008001ef6        0x2 CMakeFiles/vscodeSTM32.elf.dir/user/stm32f10x_it.c.obj
                0x0000000008001ef6                BusFault_Handler
 .text.UsageFault_Handler
                0x0000000008001ef8        0x2 CMakeFiles/vscodeSTM32.elf.dir/user/stm32f10x_it.c.obj
                0x0000000008001ef8                UsageFault_Handler
 .text.DebugMon_Handler
                0x0000000008001efa        0x2 CMakeFiles/vscodeSTM32.elf.dir/user/stm32f10x_it.c.obj
                0x0000000008001efa                DebugMon_Handler
 .text.__libc_init_array
                0x0000000008001efc       0x48 /home/rice/embedded/gcc-arm-none-eabi-10.3-2021.10/bin/../lib/gcc/arm-none-eabi/10.3.1/../../../../arm-none-eabi/lib/thumb/v7-m/nofp/libg_nano.a(lib_a-init.o)
                0x0000000008001efc                __libc_init_array
 .text.memcpy   0x0000000008001f44       0x1c /home/rice/embedded/gcc-arm-none-eabi-10.3-2021.10/bin/../lib/gcc/arm-none-eabi/10.3.1/../../../../arm-none-eabi/lib/thumb/v7-m/nofp/libg_nano.a(lib_a-memcpy-stub.o)
                0x0000000008001f44                memcpy
 .text.memset   0x0000000008001f60       0x10 /home/rice/embedded/gcc-arm-none-eabi-10.3-2021.10/bin/../lib/gcc/arm-none-eabi/10.3.1/../../../../arm-none-eabi/lib/thumb/v7-m/nofp/libg_nano.a(lib_a-memset.o)
                0x0000000008001f60                memset
 .text.__cvt    0x0000000008001f70       0xbe /home/rice/embedded/gcc-arm-none-eabi-10.3-2021.10/bin/../lib/gcc/arm-none-eabi/10.3.1/../../../../arm-none-eabi/lib/thumb/v7-m/nofp/libg_nano.a(lib_a-nano-vfprintf_float.o)
                0x0000000008001f70                __cvt
 .text.__exponent
                0x000000000800202e       0x7c /home/rice/embedded/gcc-arm-none-eabi-10.3-2021.10/bin/../lib/gcc/arm-none-eabi/10.3.1/../../../../arm-none-eabi/lib/thumb/v7-m/nofp/libg_nano.a(lib_a-nano-vfprintf_float.o)
                0x000000000800202e                __exponent
 *fill*         0x00000000080020aa        0x2 
 .text._printf_float
                0x00000000080020ac      0x458 /home/rice/embedded/gcc-arm-none-eabi-10.3-2021.10/bin/../lib/gcc/arm-none-eabi/10.3.1/../../../../arm-none-eabi/lib/thumb/v7-m/nofp/libg_nano.a(lib_a-nano-vfprintf_float.o)
                0x00000000080020ac                _printf_float
 .text._printf_common
                0x0000000008002504       0xde /home/rice/embedded/gcc-arm-none-eabi-10.3-2021.10/bin/../lib/gcc/arm-none-eabi/10.3.1/../../../../arm-none-eabi/lib/thumb/v7-m/nofp/libg_nano.a(lib_a-nano-vfprintf_i.o)
                0x0000000008002504                _printf_common
 *fill*         0x00000000080025e2        0x2 
 .text._printf_i
                0x00000000080025e4      0x24c /home/rice/embedded/gcc-arm-none-eabi-10.3-2021.10/bin/../lib/gcc/arm-none-eabi/10.3.1/../../../../arm-none-eabi/lib/thumb/v7-m/nofp/libg_nano.a(lib_a-nano-vfprintf_i.o)
                0x00000000080025e4                _printf_i
 .text._puts_r  0x0000000008002830       0xdc /home/rice/embedded/gcc-arm-none-eabi-10.3-2021.10/bin/../lib/gcc/arm-none-eabi/10.3.1/../../../../arm-none-eabi/lib/thumb/v7-m/nofp/libg_nano.a(lib_a-puts.o)
                0x0000000008002830                _puts_r
 .text.puts     0x000000000800290c       0x10 /home/rice/embedded/gcc-arm-none-eabi-10.3-2021.10/bin/../lib/gcc/arm-none-eabi/10.3.1/../../../../arm-none-eabi/lib/thumb/v7-m/nofp/libg_nano.a(lib_a-puts.o)
                0x000000000800290c                puts
 .text.__swbuf_r
                0x000000000800291c       0xa4 /home/rice/embedded/gcc-arm-none-eabi-10.3-2021.10/bin/../lib/gcc/arm-none-eabi/10.3.1/../../../../arm-none-eabi/lib/thumb/v7-m/nofp/libg_nano.a(lib_a-wbuf.o)
                0x000000000800291c                __swbuf_r
 .text.__swsetup_r
                0x00000000080029c0       0xdc /home/rice/embedded/gcc-arm-none-eabi-10.3-2021.10/bin/../lib/gcc/arm-none-eabi/10.3.1/../../../../arm-none-eabi/lib/thumb/v7-m/nofp/libg_nano.a(lib_a-wsetup.o)
                0x00000000080029c0                __swsetup_r
 .text.quorem   0x0000000008002a9c      0x118 /home/rice/embedded/gcc-arm-none-eabi-10.3-2021.10/bin/../lib/gcc/arm-none-eabi/10.3.1/../../../../arm-none-eabi/lib/thumb/v7-m/nofp/libg_nano.a(lib_a-dtoa.o)
 *fill*         0x0000000008002bb4        0x4 
 .text._dtoa_r  0x0000000008002bb8      0xbdc /home/rice/embedded/gcc-arm-none-eabi-10.3-2021.10/bin/../lib/gcc/arm-none-eabi/10.3.1/../../../../arm-none-eabi/lib/thumb/v7-m/nofp/libg_nano.a(lib_a-dtoa.o)
                0x0000000008002bb8                _dtoa_r
 .text.__sflush_r
                0x0000000008003794      0x104 /home/rice/embedded/gcc-arm-none-eabi-10.3-2021.10/bin/../lib/gcc/arm-none-eabi/10.3.1/../../../../arm-none-eabi/lib/thumb/v7-m/nofp/libg_nano.a(lib_a-fflush.o)
                0x0000000008003794                __sflush_r
 .text._fflush_r
                0x0000000008003898       0x78 /home/rice/embedded/gcc-arm-none-eabi-10.3-2021.10/bin/../lib/gcc/arm-none-eabi/10.3.1/../../../../arm-none-eabi/lib/thumb/v7-m/nofp/libg_nano.a(lib_a-fflush.o)
                0x0000000008003898                _fflush_r
 .text.std      0x0000000008003910       0x48 /home/rice/embedded/gcc-arm-none-eabi-10.3-2021.10/bin/../lib/gcc/arm-none-eabi/10.3.1/../../../../arm-none-eabi/lib/thumb/v7-m/nofp/libg_nano.a(lib_a-findfp.o)
 .text._cleanup_r
                0x0000000008003958        0xc /home/rice/embedded/gcc-arm-none-eabi-10.3-2021.10/bin/../lib/gcc/arm-none-eabi/10.3.1/../../../../arm-none-eabi/lib/thumb/v7-m/nofp/libg_nano.a(lib_a-findfp.o)
                0x0000000008003958                _cleanup_r
 .text.__sfmoreglue
                0x0000000008003964       0x2c /home/rice/embedded/gcc-arm-none-eabi-10.3-2021.10/bin/../lib/gcc/arm-none-eabi/10.3.1/../../../../arm-none-eabi/lib/thumb/v7-m/nofp/libg_nano.a(lib_a-findfp.o)
                0x0000000008003964                __sfmoreglue
 .text.__sfp_lock_acquire
                0x0000000008003990        0xc /home/rice/embedded/gcc-arm-none-eabi-10.3-2021.10/bin/../lib/gcc/arm-none-eabi/10.3.1/../../../../arm-none-eabi/lib/thumb/v7-m/nofp/libg_nano.a(lib_a-findfp.o)
                0x0000000008003990                __sfp_lock_acquire
 .text.__sfp_lock_release
                0x000000000800399c        0xc /home/rice/embedded/gcc-arm-none-eabi-10.3-2021.10/bin/../lib/gcc/arm-none-eabi/10.3.1/../../../../arm-none-eabi/lib/thumb/v7-m/nofp/libg_nano.a(lib_a-findfp.o)
                0x000000000800399c                __sfp_lock_release
 .text.__sinit_lock_acquire
                0x00000000080039a8        0xc /home/rice/embedded/gcc-arm-none-eabi-10.3-2021.10/bin/../lib/gcc/arm-none-eabi/10.3.1/../../../../arm-none-eabi/lib/thumb/v7-m/nofp/libg_nano.a(lib_a-findfp.o)
                0x00000000080039a8                __sinit_lock_acquire
 .text.__sinit_lock_release
                0x00000000080039b4        0xc /home/rice/embedded/gcc-arm-none-eabi-10.3-2021.10/bin/../lib/gcc/arm-none-eabi/10.3.1/../../../../arm-none-eabi/lib/thumb/v7-m/nofp/libg_nano.a(lib_a-findfp.o)
                0x00000000080039b4                __sinit_lock_release
 .text.__sinit  0x00000000080039c0       0x70 /home/rice/embedded/gcc-arm-none-eabi-10.3-2021.10/bin/../lib/gcc/arm-none-eabi/10.3.1/../../../../arm-none-eabi/lib/thumb/v7-m/nofp/libg_nano.a(lib_a-findfp.o)
                0x00000000080039c0                __sinit
 .text.__sfp    0x0000000008003a30       0x8c /home/rice/embedded/gcc-arm-none-eabi-10.3-2021.10/bin/../lib/gcc/arm-none-eabi/10.3.1/../../../../arm-none-eabi/lib/thumb/v7-m/nofp/libg_nano.a(lib_a-findfp.o)
                0x0000000008003a30                __sfp
 .text._fwalk_reent
                0x0000000008003abc       0x3e /home/rice/embedded/gcc-arm-none-eabi-10.3-2021.10/bin/../lib/gcc/arm-none-eabi/10.3.1/../../../../arm-none-eabi/lib/thumb/v7-m/nofp/libg_nano.a(lib_a-fwalk.o)
                0x0000000008003abc                _fwalk_reent
 *fill*         0x0000000008003afa        0x2 
 .text._localeconv_r
                0x0000000008003afc        0x8 /home/rice/embedded/gcc-arm-none-eabi-10.3-2021.10/bin/../lib/gcc/arm-none-eabi/10.3.1/../../../../arm-none-eabi/lib/thumb/v7-m/nofp/libg_nano.a(lib_a-localeconv.o)
                0x0000000008003afc                _localeconv_r
 .text.__retarget_lock_init_recursive
                0x0000000008003b04        0x2 /home/rice/embedded/gcc-arm-none-eabi-10.3-2021.10/bin/../lib/gcc/arm-none-eabi/10.3.1/../../../../arm-none-eabi/lib/thumb/v7-m/nofp/libg_nano.a(lib_a-lock.o)
                0x0000000008003b04                __retarget_lock_init_recursive
 .text.__retarget_lock_acquire_recursive
                0x0000000008003b06        0x2 /home/rice/embedded/gcc-arm-none-eabi-10.3-2021.10/bin/../lib/gcc/arm-none-eabi/10.3.1/../../../../arm-none-eabi/lib/thumb/v7-m/nofp/libg_nano.a(lib_a-lock.o)
                0x0000000008003b06                __retarget_lock_acquire_recursive
 .text.__retarget_lock_release_recursive
                0x0000000008003b08        0x2 /home/rice/embedded/gcc-arm-none-eabi-10.3-2021.10/bin/../lib/gcc/arm-none-eabi/10.3.1/../../../../arm-none-eabi/lib/thumb/v7-m/nofp/libg_nano.a(lib_a-lock.o)
                0x0000000008003b08                __retarget_lock_release_recursive
 .text.__swhatbuf_r
                0x0000000008003b0a       0x4a /home/rice/embedded/gcc-arm-none-eabi-10.3-2021.10/bin/../lib/gcc/arm-none-eabi/10.3.1/../../../../arm-none-eabi/lib/thumb/v7-m/nofp/libg_nano.a(lib_a-makebuf.o)
                0x0000000008003b0a                __swhatbuf_r
 .text.__smakebuf_r
                0x0000000008003b54       0x80 /home/rice/embedded/gcc-arm-none-eabi-10.3-2021.10/bin/../lib/gcc/arm-none-eabi/10.3.1/../../../../arm-none-eabi/lib/thumb/v7-m/nofp/libg_nano.a(lib_a-makebuf.o)
                0x0000000008003b54                __smakebuf_r
 .text.malloc   0x0000000008003bd4       0x10 /home/rice/embedded/gcc-arm-none-eabi-10.3-2021.10/bin/../lib/gcc/arm-none-eabi/10.3.1/../../../../arm-none-eabi/lib/thumb/v7-m/nofp/libg_nano.a(lib_a-malloc.o)
                0x0000000008003bd4                malloc
 .text.memchr   0x0000000008003be4       0x1c /home/rice/embedded/gcc-arm-none-eabi-10.3-2021.10/bin/../lib/gcc/arm-none-eabi/10.3.1/../../../../arm-none-eabi/lib/thumb/v7-m/nofp/libg_nano.a(lib_a-memchr-stub.o)
                0x0000000008003be4                memchr
 .text._Balloc  0x0000000008003c00       0x80 /home/rice/embedded/gcc-arm-none-eabi-10.3-2021.10/bin/../lib/gcc/arm-none-eabi/10.3.1/../../../../arm-none-eabi/lib/thumb/v7-m/nofp/libg_nano.a(lib_a-mprec.o)
                0x0000000008003c00                _Balloc
 .text._Bfree   0x0000000008003c80       0x44 /home/rice/embedded/gcc-arm-none-eabi-10.3-2021.10/bin/../lib/gcc/arm-none-eabi/10.3.1/../../../../arm-none-eabi/lib/thumb/v7-m/nofp/libg_nano.a(lib_a-mprec.o)
                0x0000000008003c80                _Bfree
 .text.__multadd
                0x0000000008003cc4       0x8c /home/rice/embedded/gcc-arm-none-eabi-10.3-2021.10/bin/../lib/gcc/arm-none-eabi/10.3.1/../../../../arm-none-eabi/lib/thumb/v7-m/nofp/libg_nano.a(lib_a-mprec.o)
                0x0000000008003cc4                __multadd
 .text.__hi0bits
                0x0000000008003d50       0x40 /home/rice/embedded/gcc-arm-none-eabi-10.3-2021.10/bin/../lib/gcc/arm-none-eabi/10.3.1/../../../../arm-none-eabi/lib/thumb/v7-m/nofp/libg_nano.a(lib_a-mprec.o)
                0x0000000008003d50                __hi0bits
 .text.__lo0bits
                0x0000000008003d90       0x5a /home/rice/embedded/gcc-arm-none-eabi-10.3-2021.10/bin/../lib/gcc/arm-none-eabi/10.3.1/../../../../arm-none-eabi/lib/thumb/v7-m/nofp/libg_nano.a(lib_a-mprec.o)
                0x0000000008003d90                __lo0bits
 *fill*         0x0000000008003dea        0x2 
 .text.__i2b    0x0000000008003dec       0x2c /home/rice/embedded/gcc-arm-none-eabi-10.3-2021.10/bin/../lib/gcc/arm-none-eabi/10.3.1/../../../../arm-none-eabi/lib/thumb/v7-m/nofp/libg_nano.a(lib_a-mprec.o)
                0x0000000008003dec                __i2b
 .text.__multiply
                0x0000000008003e18      0x150 /home/rice/embedded/gcc-arm-none-eabi-10.3-2021.10/bin/../lib/gcc/arm-none-eabi/10.3.1/../../../../arm-none-eabi/lib/thumb/v7-m/nofp/libg_nano.a(lib_a-mprec.o)
                0x0000000008003e18                __multiply
 .text.__pow5mult
                0x0000000008003f68       0xb4 /home/rice/embedded/gcc-arm-none-eabi-10.3-2021.10/bin/../lib/gcc/arm-none-eabi/10.3.1/../../../../arm-none-eabi/lib/thumb/v7-m/nofp/libg_nano.a(lib_a-mprec.o)
                0x0000000008003f68                __pow5mult
 .text.__lshift
                0x000000000800401c       0xe0 /home/rice/embedded/gcc-arm-none-eabi-10.3-2021.10/bin/../lib/gcc/arm-none-eabi/10.3.1/../../../../arm-none-eabi/lib/thumb/v7-m/nofp/libg_nano.a(lib_a-mprec.o)
                0x000000000800401c                __lshift
 .text.__mcmp   0x00000000080040fc       0x36 /home/rice/embedded/gcc-arm-none-eabi-10.3-2021.10/bin/../lib/gcc/arm-none-eabi/10.3.1/../../../../arm-none-eabi/lib/thumb/v7-m/nofp/libg_nano.a(lib_a-mprec.o)
                0x00000000080040fc                __mcmp
 *fill*         0x0000000008004132        0x2 
 .text.__mdiff  0x0000000008004134      0x118 /home/rice/embedded/gcc-arm-none-eabi-10.3-2021.10/bin/../lib/gcc/arm-none-eabi/10.3.1/../../../../arm-none-eabi/lib/thumb/v7-m/nofp/libg_nano.a(lib_a-mprec.o)
                0x0000000008004134                __mdiff
 .text.__d2b    0x000000000800424c       0xb8 /home/rice/embedded/gcc-arm-none-eabi-10.3-2021.10/bin/../lib/gcc/arm-none-eabi/10.3.1/../../../../arm-none-eabi/lib/thumb/v7-m/nofp/libg_nano.a(lib_a-mprec.o)
                0x000000000800424c                __d2b
 .text._calloc_r
                0x0000000008004304       0x28 /home/rice/embedded/gcc-arm-none-eabi-10.3-2021.10/bin/../lib/gcc/arm-none-eabi/10.3.1/../../../../arm-none-eabi/lib/thumb/v7-m/nofp/libg_nano.a(lib_a-nano-callocr.o)
                0x0000000008004304                _calloc_r
 .text._free_r  0x000000000800432c       0x90 /home/rice/embedded/gcc-arm-none-eabi-10.3-2021.10/bin/../lib/gcc/arm-none-eabi/10.3.1/../../../../arm-none-eabi/lib/thumb/v7-m/nofp/libg_nano.a(lib_a-nano-freer.o)
                0x000000000800432c                _free_r
 .text.sbrk_aligned
                0x00000000080043bc       0x40 /home/rice/embedded/gcc-arm-none-eabi-10.3-2021.10/bin/../lib/gcc/arm-none-eabi/10.3.1/../../../../arm-none-eabi/lib/thumb/v7-m/nofp/libg_nano.a(lib_a-nano-mallocr.o)
 .text._malloc_r
                0x00000000080043fc       0xe8 /home/rice/embedded/gcc-arm-none-eabi-10.3-2021.10/bin/../lib/gcc/arm-none-eabi/10.3.1/../../../../arm-none-eabi/lib/thumb/v7-m/nofp/libg_nano.a(lib_a-nano-mallocr.o)
                0x00000000080043fc                _malloc_r
 .text._sbrk_r  0x00000000080044e4       0x20 /home/rice/embedded/gcc-arm-none-eabi-10.3-2021.10/bin/../lib/gcc/arm-none-eabi/10.3.1/../../../../arm-none-eabi/lib/thumb/v7-m/nofp/libg_nano.a(lib_a-sbrkr.o)
                0x00000000080044e4                _sbrk_r
 .text.__sread  0x0000000008004504       0x22 /home/rice/embedded/gcc-arm-none-eabi-10.3-2021.10/bin/../lib/gcc/arm-none-eabi/10.3.1/../../../../arm-none-eabi/lib/thumb/v7-m/nofp/libg_nano.a(lib_a-stdio.o)
                0x0000000008004504                __sread
 .text.__swrite
                0x0000000008004526       0x38 /home/rice/embedded/gcc-arm-none-eabi-10.3-2021.10/bin/../lib/gcc/arm-none-eabi/10.3.1/../../../../arm-none-eabi/lib/thumb/v7-m/nofp/libg_nano.a(lib_a-stdio.o)
                0x0000000008004526                __swrite
 .text.__sseek  0x000000000800455e       0x24 /home/rice/embedded/gcc-arm-none-eabi-10.3-2021.10/bin/../lib/gcc/arm-none-eabi/10.3.1/../../../../arm-none-eabi/lib/thumb/v7-m/nofp/libg_nano.a(lib_a-stdio.o)
                0x000000000800455e                __sseek
 .text.__sclose
                0x0000000008004582        0x8 /home/rice/embedded/gcc-arm-none-eabi-10.3-2021.10/bin/../lib/gcc/arm-none-eabi/10.3.1/../../../../arm-none-eabi/lib/thumb/v7-m/nofp/libg_nano.a(lib_a-stdio.o)
                0x0000000008004582                __sclose
 *fill*         0x000000000800458a        0x2 
 .text._write_r
                0x000000000800458c       0x24 /home/rice/embedded/gcc-arm-none-eabi-10.3-2021.10/bin/../lib/gcc/arm-none-eabi/10.3.1/../../../../arm-none-eabi/lib/thumb/v7-m/nofp/libg_nano.a(lib_a-writer.o)
                0x000000000800458c                _write_r
 .text.__assert_func
                0x00000000080045b0       0x3c /home/rice/embedded/gcc-arm-none-eabi-10.3-2021.10/bin/../lib/gcc/arm-none-eabi/10.3.1/../../../../arm-none-eabi/lib/thumb/v7-m/nofp/libg_nano.a(lib_a-assert.o)
                0x00000000080045b0                __assert_func
 .text._close_r
                0x00000000080045ec       0x20 /home/rice/embedded/gcc-arm-none-eabi-10.3-2021.10/bin/../lib/gcc/arm-none-eabi/10.3.1/../../../../arm-none-eabi/lib/thumb/v7-m/nofp/libg_nano.a(lib_a-closer.o)
                0x00000000080045ec                _close_r
 .text.fprintf  0x000000000800460c       0x24 /home/rice/embedded/gcc-arm-none-eabi-10.3-2021.10/bin/../lib/gcc/arm-none-eabi/10.3.1/../../../../arm-none-eabi/lib/thumb/v7-m/nofp/libg_nano.a(lib_a-fprintf.o)
                0x000000000800460c                fprintf
                0x000000000800460c                fiprintf
 .text._fstat_r
                0x0000000008004630       0x24 /home/rice/embedded/gcc-arm-none-eabi-10.3-2021.10/bin/../lib/gcc/arm-none-eabi/10.3.1/../../../../arm-none-eabi/lib/thumb/v7-m/nofp/libg_nano.a(lib_a-fstatr.o)
                0x0000000008004630                _fstat_r
 .text._isatty_r
                0x0000000008004654       0x20 /home/rice/embedded/gcc-arm-none-eabi-10.3-2021.10/bin/../lib/gcc/arm-none-eabi/10.3.1/../../../../arm-none-eabi/lib/thumb/v7-m/nofp/libg_nano.a(lib_a-isattyr.o)
                0x0000000008004654                _isatty_r
 .text._lseek_r
                0x0000000008004674       0x24 /home/rice/embedded/gcc-arm-none-eabi-10.3-2021.10/bin/../lib/gcc/arm-none-eabi/10.3.1/../../../../arm-none-eabi/lib/thumb/v7-m/nofp/libg_nano.a(lib_a-lseekr.o)
                0x0000000008004674                _lseek_r
 .text.__ascii_mbtowc
                0x0000000008004698       0x24 /home/rice/embedded/gcc-arm-none-eabi-10.3-2021.10/bin/../lib/gcc/arm-none-eabi/10.3.1/../../../../arm-none-eabi/lib/thumb/v7-m/nofp/libg_nano.a(lib_a-mbtowc_r.o)
                0x0000000008004698                __ascii_mbtowc
 .text.__malloc_lock
                0x00000000080046bc        0xc /home/rice/embedded/gcc-arm-none-eabi-10.3-2021.10/bin/../lib/gcc/arm-none-eabi/10.3.1/../../../../arm-none-eabi/lib/thumb/v7-m/nofp/libg_nano.a(lib_a-mlock.o)
                0x00000000080046bc                __malloc_lock
 .text.__malloc_unlock
                0x00000000080046c8        0xc /home/rice/embedded/gcc-arm-none-eabi-10.3-2021.10/bin/../lib/gcc/arm-none-eabi/10.3.1/../../../../arm-none-eabi/lib/thumb/v7-m/nofp/libg_nano.a(lib_a-mlock.o)
                0x00000000080046c8                __malloc_unlock
 .text.__sfputc_r
                0x00000000080046d4       0x2a /home/rice/embedded/gcc-arm-none-eabi-10.3-2021.10/bin/../lib/gcc/arm-none-eabi/10.3.1/../../../../arm-none-eabi/lib/thumb/v7-m/nofp/libg_nano.a(lib_a-nano-vfprintf.o)
 .text.__sfputs_r
                0x00000000080046fe       0x24 /home/rice/embedded/gcc-arm-none-eabi-10.3-2021.10/bin/../lib/gcc/arm-none-eabi/10.3.1/../../../../arm-none-eabi/lib/thumb/v7-m/nofp/libg_nano.a(lib_a-nano-vfprintf.o)
                0x00000000080046fe                __sfputs_r
 *fill*         0x0000000008004722        0x2 
 .text._vfprintf_r
                0x0000000008004724      0x260 /home/rice/embedded/gcc-arm-none-eabi-10.3-2021.10/bin/../lib/gcc/arm-none-eabi/10.3.1/../../../../arm-none-eabi/lib/thumb/v7-m/nofp/libg_nano.a(lib_a-nano-vfprintf.o)
                0x0000000008004724                _vfiprintf_r
                0x0000000008004724                _vfprintf_r
 .text._read_r  0x0000000008004984       0x24 /home/rice/embedded/gcc-arm-none-eabi-10.3-2021.10/bin/../lib/gcc/arm-none-eabi/10.3.1/../../../../arm-none-eabi/lib/thumb/v7-m/nofp/libg_nano.a(lib_a-readr.o)
                0x0000000008004984                _read_r
 .text.__ascii_wctomb
                0x00000000080049a8       0x1a /home/rice/embedded/gcc-arm-none-eabi-10.3-2021.10/bin/../lib/gcc/arm-none-eabi/10.3.1/../../../../arm-none-eabi/lib/thumb/v7-m/nofp/libg_nano.a(lib_a-wctomb_r.o)
                0x00000000080049a8                __ascii_wctomb
 .text.abort    0x00000000080049c2        0xe /home/rice/embedded/gcc-arm-none-eabi-10.3-2021.10/bin/../lib/gcc/arm-none-eabi/10.3.1/../../../../arm-none-eabi/lib/thumb/v7-m/nofp/libg_nano.a(lib_a-abort.o)
                0x00000000080049c2                abort
 .text._raise_r
                0x00000000080049d0       0x50 /home/rice/embedded/gcc-arm-none-eabi-10.3-2021.10/bin/../lib/gcc/arm-none-eabi/10.3.1/../../../../arm-none-eabi/lib/thumb/v7-m/nofp/libg_nano.a(lib_a-signal.o)
                0x00000000080049d0                _raise_r
 .text.raise    0x0000000008004a20       0x10 /home/rice/embedded/gcc-arm-none-eabi-10.3-2021.10/bin/../lib/gcc/arm-none-eabi/10.3.1/../../../../arm-none-eabi/lib/thumb/v7-m/nofp/libg_nano.a(lib_a-signal.o)
                0x0000000008004a20                raise
 .text._kill_r  0x0000000008004a30       0x24 /home/rice/embedded/gcc-arm-none-eabi-10.3-2021.10/bin/../lib/gcc/arm-none-eabi/10.3.1/../../../../arm-none-eabi/lib/thumb/v7-m/nofp/libg_nano.a(lib_a-signalr.o)
                0x0000000008004a30                _kill_r
 .text._getpid_r
                0x0000000008004a54        0x4 /home/rice/embedded/gcc-arm-none-eabi-10.3-2021.10/bin/../lib/gcc/arm-none-eabi/10.3.1/../../../../arm-none-eabi/lib/thumb/v7-m/nofp/libg_nano.a(lib_a-signalr.o)
                0x0000000008004a54                _getpid_r
 .text._close   0x0000000008004a58       0x10 /home/rice/embedded/gcc-arm-none-eabi-10.3-2021.10/bin/../lib/gcc/arm-none-eabi/10.3.1/../../../../arm-none-eabi/lib/thumb/v7-m/nofp/libnosys.a(close.o)
                0x0000000008004a58                _close
 .text._fstat   0x0000000008004a68       0x10 /home/rice/embedded/gcc-arm-none-eabi-10.3-2021.10/bin/../lib/gcc/arm-none-eabi/10.3.1/../../../../arm-none-eabi/lib/thumb/v7-m/nofp/libnosys.a(fstat.o)
                0x0000000008004a68                _fstat
 .text._getpid  0x0000000008004a78       0x10 /home/rice/embedded/gcc-arm-none-eabi-10.3-2021.10/bin/../lib/gcc/arm-none-eabi/10.3.1/../../../../arm-none-eabi/lib/thumb/v7-m/nofp/libnosys.a(getpid.o)
                0x0000000008004a78                _getpid
 .text._isatty  0x0000000008004a88       0x10 /home/rice/embedded/gcc-arm-none-eabi-10.3-2021.10/bin/../lib/gcc/arm-none-eabi/10.3.1/../../../../arm-none-eabi/lib/thumb/v7-m/nofp/libnosys.a(isatty.o)
                0x0000000008004a88                _isatty
 .text._kill    0x0000000008004a98       0x10 /home/rice/embedded/gcc-arm-none-eabi-10.3-2021.10/bin/../lib/gcc/arm-none-eabi/10.3.1/../../../../arm-none-eabi/lib/thumb/v7-m/nofp/libnosys.a(kill.o)
                0x0000000008004a98                _kill
 .text._lseek   0x0000000008004aa8       0x10 /home/rice/embedded/gcc-arm-none-eabi-10.3-2021.10/bin/../lib/gcc/arm-none-eabi/10.3.1/../../../../arm-none-eabi/lib/thumb/v7-m/nofp/libnosys.a(lseek.o)
                0x0000000008004aa8                _lseek
 .text._read    0x0000000008004ab8       0x10 /home/rice/embedded/gcc-arm-none-eabi-10.3-2021.10/bin/../lib/gcc/arm-none-eabi/10.3.1/../../../../arm-none-eabi/lib/thumb/v7-m/nofp/libnosys.a(read.o)
                0x0000000008004ab8                _read
 .text._sbrk    0x0000000008004ac8       0x1c /home/rice/embedded/gcc-arm-none-eabi-10.3-2021.10/bin/../lib/gcc/arm-none-eabi/10.3.1/../../../../arm-none-eabi/lib/thumb/v7-m/nofp/libnosys.a(sbrk.o)
                0x0000000008004ac8                _sbrk
 .text._exit    0x0000000008004ae4        0x4 /home/rice/embedded/gcc-arm-none-eabi-10.3-2021.10/bin/../lib/gcc/arm-none-eabi/10.3.1/../../../../arm-none-eabi/lib/thumb/v7-m/nofp/libnosys.a(_exit.o)
                0x0000000008004ae4                _exit
 *(.glue_7)
 .glue_7        0x0000000008004ae8        0x0 linker stubs
 *(.glue_7t)
 .glue_7t       0x0000000008004ae8        0x0 linker stubs
 *(.eh_frame)
 .eh_frame      0x0000000008004ae8        0x0 /home/rice/embedded/gcc-arm-none-eabi-10.3-2021.10/bin/../lib/gcc/arm-none-eabi/10.3.1/thumb/v7-m/nofp/crtbegin.o
 *(.init)
 .init          0x0000000008004ae8        0x4 /home/rice/embedded/gcc-arm-none-eabi-10.3-2021.10/bin/../lib/gcc/arm-none-eabi/10.3.1/thumb/v7-m/nofp/crti.o
                0x0000000008004ae8                _init
 .init          0x0000000008004aec        0x8 /home/rice/embedded/gcc-arm-none-eabi-10.3-2021.10/bin/../lib/gcc/arm-none-eabi/10.3.1/thumb/v7-m/nofp/crtn.o
 *(.fini)
 .fini          0x0000000008004af4        0x4 /home/rice/embedded/gcc-arm-none-eabi-10.3-2021.10/bin/../lib/gcc/arm-none-eabi/10.3.1/thumb/v7-m/nofp/crti.o
                0x0000000008004af4                _fini
 .fini          0x0000000008004af8        0x8 /home/rice/embedded/gcc-arm-none-eabi-10.3-2021.10/bin/../lib/gcc/arm-none-eabi/10.3.1/thumb/v7-m/nofp/crtn.o
                0x0000000008004b00                . = ALIGN (0x4)
                0x0000000008004b00                _etext = .

.vfp11_veneer   0x0000000008004b00        0x0
 .vfp11_veneer  0x0000000008004b00        0x0 linker stubs

.v4_bx          0x0000000008004b00        0x0
 .v4_bx         0x0000000008004b00        0x0 linker stubs

.iplt           0x0000000008004b00        0x0
 .iplt          0x0000000008004b00        0x0 /home/rice/embedded/gcc-arm-none-eabi-10.3-2021.10/bin/../lib/gcc/arm-none-eabi/10.3.1/thumb/v7-m/nofp/crtbegin.o

.rodata         0x0000000008004b00      0x46c
                0x0000000008004b00                . = ALIGN (0x4)
 *(.rodata)
 *(.rodata*)
 .rodata.vTaskStartScheduler.str1.4
                0x0000000008004b00        0x5 CMakeFiles/vscodeSTM32.elf.dir/freertos/tasks.c.obj
 *fill*         0x0000000008004b05        0x3 
 .rodata.Task2_Print.str1.4
                0x0000000008004b08       0x27 CMakeFiles/vscodeSTM32.elf.dir/user/main.c.obj
 *fill*         0x0000000008004b2f        0x1 
 .rodata.main.str1.4
                0x0000000008004b30       0x18 CMakeFiles/vscodeSTM32.elf.dir/user/main.c.obj
 .rodata._global_impure_ptr
                0x0000000008004b48        0x4 /home/rice/embedded/gcc-arm-none-eabi-10.3-2021.10/bin/../lib/gcc/arm-none-eabi/10.3.1/../../../../arm-none-eabi/lib/thumb/v7-m/nofp/libg_nano.a(lib_a-impure.o)
                0x0000000008004b48                _global_impure_ptr
 .rodata._printf_float.str1.1
                0x0000000008004b4c       0x12 /home/rice/embedded/gcc-arm-none-eabi-10.3-2021.10/bin/../lib/gcc/arm-none-eabi/10.3.1/../../../../arm-none-eabi/lib/thumb/v7-m/nofp/libg_nano.a(lib_a-nano-vfprintf_float.o)
 .rodata._printf_i.str1.1
                0x0000000008004b5e       0x22 /home/rice/embedded/gcc-arm-none-eabi-10.3-2021.10/bin/../lib/gcc/arm-none-eabi/10.3.1/../../../../arm-none-eabi/lib/thumb/v7-m/nofp/libg_nano.a(lib_a-nano-vfprintf_i.o)
 .rodata._dtoa_r.str1.1
                0x0000000008004b80       0xb3 /home/rice/embedded/gcc-arm-none-eabi-10.3-2021.10/bin/../lib/gcc/arm-none-eabi/10.3.1/../../../../arm-none-eabi/lib/thumb/v7-m/nofp/libg_nano.a(lib_a-dtoa.o)
                                         0xb5 (size before relaxing)
 *fill*         0x0000000008004c33        0x1 
 .rodata.__sf_fake_stderr
                0x0000000008004c34       0x20 /home/rice/embedded/gcc-arm-none-eabi-10.3-2021.10/bin/../lib/gcc/arm-none-eabi/10.3.1/../../../../arm-none-eabi/lib/thumb/v7-m/nofp/libg_nano.a(lib_a-findfp.o)
                0x0000000008004c34                __sf_fake_stderr
 .rodata.__sf_fake_stdin
                0x0000000008004c54       0x20 /home/rice/embedded/gcc-arm-none-eabi-10.3-2021.10/bin/../lib/gcc/arm-none-eabi/10.3.1/../../../../arm-none-eabi/lib/thumb/v7-m/nofp/libg_nano.a(lib_a-findfp.o)
                0x0000000008004c54                __sf_fake_stdin
 .rodata.__sf_fake_stdout
                0x0000000008004c74       0x20 /home/rice/embedded/gcc-arm-none-eabi-10.3-2021.10/bin/../lib/gcc/arm-none-eabi/10.3.1/../../../../arm-none-eabi/lib/thumb/v7-m/nofp/libg_nano.a(lib_a-findfp.o)
                0x0000000008004c74                __sf_fake_stdout
 .rodata._Balloc.str1.1
                0x0000000008004c94       0x7f /home/rice/embedded/gcc-arm-none-eabi-10.3-2021.10/bin/../lib/gcc/arm-none-eabi/10.3.1/../../../../arm-none-eabi/lib/thumb/v7-m/nofp/libg_nano.a(lib_a-mprec.o)
                                         0x96 (size before relaxing)
 .rodata.__multadd.str1.1
                0x0000000008004d13       0x11 /home/rice/embedded/gcc-arm-none-eabi-10.3-2021.10/bin/../lib/gcc/arm-none-eabi/10.3.1/../../../../arm-none-eabi/lib/thumb/v7-m/nofp/libg_nano.a(lib_a-mprec.o)
 *fill*         0x0000000008004d13        0x5 
 .rodata.__mprec_bigtens
                0x0000000008004d18       0x28 /home/rice/embedded/gcc-arm-none-eabi-10.3-2021.10/bin/../lib/gcc/arm-none-eabi/10.3.1/../../../../arm-none-eabi/lib/thumb/v7-m/nofp/libg_nano.a(lib_a-mprec.o)
                0x0000000008004d18                __mprec_bigtens
 .rodata.__mprec_tens
                0x0000000008004d40       0xc8 /home/rice/embedded/gcc-arm-none-eabi-10.3-2021.10/bin/../lib/gcc/arm-none-eabi/10.3.1/../../../../arm-none-eabi/lib/thumb/v7-m/nofp/libg_nano.a(lib_a-mprec.o)
                0x0000000008004d40                __mprec_tens
 .rodata.p05.0  0x0000000008004e08        0xc /home/rice/embedded/gcc-arm-none-eabi-10.3-2021.10/bin/../lib/gcc/arm-none-eabi/10.3.1/../../../../arm-none-eabi/lib/thumb/v7-m/nofp/libg_nano.a(lib_a-mprec.o)
 .rodata.__assert_func.str1.1
                0x0000000008004e14       0x3c /home/rice/embedded/gcc-arm-none-eabi-10.3-2021.10/bin/../lib/gcc/arm-none-eabi/10.3.1/../../../../arm-none-eabi/lib/thumb/v7-m/nofp/libg_nano.a(lib_a-assert.o)
                                         0x3d (size before relaxing)
 .rodata._setlocale_r.str1.1
                0x0000000008004e50        0x8 /home/rice/embedded/gcc-arm-none-eabi-10.3-2021.10/bin/../lib/gcc/arm-none-eabi/10.3.1/../../../../arm-none-eabi/lib/thumb/v7-m/nofp/libg_nano.a(lib_a-locale.o)
                                          0x9 (size before relaxing)
 .rodata.str1.1
                0x0000000008004e58        0x2 /home/rice/embedded/gcc-arm-none-eabi-10.3-2021.10/bin/../lib/gcc/arm-none-eabi/10.3.1/../../../../arm-none-eabi/lib/thumb/v7-m/nofp/libg_nano.a(lib_a-locale.o)
 .rodata._vfprintf_r.str1.1
                0x0000000008004e5a       0x11 /home/rice/embedded/gcc-arm-none-eabi-10.3-2021.10/bin/../lib/gcc/arm-none-eabi/10.3.1/../../../../arm-none-eabi/lib/thumb/v7-m/nofp/libg_nano.a(lib_a-nano-vfprintf.o)
 .rodata._ctype_
                0x0000000008004e6b      0x101 /home/rice/embedded/gcc-arm-none-eabi-10.3-2021.10/bin/../lib/gcc/arm-none-eabi/10.3.1/../../../../arm-none-eabi/lib/thumb/v7-m/nofp/libg_nano.a(lib_a-ctype_.o)
                0x0000000008004e6b                _ctype_
                0x0000000008004f6c                . = ALIGN (0x4)

.rel.dyn        0x0000000008004f6c        0x0
 .rel.iplt      0x0000000008004f6c        0x0 /home/rice/embedded/gcc-arm-none-eabi-10.3-2021.10/bin/../lib/gcc/arm-none-eabi/10.3.1/thumb/v7-m/nofp/crtbegin.o

.ARM.extab      0x0000000008004f6c        0x0
                0x0000000008004f6c                . = ALIGN (0x4)
 *(.ARM.extab* .gnu.linkonce.armextab.*)
                0x0000000008004f6c                . = ALIGN (0x4)

.ARM            0x0000000008004f6c        0x0
                0x0000000008004f6c                . = ALIGN (0x4)
                0x0000000008004f6c                __exidx_start = .
 *(.ARM.exidx*)
                0x0000000008004f6c                __exidx_end = .
                0x0000000008004f6c                . = ALIGN (0x4)

.preinit_array  0x0000000008004f6c        0x0
                0x0000000008004f6c                . = ALIGN (0x4)
                0x0000000008004f6c                PROVIDE (__preinit_array_start = .)
 *(.preinit_array*)
                0x0000000008004f6c                PROVIDE (__preinit_array_end = .)
                0x0000000008004f6c                . = ALIGN (0x4)

.init_array     0x0000000008004f6c        0x4
                0x0000000008004f6c                . = ALIGN (0x4)
                0x0000000008004f6c                PROVIDE (__init_array_start = .)
 *(SORT_BY_NAME(.init_array.*))
 *(.init_array*)
 .init_array    0x0000000008004f6c        0x4 /home/rice/embedded/gcc-arm-none-eabi-10.3-2021.10/bin/../lib/gcc/arm-none-eabi/10.3.1/thumb/v7-m/nofp/crtbegin.o
                0x0000000008004f70                PROVIDE (__init_array_end = .)
                0x0000000008004f70                . = ALIGN (0x4)

.fini_array     0x0000000008004f70        0x4
                0x0000000008004f70                . = ALIGN (0x4)
                [!provide]                        PROVIDE (__fini_array_start = .)
 *(SORT_BY_NAME(.fini_array.*))
 *(.fini_array*)
 .fini_array    0x0000000008004f70        0x4 /home/rice/embedded/gcc-arm-none-eabi-10.3-2021.10/bin/../lib/gcc/arm-none-eabi/10.3.1/thumb/v7-m/nofp/crtbegin.o
                [!provide]                        PROVIDE (__fini_array_end = .)
                0x0000000008004f74                . = ALIGN (0x4)
                0x0000000008004f74                _sidata = LOADADDR (.data)

.data           0x0000000020000000      0x1ec load address 0x0000000008004f74
                0x0000000020000000                . = ALIGN (0x4)
                0x0000000020000000                _sdata = .
 *(.data)
 *(.data*)
 .data.uxCriticalNesting
                0x0000000020000000        0x4 CMakeFiles/vscodeSTM32.elf.dir/freertos/portable/GCC/ARM_CM3/port.c.obj
 .data.uxTopUsedPriority
                0x0000000020000004        0x4 CMakeFiles/vscodeSTM32.elf.dir/freertos/tasks.c.obj
                0x0000000020000004                uxTopUsedPriority
 .data.ADCPrescTable
                0x0000000020000008        0x4 CMakeFiles/vscodeSTM32.elf.dir/fwlib/STM32F10x_StdPeriph_Driver/src/stm32f10x_rcc.c.obj
 .data.APBAHBPrescTable
                0x000000002000000c       0x10 CMakeFiles/vscodeSTM32.elf.dir/fwlib/STM32F10x_StdPeriph_Driver/src/stm32f10x_rcc.c.obj
 .data._impure_ptr
                0x000000002000001c        0x4 /home/rice/embedded/gcc-arm-none-eabi-10.3-2021.10/bin/../lib/gcc/arm-none-eabi/10.3.1/../../../../arm-none-eabi/lib/thumb/v7-m/nofp/libg_nano.a(lib_a-impure.o)
                0x000000002000001c                _impure_ptr
 .data.impure_data
                0x0000000020000020       0x60 /home/rice/embedded/gcc-arm-none-eabi-10.3-2021.10/bin/../lib/gcc/arm-none-eabi/10.3.1/../../../../arm-none-eabi/lib/thumb/v7-m/nofp/libg_nano.a(lib_a-impure.o)
 .data.__global_locale
                0x0000000020000080      0x16c /home/rice/embedded/gcc-arm-none-eabi-10.3-2021.10/bin/../lib/gcc/arm-none-eabi/10.3.1/../../../../arm-none-eabi/lib/thumb/v7-m/nofp/libg_nano.a(lib_a-locale.o)
                0x0000000020000080                __global_locale
 *(.RamFunc)
 *(.RamFunc*)
                0x00000000200001ec                . = ALIGN (0x4)
                0x00000000200001ec                _edata = .

.igot.plt       0x00000000200001ec        0x0 load address 0x0000000008005160
 .igot.plt      0x00000000200001ec        0x0 /home/rice/embedded/gcc-arm-none-eabi-10.3-2021.10/bin/../lib/gcc/arm-none-eabi/10.3.1/thumb/v7-m/nofp/crtbegin.o
                0x00000000200001ec                . = ALIGN (0x4)

.bss            0x00000000200001ec     0x4550 load address 0x0000000008005160
                0x00000000200001ec                _sbss = .
                0x00000000200001ec                __bss_start__ = _sbss
 *(.bss)
 .bss           0x00000000200001ec       0x1c /home/rice/embedded/gcc-arm-none-eabi-10.3-2021.10/bin/../lib/gcc/arm-none-eabi/10.3.1/thumb/v7-m/nofp/crtbegin.o
 *(.bss*)
 .bss.pxEnd     0x0000000020000208        0x4 CMakeFiles/vscodeSTM32.elf.dir/freertos/portable/MemMang/heap_4.c.obj
 .bss.ucHeap    0x000000002000020c     0x4400 CMakeFiles/vscodeSTM32.elf.dir/freertos/portable/MemMang/heap_4.c.obj
 .bss.xFreeBytesRemaining
                0x000000002000460c        0x4 CMakeFiles/vscodeSTM32.elf.dir/freertos/portable/MemMang/heap_4.c.obj
 .bss.xMinimumEverFreeBytesRemaining
                0x0000000020004610        0x4 CMakeFiles/vscodeSTM32.elf.dir/freertos/portable/MemMang/heap_4.c.obj
 .bss.xNumberOfSuccessfulAllocations
                0x0000000020004614        0x4 CMakeFiles/vscodeSTM32.elf.dir/freertos/portable/MemMang/heap_4.c.obj
 .bss.xNumberOfSuccessfulFrees
                0x0000000020004618        0x4 CMakeFiles/vscodeSTM32.elf.dir/freertos/portable/MemMang/heap_4.c.obj
 .bss.xStart    0x000000002000461c        0x8 CMakeFiles/vscodeSTM32.elf.dir/freertos/portable/MemMang/heap_4.c.obj
 .bss.pxCurrentTCB
                0x0000000020004624        0x4 CMakeFiles/vscodeSTM32.elf.dir/freertos/tasks.c.obj
                0x0000000020004624                pxCurrentTCB
 .bss.pxDelayedTaskList
                0x0000000020004628        0x4 CMakeFiles/vscodeSTM32.elf.dir/freertos/tasks.c.obj
 .bss.pxOverflowDelayedTaskList
                0x000000002000462c        0x4 CMakeFiles/vscodeSTM32.elf.dir/freertos/tasks.c.obj
 .bss.pxReadyTasksLists
                0x0000000020004630       0x64 CMakeFiles/vscodeSTM32.elf.dir/freertos/tasks.c.obj
 .bss.uxCurrentNumberOfTasks
                0x0000000020004694        0x4 CMakeFiles/vscodeSTM32.elf.dir/freertos/tasks.c.obj
 .bss.uxDeletedTasksWaitingCleanUp
                0x0000000020004698        0x4 CMakeFiles/vscodeSTM32.elf.dir/freertos/tasks.c.obj
 .bss.uxSchedulerSuspended
                0x000000002000469c        0x4 CMakeFiles/vscodeSTM32.elf.dir/freertos/tasks.c.obj
 .bss.uxTaskNumber
                0x00000000200046a0        0x4 CMakeFiles/vscodeSTM32.elf.dir/freertos/tasks.c.obj
 .bss.uxTopReadyPriority
                0x00000000200046a4        0x4 CMakeFiles/vscodeSTM32.elf.dir/freertos/tasks.c.obj
 .bss.xDelayedTaskList1
                0x00000000200046a8       0x14 CMakeFiles/vscodeSTM32.elf.dir/freertos/tasks.c.obj
 .bss.xDelayedTaskList2
                0x00000000200046bc       0x14 CMakeFiles/vscodeSTM32.elf.dir/freertos/tasks.c.obj
 .bss.xIdleTaskHandle
                0x00000000200046d0        0x4 CMakeFiles/vscodeSTM32.elf.dir/freertos/tasks.c.obj
 .bss.xNextTaskUnblockTime
                0x00000000200046d4        0x4 CMakeFiles/vscodeSTM32.elf.dir/freertos/tasks.c.obj
 .bss.xNumOfOverflows
                0x00000000200046d8        0x4 CMakeFiles/vscodeSTM32.elf.dir/freertos/tasks.c.obj
 .bss.xPendedTicks
                0x00000000200046dc        0x4 CMakeFiles/vscodeSTM32.elf.dir/freertos/tasks.c.obj
 .bss.xPendingReadyList
                0x00000000200046e0       0x14 CMakeFiles/vscodeSTM32.elf.dir/freertos/tasks.c.obj
 .bss.xSchedulerRunning
                0x00000000200046f4        0x4 CMakeFiles/vscodeSTM32.elf.dir/freertos/tasks.c.obj
 .bss.xSuspendedTaskList
                0x00000000200046f8       0x14 CMakeFiles/vscodeSTM32.elf.dir/freertos/tasks.c.obj
 .bss.xTasksWaitingTermination
                0x000000002000470c       0x14 CMakeFiles/vscodeSTM32.elf.dir/freertos/tasks.c.obj
 .bss.xTickCount
                0x0000000020004720        0x4 CMakeFiles/vscodeSTM32.elf.dir/freertos/tasks.c.obj
 .bss.xYieldPending
                0x0000000020004724        0x4 CMakeFiles/vscodeSTM32.elf.dir/freertos/tasks.c.obj
 .bss.__lock___malloc_recursive_mutex
                0x0000000020004728        0x1 /home/rice/embedded/gcc-arm-none-eabi-10.3-2021.10/bin/../lib/gcc/arm-none-eabi/10.3.1/../../../../arm-none-eabi/lib/thumb/v7-m/nofp/libg_nano.a(lib_a-lock.o)
                0x0000000020004728                __lock___malloc_recursive_mutex
 .bss.__lock___sfp_recursive_mutex
                0x0000000020004729        0x1 /home/rice/embedded/gcc-arm-none-eabi-10.3-2021.10/bin/../lib/gcc/arm-none-eabi/10.3.1/../../../../arm-none-eabi/lib/thumb/v7-m/nofp/libg_nano.a(lib_a-lock.o)
                0x0000000020004729                __lock___sfp_recursive_mutex
 .bss.__lock___sinit_recursive_mutex
                0x000000002000472a        0x1 /home/rice/embedded/gcc-arm-none-eabi-10.3-2021.10/bin/../lib/gcc/arm-none-eabi/10.3.1/../../../../arm-none-eabi/lib/thumb/v7-m/nofp/libg_nano.a(lib_a-lock.o)
                0x000000002000472a                __lock___sinit_recursive_mutex
 *fill*         0x000000002000472b        0x1 
 .bss.__malloc_free_list
                0x000000002000472c        0x4 /home/rice/embedded/gcc-arm-none-eabi-10.3-2021.10/bin/../lib/gcc/arm-none-eabi/10.3.1/../../../../arm-none-eabi/lib/thumb/v7-m/nofp/libg_nano.a(lib_a-nano-mallocr.o)
                0x000000002000472c                __malloc_free_list
 .bss.__malloc_sbrk_start
                0x0000000020004730        0x4 /home/rice/embedded/gcc-arm-none-eabi-10.3-2021.10/bin/../lib/gcc/arm-none-eabi/10.3.1/../../../../arm-none-eabi/lib/thumb/v7-m/nofp/libg_nano.a(lib_a-nano-mallocr.o)
                0x0000000020004730                __malloc_sbrk_start
 .bss.errno     0x0000000020004734        0x4 /home/rice/embedded/gcc-arm-none-eabi-10.3-2021.10/bin/../lib/gcc/arm-none-eabi/10.3.1/../../../../arm-none-eabi/lib/thumb/v7-m/nofp/libg_nano.a(lib_a-reent.o)
                0x0000000020004734                errno
 .bss.heap_end.0
                0x0000000020004738        0x4 /home/rice/embedded/gcc-arm-none-eabi-10.3-2021.10/bin/../lib/gcc/arm-none-eabi/10.3.1/../../../../arm-none-eabi/lib/thumb/v7-m/nofp/libnosys.a(sbrk.o)
 *(COMMON)
                0x000000002000473c                . = ALIGN (0x4)
                0x000000002000473c                _ebss = .
                0x000000002000473c                __bss_end__ = _ebss

._user_heap_stack
                0x000000002000473c      0x604 load address 0x0000000008005160
                0x0000000020004740                . = ALIGN (0x8)
 *fill*         0x000000002000473c        0x4 
                0x0000000020004740                PROVIDE (end = .)
                [!provide]                        PROVIDE (_end = .)
                0x0000000020004940                . = (. + _Min_Heap_Size)
 *fill*         0x0000000020004740      0x200 
                0x0000000020004d40                . = (. + _Min_Stack_Size)
 *fill*         0x0000000020004940      0x400 
                0x0000000020004d40                . = ALIGN (0x8)

/DISCARD/
 libc.a(*)
 libm.a(*)
 libgcc.a(*)

.ARM.attributes
                0x0000000000000000       0x29
 *(.ARM.attributes)
 .ARM.attributes
                0x0000000000000000       0x1d /home/rice/embedded/gcc-arm-none-eabi-10.3-2021.10/bin/../lib/gcc/arm-none-eabi/10.3.1/thumb/v7-m/nofp/crti.o
 .ARM.attributes
                0x000000000000001d       0x2d /home/rice/embedded/gcc-arm-none-eabi-10.3-2021.10/bin/../lib/gcc/arm-none-eabi/10.3.1/thumb/v7-m/nofp/crtbegin.o
 .ARM.attributes
                0x000000000000004a       0x2d CMakeFiles/vscodeSTM32.elf.dir/freertos/list.c.obj
 .ARM.attributes
                0x0000000000000077       0x2d CMakeFiles/vscodeSTM32.elf.dir/freertos/portable/GCC/ARM_CM3/port.c.obj
 .ARM.attributes
                0x00000000000000a4       0x2d CMakeFiles/vscodeSTM32.elf.dir/freertos/portable/MemMang/heap_4.c.obj
 .ARM.attributes
                0x00000000000000d1       0x2d CMakeFiles/vscodeSTM32.elf.dir/freertos/tasks.c.obj
 .ARM.attributes
                0x00000000000000fe       0x2d CMakeFiles/vscodeSTM32.elf.dir/fwlib/CMSIS/system_stm32f10x.c.obj
 .ARM.attributes
                0x000000000000012b       0x2d CMakeFiles/vscodeSTM32.elf.dir/fwlib/STM32F10x_StdPeriph_Driver/src/misc.c.obj
 .ARM.attributes
                0x0000000000000158       0x2d CMakeFiles/vscodeSTM32.elf.dir/fwlib/STM32F10x_StdPeriph_Driver/src/stm32f10x_gpio.c.obj
 .ARM.attributes
                0x0000000000000185       0x2d CMakeFiles/vscodeSTM32.elf.dir/fwlib/STM32F10x_StdPeriph_Driver/src/stm32f10x_rcc.c.obj
 .ARM.attributes
                0x00000000000001b2       0x2d CMakeFiles/vscodeSTM32.elf.dir/fwlib/STM32F10x_StdPeriph_Driver/src/stm32f10x_usart.c.obj
 .ARM.attributes
                0x00000000000001df       0x21 CMakeFiles/vscodeSTM32.elf.dir/startup/startup_stm32f103zetx.s.obj
 .ARM.attributes
                0x0000000000000200       0x2d CMakeFiles/vscodeSTM32.elf.dir/user/bsp_usart.c.obj
 .ARM.attributes
                0x000000000000022d       0x2d CMakeFiles/vscodeSTM32.elf.dir/user/main.c.obj
 .ARM.attributes
                0x000000000000025a       0x2d CMakeFiles/vscodeSTM32.elf.dir/user/stm32f10x_it.c.obj
 .ARM.attributes
                0x0000000000000287       0x2d /home/rice/embedded/gcc-arm-none-eabi-10.3-2021.10/bin/../lib/gcc/arm-none-eabi/10.3.1/../../../../arm-none-eabi/lib/thumb/v7-m/nofp/libg_nano.a(lib_a-impure.o)
 .ARM.attributes
                0x00000000000002b4       0x2d /home/rice/embedded/gcc-arm-none-eabi-10.3-2021.10/bin/../lib/gcc/arm-none-eabi/10.3.1/../../../../arm-none-eabi/lib/thumb/v7-m/nofp/libg_nano.a(lib_a-init.o)
 .ARM.attributes
                0x00000000000002e1       0x2d /home/rice/embedded/gcc-arm-none-eabi-10.3-2021.10/bin/../lib/gcc/arm-none-eabi/10.3.1/../../../../arm-none-eabi/lib/thumb/v7-m/nofp/libg_nano.a(lib_a-memcpy-stub.o)
 .ARM.attributes
                0x000000000000030e       0x2d /home/rice/embedded/gcc-arm-none-eabi-10.3-2021.10/bin/../lib/gcc/arm-none-eabi/10.3.1/../../../../arm-none-eabi/lib/thumb/v7-m/nofp/libg_nano.a(lib_a-memset.o)
 .ARM.attributes
                0x000000000000033b       0x2d /home/rice/embedded/gcc-arm-none-eabi-10.3-2021.10/bin/../lib/gcc/arm-none-eabi/10.3.1/../../../../arm-none-eabi/lib/thumb/v7-m/nofp/libg_nano.a(lib_a-nano-vfprintf_float.o)
 .ARM.attributes
                0x0000000000000368       0x2d /home/rice/embedded/gcc-arm-none-eabi-10.3-2021.10/bin/../lib/gcc/arm-none-eabi/10.3.1/../../../../arm-none-eabi/lib/thumb/v7-m/nofp/libg_nano.a(lib_a-nano-vfprintf_i.o)
 .ARM.attributes
                0x0000000000000395       0x2d /home/rice/embedded/gcc-arm-none-eabi-10.3-2021.10/bin/../lib/gcc/arm-none-eabi/10.3.1/../../../../arm-none-eabi/lib/thumb/v7-m/nofp/libg_nano.a(lib_a-puts.o)
 .ARM.attributes
                0x00000000000003c2       0x17 /home/rice/embedded/gcc-arm-none-eabi-10.3-2021.10/bin/../lib/gcc/arm-none-eabi/10.3.1/../../../../arm-none-eabi/lib/thumb/v7-m/nofp/libg_nano.a(lib_a-strlen.o)
 .ARM.attributes
                0x00000000000003d9       0x2d /home/rice/embedded/gcc-arm-none-eabi-10.3-2021.10/bin/../lib/gcc/arm-none-eabi/10.3.1/../../../../arm-none-eabi/lib/thumb/v7-m/nofp/libg_nano.a(lib_a-wbuf.o)
 .ARM.attributes
                0x0000000000000406       0x2d /home/rice/embedded/gcc-arm-none-eabi-10.3-2021.10/bin/../lib/gcc/arm-none-eabi/10.3.1/../../../../arm-none-eabi/lib/thumb/v7-m/nofp/libg_nano.a(lib_a-wsetup.o)
 .ARM.attributes
                0x0000000000000433       0x2d /home/rice/embedded/gcc-arm-none-eabi-10.3-2021.10/bin/../lib/gcc/arm-none-eabi/10.3.1/../../../../arm-none-eabi/lib/thumb/v7-m/nofp/libg_nano.a(lib_a-dtoa.o)
 .ARM.attributes
                0x0000000000000460       0x2d /home/rice/embedded/gcc-arm-none-eabi-10.3-2021.10/bin/../lib/gcc/arm-none-eabi/10.3.1/../../../../arm-none-eabi/lib/thumb/v7-m/nofp/libg_nano.a(lib_a-fflush.o)
 .ARM.attributes
                0x000000000000048d       0x2d /home/rice/embedded/gcc-arm-none-eabi-10.3-2021.10/bin/../lib/gcc/arm-none-eabi/10.3.1/../../../../arm-none-eabi/lib/thumb/v7-m/nofp/libg_nano.a(lib_a-findfp.o)
 .ARM.attributes
                0x00000000000004ba       0x2d /home/rice/embedded/gcc-arm-none-eabi-10.3-2021.10/bin/../lib/gcc/arm-none-eabi/10.3.1/../../../../arm-none-eabi/lib/thumb/v7-m/nofp/libg_nano.a(lib_a-fwalk.o)
 .ARM.attributes
                0x00000000000004e7       0x2d /home/rice/embedded/gcc-arm-none-eabi-10.3-2021.10/bin/../lib/gcc/arm-none-eabi/10.3.1/../../../../arm-none-eabi/lib/thumb/v7-m/nofp/libg_nano.a(lib_a-localeconv.o)
 .ARM.attributes
                0x0000000000000514       0x2d /home/rice/embedded/gcc-arm-none-eabi-10.3-2021.10/bin/../lib/gcc/arm-none-eabi/10.3.1/../../../../arm-none-eabi/lib/thumb/v7-m/nofp/libg_nano.a(lib_a-lock.o)
 .ARM.attributes
                0x0000000000000541       0x2d /home/rice/embedded/gcc-arm-none-eabi-10.3-2021.10/bin/../lib/gcc/arm-none-eabi/10.3.1/../../../../arm-none-eabi/lib/thumb/v7-m/nofp/libg_nano.a(lib_a-makebuf.o)
 .ARM.attributes
                0x000000000000056e       0x2d /home/rice/embedded/gcc-arm-none-eabi-10.3-2021.10/bin/../lib/gcc/arm-none-eabi/10.3.1/../../../../arm-none-eabi/lib/thumb/v7-m/nofp/libg_nano.a(lib_a-malloc.o)
 .ARM.attributes
                0x000000000000059b       0x2d /home/rice/embedded/gcc-arm-none-eabi-10.3-2021.10/bin/../lib/gcc/arm-none-eabi/10.3.1/../../../../arm-none-eabi/lib/thumb/v7-m/nofp/libg_nano.a(lib_a-memchr-stub.o)
 .ARM.attributes
                0x00000000000005c8       0x2d /home/rice/embedded/gcc-arm-none-eabi-10.3-2021.10/bin/../lib/gcc/arm-none-eabi/10.3.1/../../../../arm-none-eabi/lib/thumb/v7-m/nofp/libg_nano.a(lib_a-mprec.o)
 .ARM.attributes
                0x00000000000005f5       0x2d /home/rice/embedded/gcc-arm-none-eabi-10.3-2021.10/bin/../lib/gcc/arm-none-eabi/10.3.1/../../../../arm-none-eabi/lib/thumb/v7-m/nofp/libg_nano.a(lib_a-nano-callocr.o)
 .ARM.attributes
                0x0000000000000622       0x2d /home/rice/embedded/gcc-arm-none-eabi-10.3-2021.10/bin/../lib/gcc/arm-none-eabi/10.3.1/../../../../arm-none-eabi/lib/thumb/v7-m/nofp/libg_nano.a(lib_a-nano-freer.o)
 .ARM.attributes
                0x000000000000064f       0x2d /home/rice/embedded/gcc-arm-none-eabi-10.3-2021.10/bin/../lib/gcc/arm-none-eabi/10.3.1/../../../../arm-none-eabi/lib/thumb/v7-m/nofp/libg_nano.a(lib_a-nano-mallocr.o)
 .ARM.attributes
                0x000000000000067c       0x2d /home/rice/embedded/gcc-arm-none-eabi-10.3-2021.10/bin/../lib/gcc/arm-none-eabi/10.3.1/../../../../arm-none-eabi/lib/thumb/v7-m/nofp/libg_nano.a(lib_a-sbrkr.o)
 .ARM.attributes
                0x00000000000006a9       0x2d /home/rice/embedded/gcc-arm-none-eabi-10.3-2021.10/bin/../lib/gcc/arm-none-eabi/10.3.1/../../../../arm-none-eabi/lib/thumb/v7-m/nofp/libg_nano.a(lib_a-stdio.o)
 .ARM.attributes
                0x00000000000006d6       0x2d /home/rice/embedded/gcc-arm-none-eabi-10.3-2021.10/bin/../lib/gcc/arm-none-eabi/10.3.1/../../../../arm-none-eabi/lib/thumb/v7-m/nofp/libg_nano.a(lib_a-writer.o)
 .ARM.attributes
                0x0000000000000703       0x2d /home/rice/embedded/gcc-arm-none-eabi-10.3-2021.10/bin/../lib/gcc/arm-none-eabi/10.3.1/../../../../arm-none-eabi/lib/thumb/v7-m/nofp/libg_nano.a(lib_a-assert.o)
 .ARM.attributes
                0x0000000000000730       0x2d /home/rice/embedded/gcc-arm-none-eabi-10.3-2021.10/bin/../lib/gcc/arm-none-eabi/10.3.1/../../../../arm-none-eabi/lib/thumb/v7-m/nofp/libg_nano.a(lib_a-closer.o)
 .ARM.attributes
                0x000000000000075d       0x2d /home/rice/embedded/gcc-arm-none-eabi-10.3-2021.10/bin/../lib/gcc/arm-none-eabi/10.3.1/../../../../arm-none-eabi/lib/thumb/v7-m/nofp/libg_nano.a(lib_a-fprintf.o)
 .ARM.attributes
                0x000000000000078a       0x2d /home/rice/embedded/gcc-arm-none-eabi-10.3-2021.10/bin/../lib/gcc/arm-none-eabi/10.3.1/../../../../arm-none-eabi/lib/thumb/v7-m/nofp/libg_nano.a(lib_a-fstatr.o)
 .ARM.attributes
                0x00000000000007b7       0x2d /home/rice/embedded/gcc-arm-none-eabi-10.3-2021.10/bin/../lib/gcc/arm-none-eabi/10.3.1/../../../../arm-none-eabi/lib/thumb/v7-m/nofp/libg_nano.a(lib_a-isattyr.o)
 .ARM.attributes
                0x00000000000007e4       0x2d /home/rice/embedded/gcc-arm-none-eabi-10.3-2021.10/bin/../lib/gcc/arm-none-eabi/10.3.1/../../../../arm-none-eabi/lib/thumb/v7-m/nofp/libg_nano.a(lib_a-locale.o)
 .ARM.attributes
                0x0000000000000811       0x2d /home/rice/embedded/gcc-arm-none-eabi-10.3-2021.10/bin/../lib/gcc/arm-none-eabi/10.3.1/../../../../arm-none-eabi/lib/thumb/v7-m/nofp/libg_nano.a(lib_a-lseekr.o)
 .ARM.attributes
                0x000000000000083e       0x2d /home/rice/embedded/gcc-arm-none-eabi-10.3-2021.10/bin/../lib/gcc/arm-none-eabi/10.3.1/../../../../arm-none-eabi/lib/thumb/v7-m/nofp/libg_nano.a(lib_a-mbtowc_r.o)
 .ARM.attributes
                0x000000000000086b       0x2d /home/rice/embedded/gcc-arm-none-eabi-10.3-2021.10/bin/../lib/gcc/arm-none-eabi/10.3.1/../../../../arm-none-eabi/lib/thumb/v7-m/nofp/libg_nano.a(lib_a-mlock.o)
 .ARM.attributes
                0x0000000000000898       0x2d /home/rice/embedded/gcc-arm-none-eabi-10.3-2021.10/bin/../lib/gcc/arm-none-eabi/10.3.1/../../../../arm-none-eabi/lib/thumb/v7-m/nofp/libg_nano.a(lib_a-nano-vfprintf.o)
 .ARM.attributes
                0x00000000000008c5       0x2d /home/rice/embedded/gcc-arm-none-eabi-10.3-2021.10/bin/../lib/gcc/arm-none-eabi/10.3.1/../../../../arm-none-eabi/lib/thumb/v7-m/nofp/libg_nano.a(lib_a-readr.o)
 .ARM.attributes
                0x00000000000008f2       0x2d /home/rice/embedded/gcc-arm-none-eabi-10.3-2021.10/bin/../lib/gcc/arm-none-eabi/10.3.1/../../../../arm-none-eabi/lib/thumb/v7-m/nofp/libg_nano.a(lib_a-reent.o)
 .ARM.attributes
                0x000000000000091f       0x2d /home/rice/embedded/gcc-arm-none-eabi-10.3-2021.10/bin/../lib/gcc/arm-none-eabi/10.3.1/../../../../arm-none-eabi/lib/thumb/v7-m/nofp/libg_nano.a(lib_a-wctomb_r.o)
 .ARM.attributes
                0x000000000000094c       0x2d /home/rice/embedded/gcc-arm-none-eabi-10.3-2021.10/bin/../lib/gcc/arm-none-eabi/10.3.1/../../../../arm-none-eabi/lib/thumb/v7-m/nofp/libg_nano.a(lib_a-abort.o)
 .ARM.attributes
                0x0000000000000979       0x2d /home/rice/embedded/gcc-arm-none-eabi-10.3-2021.10/bin/../lib/gcc/arm-none-eabi/10.3.1/../../../../arm-none-eabi/lib/thumb/v7-m/nofp/libg_nano.a(lib_a-ctype_.o)
 .ARM.attributes
                0x00000000000009a6       0x2d /home/rice/embedded/gcc-arm-none-eabi-10.3-2021.10/bin/../lib/gcc/arm-none-eabi/10.3.1/../../../../arm-none-eabi/lib/thumb/v7-m/nofp/libg_nano.a(lib_a-signal.o)
 .ARM.attributes
                0x00000000000009d3       0x2d /home/rice/embedded/gcc-arm-none-eabi-10.3-2021.10/bin/../lib/gcc/arm-none-eabi/10.3.1/../../../../arm-none-eabi/lib/thumb/v7-m/nofp/libg_nano.a(lib_a-signalr.o)
 .ARM.attributes
                0x0000000000000a00       0x1d /home/rice/embedded/gcc-arm-none-eabi-10.3-2021.10/bin/../lib/gcc/arm-none-eabi/10.3.1/thumb/v7-m/nofp/libgcc.a(_arm_addsubdf3.o)
 .ARM.attributes
                0x0000000000000a1d       0x1d /home/rice/embedded/gcc-arm-none-eabi-10.3-2021.10/bin/../lib/gcc/arm-none-eabi/10.3.1/thumb/v7-m/nofp/libgcc.a(_arm_muldivdf3.o)
 .ARM.attributes
                0x0000000000000a3a       0x1d /home/rice/embedded/gcc-arm-none-eabi-10.3-2021.10/bin/../lib/gcc/arm-none-eabi/10.3.1/thumb/v7-m/nofp/libgcc.a(_arm_cmpdf2.o)
 .ARM.attributes
                0x0000000000000a57       0x1d /home/rice/embedded/gcc-arm-none-eabi-10.3-2021.10/bin/../lib/gcc/arm-none-eabi/10.3.1/thumb/v7-m/nofp/libgcc.a(_arm_unorddf2.o)
 .ARM.attributes
                0x0000000000000a74       0x1d /home/rice/embedded/gcc-arm-none-eabi-10.3-2021.10/bin/../lib/gcc/arm-none-eabi/10.3.1/thumb/v7-m/nofp/libgcc.a(_arm_fixdfsi.o)
 .ARM.attributes
                0x0000000000000a91       0x2d /home/rice/embedded/gcc-arm-none-eabi-10.3-2021.10/bin/../lib/gcc/arm-none-eabi/10.3.1/../../../../arm-none-eabi/lib/thumb/v7-m/nofp/libnosys.a(close.o)
 .ARM.attributes
                0x0000000000000abe       0x2d /home/rice/embedded/gcc-arm-none-eabi-10.3-2021.10/bin/../lib/gcc/arm-none-eabi/10.3.1/../../../../arm-none-eabi/lib/thumb/v7-m/nofp/libnosys.a(fstat.o)
 .ARM.attributes
                0x0000000000000aeb       0x2d /home/rice/embedded/gcc-arm-none-eabi-10.3-2021.10/bin/../lib/gcc/arm-none-eabi/10.3.1/../../../../arm-none-eabi/lib/thumb/v7-m/nofp/libnosys.a(getpid.o)
 .ARM.attributes
                0x0000000000000b18       0x2d /home/rice/embedded/gcc-arm-none-eabi-10.3-2021.10/bin/../lib/gcc/arm-none-eabi/10.3.1/../../../../arm-none-eabi/lib/thumb/v7-m/nofp/libnosys.a(isatty.o)
 .ARM.attributes
                0x0000000000000b45       0x2d /home/rice/embedded/gcc-arm-none-eabi-10.3-2021.10/bin/../lib/gcc/arm-none-eabi/10.3.1/../../../../arm-none-eabi/lib/thumb/v7-m/nofp/libnosys.a(kill.o)
 .ARM.attributes
                0x0000000000000b72       0x2d /home/rice/embedded/gcc-arm-none-eabi-10.3-2021.10/bin/../lib/gcc/arm-none-eabi/10.3.1/../../../../arm-none-eabi/lib/thumb/v7-m/nofp/libnosys.a(lseek.o)
 .ARM.attributes
                0x0000000000000b9f       0x2d /home/rice/embedded/gcc-arm-none-eabi-10.3-2021.10/bin/../lib/gcc/arm-none-eabi/10.3.1/../../../../arm-none-eabi/lib/thumb/v7-m/nofp/libnosys.a(read.o)
 .ARM.attributes
                0x0000000000000bcc       0x2d /home/rice/embedded/gcc-arm-none-eabi-10.3-2021.10/bin/../lib/gcc/arm-none-eabi/10.3.1/../../../../arm-none-eabi/lib/thumb/v7-m/nofp/libnosys.a(sbrk.o)
 .ARM.attributes
                0x0000000000000bf9       0x2d /home/rice/embedded/gcc-arm-none-eabi-10.3-2021.10/bin/../lib/gcc/arm-none-eabi/10.3.1/../../../../arm-none-eabi/lib/thumb/v7-m/nofp/libnosys.a(_exit.o)
 .ARM.attributes
                0x0000000000000c26       0x1d /home/rice/embedded/gcc-arm-none-eabi-10.3-2021.10/bin/../lib/gcc/arm-none-eabi/10.3.1/thumb/v7-m/nofp/crtn.o
OUTPUT(vscodeSTM32.elf elf32-littlearm)
LOAD linker stubs
LOAD /home/rice/embedded/gcc-arm-none-eabi-10.3-2021.10/bin/../lib/gcc/arm-none-eabi/10.3.1/../../../../arm-none-eabi/lib/thumb/v7-m/nofp/libc.a
LOAD /home/rice/embedded/gcc-arm-none-eabi-10.3-2021.10/bin/../lib/gcc/arm-none-eabi/10.3.1/../../../../arm-none-eabi/lib/thumb/v7-m/nofp/libm.a
LOAD /home/rice/embedded/gcc-arm-none-eabi-10.3-2021.10/bin/../lib/gcc/arm-none-eabi/10.3.1/thumb/v7-m/nofp/libgcc.a

.debug_info     0x0000000000000000     0x6b2f
 .debug_info    0x0000000000000000      0x2e0 CMakeFiles/vscodeSTM32.elf.dir/freertos/list.c.obj
 .debug_info    0x00000000000002e0      0x354 CMakeFiles/vscodeSTM32.elf.dir/freertos/portable/GCC/ARM_CM3/port.c.obj
 .debug_info    0x0000000000000634      0x5d2 CMakeFiles/vscodeSTM32.elf.dir/freertos/portable/MemMang/heap_4.c.obj
 .debug_info    0x0000000000000c06     0x2504 CMakeFiles/vscodeSTM32.elf.dir/freertos/tasks.c.obj
 .debug_info    0x000000000000310a      0x49c CMakeFiles/vscodeSTM32.elf.dir/fwlib/CMSIS/system_stm32f10x.c.obj
 .debug_info    0x00000000000035a6      0x52c CMakeFiles/vscodeSTM32.elf.dir/fwlib/STM32F10x_StdPeriph_Driver/src/misc.c.obj
 .debug_info    0x0000000000003ad2      0x91e CMakeFiles/vscodeSTM32.elf.dir/fwlib/STM32F10x_StdPeriph_Driver/src/stm32f10x_gpio.c.obj
 .debug_info    0x00000000000043f0      0x97f CMakeFiles/vscodeSTM32.elf.dir/fwlib/STM32F10x_StdPeriph_Driver/src/stm32f10x_rcc.c.obj
 .debug_info    0x0000000000004d6f      0xc08 CMakeFiles/vscodeSTM32.elf.dir/fwlib/STM32F10x_StdPeriph_Driver/src/stm32f10x_usart.c.obj
 .debug_info    0x0000000000005977       0x22 CMakeFiles/vscodeSTM32.elf.dir/startup/startup_stm32f103zetx.s.obj
 .debug_info    0x0000000000005999      0x9ed CMakeFiles/vscodeSTM32.elf.dir/user/bsp_usart.c.obj
 .debug_info    0x0000000000006386      0x6d1 CMakeFiles/vscodeSTM32.elf.dir/user/main.c.obj
 .debug_info    0x0000000000006a57       0xd8 CMakeFiles/vscodeSTM32.elf.dir/user/stm32f10x_it.c.obj

.debug_abbrev   0x0000000000000000     0x15ec
 .debug_abbrev  0x0000000000000000      0x106 CMakeFiles/vscodeSTM32.elf.dir/freertos/list.c.obj
 .debug_abbrev  0x0000000000000106      0x1fa CMakeFiles/vscodeSTM32.elf.dir/freertos/portable/GCC/ARM_CM3/port.c.obj
 .debug_abbrev  0x0000000000000300      0x22c CMakeFiles/vscodeSTM32.elf.dir/freertos/portable/MemMang/heap_4.c.obj
 .debug_abbrev  0x000000000000052c      0x334 CMakeFiles/vscodeSTM32.elf.dir/freertos/tasks.c.obj
 .debug_abbrev  0x0000000000000860      0x1b8 CMakeFiles/vscodeSTM32.elf.dir/fwlib/CMSIS/system_stm32f10x.c.obj
 .debug_abbrev  0x0000000000000a18      0x198 CMakeFiles/vscodeSTM32.elf.dir/fwlib/STM32F10x_StdPeriph_Driver/src/misc.c.obj
 .debug_abbrev  0x0000000000000bb0      0x220 CMakeFiles/vscodeSTM32.elf.dir/fwlib/STM32F10x_StdPeriph_Driver/src/stm32f10x_gpio.c.obj
 .debug_abbrev  0x0000000000000dd0      0x204 CMakeFiles/vscodeSTM32.elf.dir/fwlib/STM32F10x_StdPeriph_Driver/src/stm32f10x_rcc.c.obj
 .debug_abbrev  0x0000000000000fd4      0x1dc CMakeFiles/vscodeSTM32.elf.dir/fwlib/STM32F10x_StdPeriph_Driver/src/stm32f10x_usart.c.obj
 .debug_abbrev  0x00000000000011b0       0x12 CMakeFiles/vscodeSTM32.elf.dir/startup/startup_stm32f103zetx.s.obj
 .debug_abbrev  0x00000000000011c2      0x210 CMakeFiles/vscodeSTM32.elf.dir/user/bsp_usart.c.obj
 .debug_abbrev  0x00000000000013d2      0x1d6 CMakeFiles/vscodeSTM32.elf.dir/user/main.c.obj
 .debug_abbrev  0x00000000000015a8       0x44 CMakeFiles/vscodeSTM32.elf.dir/user/stm32f10x_it.c.obj

.debug_loc      0x0000000000000000     0x40d3
 .debug_loc     0x0000000000000000       0xad CMakeFiles/vscodeSTM32.elf.dir/freertos/list.c.obj
 .debug_loc     0x00000000000000ad       0xbe CMakeFiles/vscodeSTM32.elf.dir/freertos/portable/GCC/ARM_CM3/port.c.obj
 .debug_loc     0x000000000000016b      0x49c CMakeFiles/vscodeSTM32.elf.dir/freertos/portable/MemMang/heap_4.c.obj
 .debug_loc     0x0000000000000607     0x2101 CMakeFiles/vscodeSTM32.elf.dir/freertos/tasks.c.obj
 .debug_loc     0x0000000000002708       0xff CMakeFiles/vscodeSTM32.elf.dir/fwlib/CMSIS/system_stm32f10x.c.obj
 .debug_loc     0x0000000000002807      0x16b CMakeFiles/vscodeSTM32.elf.dir/fwlib/STM32F10x_StdPeriph_Driver/src/misc.c.obj
 .debug_loc     0x0000000000002972      0x62c CMakeFiles/vscodeSTM32.elf.dir/fwlib/STM32F10x_StdPeriph_Driver/src/stm32f10x_gpio.c.obj
 .debug_loc     0x0000000000002f9e      0x654 CMakeFiles/vscodeSTM32.elf.dir/fwlib/STM32F10x_StdPeriph_Driver/src/stm32f10x_rcc.c.obj
 .debug_loc     0x00000000000035f2      0x80c CMakeFiles/vscodeSTM32.elf.dir/fwlib/STM32F10x_StdPeriph_Driver/src/stm32f10x_usart.c.obj
 .debug_loc     0x0000000000003dfe      0x28b CMakeFiles/vscodeSTM32.elf.dir/user/bsp_usart.c.obj
 .debug_loc     0x0000000000004089       0x4a CMakeFiles/vscodeSTM32.elf.dir/user/main.c.obj

.debug_aranges  0x0000000000000000      0x6f8
 .debug_aranges
                0x0000000000000000       0x40 CMakeFiles/vscodeSTM32.elf.dir/freertos/list.c.obj
 .debug_aranges
                0x0000000000000040       0x70 CMakeFiles/vscodeSTM32.elf.dir/freertos/portable/GCC/ARM_CM3/port.c.obj
 .debug_aranges
                0x00000000000000b0       0x60 CMakeFiles/vscodeSTM32.elf.dir/freertos/portable/MemMang/heap_4.c.obj
 .debug_aranges
                0x0000000000000110      0x1b0 CMakeFiles/vscodeSTM32.elf.dir/freertos/tasks.c.obj
 .debug_aranges
                0x00000000000002c0       0x38 CMakeFiles/vscodeSTM32.elf.dir/fwlib/CMSIS/system_stm32f10x.c.obj
 .debug_aranges
                0x00000000000002f8       0x40 CMakeFiles/vscodeSTM32.elf.dir/fwlib/STM32F10x_StdPeriph_Driver/src/misc.c.obj
 .debug_aranges
                0x0000000000000338       0xa8 CMakeFiles/vscodeSTM32.elf.dir/fwlib/STM32F10x_StdPeriph_Driver/src/stm32f10x_gpio.c.obj
 .debug_aranges
                0x00000000000003e0      0x118 CMakeFiles/vscodeSTM32.elf.dir/fwlib/STM32F10x_StdPeriph_Driver/src/stm32f10x_rcc.c.obj
 .debug_aranges
                0x00000000000004f8      0x100 CMakeFiles/vscodeSTM32.elf.dir/fwlib/STM32F10x_StdPeriph_Driver/src/stm32f10x_usart.c.obj
 .debug_aranges
                0x00000000000005f8       0x28 CMakeFiles/vscodeSTM32.elf.dir/startup/startup_stm32f103zetx.s.obj
 .debug_aranges
                0x0000000000000620       0x50 CMakeFiles/vscodeSTM32.elf.dir/user/bsp_usart.c.obj
 .debug_aranges
                0x0000000000000670       0x40 CMakeFiles/vscodeSTM32.elf.dir/user/main.c.obj
 .debug_aranges
                0x00000000000006b0       0x48 CMakeFiles/vscodeSTM32.elf.dir/user/stm32f10x_it.c.obj

.debug_ranges   0x0000000000000000      0x818
 .debug_ranges  0x0000000000000000       0x30 CMakeFiles/vscodeSTM32.elf.dir/freertos/list.c.obj
 .debug_ranges  0x0000000000000030       0x60 CMakeFiles/vscodeSTM32.elf.dir/freertos/portable/GCC/ARM_CM3/port.c.obj
 .debug_ranges  0x0000000000000090       0x50 CMakeFiles/vscodeSTM32.elf.dir/freertos/portable/MemMang/heap_4.c.obj
 .debug_ranges  0x00000000000000e0      0x388 CMakeFiles/vscodeSTM32.elf.dir/freertos/tasks.c.obj
 .debug_ranges  0x0000000000000468       0x28 CMakeFiles/vscodeSTM32.elf.dir/fwlib/CMSIS/system_stm32f10x.c.obj
 .debug_ranges  0x0000000000000490       0x30 CMakeFiles/vscodeSTM32.elf.dir/fwlib/STM32F10x_StdPeriph_Driver/src/misc.c.obj
 .debug_ranges  0x00000000000004c0       0x98 CMakeFiles/vscodeSTM32.elf.dir/fwlib/STM32F10x_StdPeriph_Driver/src/stm32f10x_gpio.c.obj
 .debug_ranges  0x0000000000000558      0x108 CMakeFiles/vscodeSTM32.elf.dir/fwlib/STM32F10x_StdPeriph_Driver/src/stm32f10x_rcc.c.obj
 .debug_ranges  0x0000000000000660       0xf0 CMakeFiles/vscodeSTM32.elf.dir/fwlib/STM32F10x_StdPeriph_Driver/src/stm32f10x_usart.c.obj
 .debug_ranges  0x0000000000000750       0x20 CMakeFiles/vscodeSTM32.elf.dir/startup/startup_stm32f103zetx.s.obj
 .debug_ranges  0x0000000000000770       0x40 CMakeFiles/vscodeSTM32.elf.dir/user/bsp_usart.c.obj
 .debug_ranges  0x00000000000007b0       0x30 CMakeFiles/vscodeSTM32.elf.dir/user/main.c.obj
 .debug_ranges  0x00000000000007e0       0x38 CMakeFiles/vscodeSTM32.elf.dir/user/stm32f10x_it.c.obj

.debug_line     0x0000000000000000     0x596d
 .debug_line    0x0000000000000000      0x39b CMakeFiles/vscodeSTM32.elf.dir/freertos/list.c.obj
 .debug_line    0x000000000000039b      0x425 CMakeFiles/vscodeSTM32.elf.dir/freertos/portable/GCC/ARM_CM3/port.c.obj
 .debug_line    0x00000000000007c0      0x70d CMakeFiles/vscodeSTM32.elf.dir/freertos/portable/MemMang/heap_4.c.obj
 .debug_line    0x0000000000000ecd     0x1ffc CMakeFiles/vscodeSTM32.elf.dir/freertos/tasks.c.obj
 .debug_line    0x0000000000002ec9      0x3d3 CMakeFiles/vscodeSTM32.elf.dir/fwlib/CMSIS/system_stm32f10x.c.obj
 .debug_line    0x000000000000329c      0x332 CMakeFiles/vscodeSTM32.elf.dir/fwlib/STM32F10x_StdPeriph_Driver/src/misc.c.obj
 .debug_line    0x00000000000035ce      0x750 CMakeFiles/vscodeSTM32.elf.dir/fwlib/STM32F10x_StdPeriph_Driver/src/stm32f10x_gpio.c.obj
 .debug_line    0x0000000000003d1e      0x8fe CMakeFiles/vscodeSTM32.elf.dir/fwlib/STM32F10x_StdPeriph_Driver/src/stm32f10x_rcc.c.obj
 .debug_line    0x000000000000461c      0x927 CMakeFiles/vscodeSTM32.elf.dir/fwlib/STM32F10x_StdPeriph_Driver/src/stm32f10x_usart.c.obj
 .debug_line    0x0000000000004f43       0xaf CMakeFiles/vscodeSTM32.elf.dir/startup/startup_stm32f103zetx.s.obj