Archive member included to satisfy reference by file (symbol)

/home/rice/embedded/gcc-arm-none-eabi-10.3-2021.10/bin/../lib/gcc/arm-none-eabi/10.3.1/../../../../arm-none-eabi/lib/thumb/v7-m/nofp/libg_nano.a(lib_a-exit.o)
                              /home/rice/embedded/gcc-arm-none-eabi-10.3-2021.10/bin/../lib/gcc/arm-none-eabi/10.3.1/../../../../arm-none-eabi/lib/thumb/v7-m/nofp/crt0.o (exit)
/home/rice/embedded/gcc-arm-none-eabi-10.3-2021.10/bin/../lib/gcc/arm-none-eabi/10.3.1/../../../../arm-none-eabi/lib/thumb/v7-m/nofp/libg_nano.a(lib_a-impure.o)
                              /home/rice/embedded/gcc-arm-none-eabi-10.3-2021.10/bin/../lib/gcc/arm-none-eabi/10.3.1/../../../../arm-none-eabi/lib/thumb/v7-m/nofp/libg_nano.a(lib_a-exit.o) (_global_impure_ptr)
/home/rice/embedded/gcc-arm-none-eabi-10.3-2021.10/bin/../lib/gcc/arm-none-eabi/10.3.1/../../../../arm-none-eabi/lib/thumb/v7-m/nofp/libg_nano.a(lib_a-init.o)
                              /home/rice/embedded/gcc-arm-none-eabi-10.3-2021.10/bin/../lib/gcc/arm-none-eabi/10.3.1/../../../../arm-none-eabi/lib/thumb/v7-m/nofp/crt0.o (__libc_init_array)
/home/rice/embedded/gcc-arm-none-eabi-10.3-2021.10/bin/../lib/gcc/arm-none-eabi/10.3.1/../../../../arm-none-eabi/lib/thumb/v7-m/nofp/libg_nano.a(lib_a-memcpy-stub.o)
                              CMakeFiles/vscodeSTM32.elf.dir/freertos/queue.c.obj (memcpy)
/home/rice/embedded/gcc-arm-none-eabi-10.3-2021.10/bin/../lib/gcc/arm-none-eabi/10.3.1/../../../../arm-none-eabi/lib/thumb/v7-m/nofp/libg_nano.a(lib_a-memset.o)
                              /home/rice/embedded/gcc-arm-none-eabi-10.3-2021.10/bin/../lib/gcc/arm-none-eabi/10.3.1/../../../../arm-none-eabi/lib/thumb/v7-m/nofp/crt0.o (memset)
/home/rice/embedded/gcc-arm-none-eabi-10.3-2021.10/bin/../lib/gcc/arm-none-eabi/10.3.1/../../../../arm-none-eabi/lib/thumb/v7-m/nofp/libg_nano.a(lib_a-nano-vfprintf_float.o)
                              (_printf_float)
/home/rice/embedded/gcc-arm-none-eabi-10.3-2021.10/bin/../lib/gcc/arm-none-eabi/10.3.1/../../../../arm-none-eabi/lib/thumb/v7-m/nofp/libg_nano.a(lib_a-nano-vfprintf_i.o)
                              /home/rice/embedded/gcc-arm-none-eabi-10.3-2021.10/bin/../lib/gcc/arm-none-eabi/10.3.1/../../../../arm-none-eabi/lib/thumb/v7-m/nofp/libg_nano.a(lib_a-nano-vfprintf_float.o) (_printf_common)
/home/rice/embedded/gcc-arm-none-eabi-10.3-2021.10/bin/../lib/gcc/arm-none-eabi/10.3.1/../../../../arm-none-eabi/lib/thumb/v7-m/nofp/libg_nano.a(lib_a-puts.o)
                              CMakeFiles/vscodeSTM32.elf.dir/user/main.c.obj (puts)
/home/rice/embedded/gcc-arm-none-eabi-10.3-2021.10/bin/../lib/gcc/arm-none-eabi/10.3.1/../../../../arm-none-eabi/lib/thumb/v7-m/nofp/libg_nano.a(lib_a-strlen.o)
                              /home/rice/embedded/gcc-arm-none-eabi-10.3-2021.10/bin/../lib/gcc/arm-none-eabi/10.3.1/../../../../arm-none-eabi/lib/thumb/v7-m/nofp/libg_nano.a(lib_a-nano-vfprintf_float.o) (strlen)
/home/rice/embedded/gcc-arm-none-eabi-10.3-2021.10/bin/../lib/gcc/arm-none-eabi/10.3.1/../../../../arm-none-eabi/lib/thumb/v7-m/nofp/libg_nano.a(lib_a-wbuf.o)
                              /home/rice/embedded/gcc-arm-none-eabi-10.3-2021.10/bin/../lib/gcc/arm-none-eabi/10.3.1/../../../../arm-none-eabi/lib/thumb/v7-m/nofp/libg_nano.a(lib_a-puts.o) (__swbuf_r)
/home/rice/embedded/gcc-arm-none-eabi-10.3-2021.10/bin/../lib/gcc/arm-none-eabi/10.3.1/../../../../arm-none-eabi/lib/thumb/v7-m/nofp/libg_nano.a(lib_a-wsetup.o)
                              /home/rice/embedded/gcc-arm-none-eabi-10.3-2021.10/bin/../lib/gcc/arm-none-eabi/10.3.1/../../../../arm-none-eabi/lib/thumb/v7-m/nofp/libg_nano.a(lib_a-puts.o) (__swsetup_r)
/home/rice/embedded/gcc-arm-none-eabi-10.3-2021.10/bin/../lib/gcc/arm-none-eabi/10.3.1/../../../../arm-none-eabi/lib/thumb/v7-m/nofp/libg_nano.a(lib_a-dtoa.o)
                              /home/rice/embedded/gcc-arm-none-eabi-10.3-2021.10/bin/../lib/gcc/arm-none-eabi/10.3.1/../../../../arm-none-eabi/lib/thumb/v7-m/nofp/libg_nano.a(lib_a-nano-vfprintf_float.o) (_dtoa_r)
/home/rice/embedded/gcc-arm-none-eabi-10.3-2021.10/bin/../lib/gcc/arm-none-eabi/10.3.1/../../../../arm-none-eabi/lib/thumb/v7-m/nofp/libg_nano.a(lib_a-fflush.o)
                              /home/rice/embedded/gcc-arm-none-eabi-10.3-2021.10/bin/../lib/gcc/arm-none-eabi/10.3.1/../../../../arm-none-eabi/lib/thumb/v7-m/nofp/libg_nano.a(lib_a-wbuf.o) (_fflush_r)
/home/rice/embedded/gcc-arm-none-eabi-10.3-2021.10/bin/../lib/gcc/arm-none-eabi/10.3.1/../../../../arm-none-eabi/lib/thumb/v7-m/nofp/libg_nano.a(lib_a-findfp.o)
                              /home/rice/embedded/gcc-arm-none-eabi-10.3-2021.10/bin/../lib/gcc/arm-none-eabi/10.3.1/../../../../arm-none-eabi/lib/thumb/v7-m/nofp/libg_nano.a(lib_a-puts.o) (__sinit)
/home/rice/embedded/gcc-arm-none-eabi-10.3-2021.10/bin/../lib/gcc/arm-none-eabi/10.3.1/../../../../arm-none-eabi/lib/thumb/v7-m/nofp/libg_nano.a(lib_a-fwalk.o)
[...]
Memory Configuration

Name             Origin             Length             Attributes
FLASH            0x0000000008000000 0x0000000000040000 xr
RAM              0x0000000020000000 0x0000000000010000 xrw
MEMORY_B1        0x0000000060000000 0x0000000000000000 xr
*default*        0x0000000000000000 0xffffffffffffffff

Linker script and memory map

LOAD /home/rice/embedded/gcc-arm-none-eabi-10.3-2021.10/bin/../lib/gcc/arm-none-eabi/10.3.1/thumb/v7-m/nofp/crti.o
LOAD /home/rice/embedded/gcc-arm-none-eabi-10.3-2021.10/bin/../lib/gcc/arm-none-eabi/10.3.1/thumb/v7-m/nofp/crtbegin.o
LOAD /home/rice/embedded/gcc-arm-none-eabi-10.3-2021.10/bin/../lib/gcc/arm-none-eabi/10.3.1/../../../../arm-none-eabi/lib/thumb/v7-m/nofp/crt0.o
LOAD CMakeFiles/vscodeSTM32.elf.dir/freertos/croutine.c.obj
LOAD CMakeFiles/vscodeSTM32.elf.dir/freertos/event_groups.c.obj
LOAD CMakeFiles/vscodeSTM32.elf.dir/freertos/list.c.obj
LOAD CMakeFiles/vscodeSTM32.elf.dir/freertos/portable/GCC/ARM_CM3/port.c.obj
LOAD CMakeFiles/vscodeSTM32.elf.dir/freertos/portable/MemMang/heap_4.c.obj
LOAD CMakeFiles/vscodeSTM32.elf.dir/freertos/queue.c.obj
LOAD CMakeFiles/vscodeSTM32.elf.dir/freertos/stream_buffer.c.obj
LOAD CMakeFiles/vscodeSTM32.elf.dir/freertos/tasks.c.obj
LOAD CMakeFiles/vscodeSTM32.elf.dir/freertos/timers.c.obj
LOAD CMakeFiles/vscodeSTM32.elf.dir/fwlib/CMSIS/core_cm3.c.obj
LOAD CMakeFiles/vscodeSTM32.elf.dir/fwlib/CMSIS/system_stm32f10x.c.obj
LOAD CMakeFiles/vscodeSTM32.elf.dir/fwlib/STM32F10x_StdPeriph_Driver/src/misc.c.obj
LOAD CMakeFiles/vscodeSTM32.elf.dir/fwlib/STM32F10x_StdPeriph_Driver/src/stm32f10x_adc.c.obj
LOAD CMakeFiles/vscodeSTM32.elf.dir/fwlib/STM32F10x_StdPeriph_Driver/src/stm32f10x_bkp.c.obj
LOAD CMakeFiles/vscodeSTM32.elf.dir/fwlib/STM32F10x_StdPeriph_Driver/src/stm32f10x_can.c.obj
LOAD CMakeFiles/vscodeSTM32.elf.dir/fwlib/STM32F10x_StdPeriph_Driver/src/stm32f10x_cec.c.obj
LOAD CMakeFiles/vscodeSTM32.elf.dir/fwlib/STM32F10x_StdPeriph_Driver/src/stm32f10x_crc.c.obj
LOAD CMakeFiles/vscodeSTM32.elf.dir/fwlib/STM32F10x_StdPeriph_Driver/src/stm32f10x_dac.c.obj
LOAD CMakeFiles/vscodeSTM32.elf.dir/fwlib/STM32F10x_StdPeriph_Driver/src/stm32f10x_dbgmcu.c.obj
LOAD CMakeFiles/vscodeSTM32.elf.dir/fwlib/STM32F10x_StdPeriph_Driver/src/stm32f10x_dma.c.obj
LOAD CMakeFiles/vscodeSTM32.elf.dir/fwlib/STM32F10x_StdPeriph_Driver/src/stm32f10x_exti.c.obj
LOAD CMakeFiles/vscodeSTM32.elf.dir/fwlib/STM32F10x_StdPeriph_Driver/src/stm32f10x_flash.c.obj
LOAD CMakeFiles/vscodeSTM32.elf.dir/fwlib/STM32F10x_StdPeriph_Driver/src/stm32f10x_fsmc.c.obj
LOAD CMakeFiles/vscodeSTM32.elf.dir/fwlib/STM32F10x_StdPeriph_Driver/src/stm32f10x_gpio.c.obj
LOAD CMakeFiles/vscodeSTM32.elf.dir/fwlib/STM32F10x_StdPeriph_Driver/src/stm32f10x_i2c.c.obj
LOAD CMakeFiles/vscodeSTM32.elf.dir/fwlib/STM32F10x_StdPeriph_Driver/src/stm32f10x_iwdg.c.obj
LOAD CMakeFiles/vscodeSTM32.elf.dir/fwlib/STM32F10x_StdPeriph_Driver/src/stm32f10x_pwr.c.obj
LOAD CMakeFiles/vscodeSTM32.elf.dir/fwlib/STM32F10x_StdPeriph_Driver/src/stm32f10x_rcc.c.obj
LOAD CMakeFiles/vscodeSTM32.elf.dir/fwlib/STM32F10x_StdPeriph_Driver/src/stm32f10x_rtc.c.obj
LOAD CMakeFiles/vscodeSTM32.elf.dir/fwlib/STM32F10x_StdPeriph_Driver/src/stm32f10x_sdio.c.obj
LOAD CMakeFiles/vscodeSTM32.elf.dir/fwlib/STM32F10x_StdPeriph_Driver/src/stm32f10x_spi.c.obj
LOAD CMakeFiles/vscodeSTM32.elf.dir/fwlib/STM32F10x_StdPeriph_Driver/src/stm32f10x_tim.c.obj
LOAD CMakeFiles/vscodeSTM32.elf.dir/fwlib/STM32F10x_StdPeriph_Driver/src/stm32f10x_usart.c.obj
LOAD CMakeFiles/vscodeSTM32.elf.dir/fwlib/STM32F10x_StdPeriph_Driver/src/stm32f10x_wwdg.c.obj
LOAD CMakeFiles/vscodeSTM32.elf.dir/startup/startup_stm32f103zetx.s.obj
LOAD CMakeFiles/vscodeSTM32.elf.dir/user/bsp_usart.c.obj
LOAD CMakeFiles/vscodeSTM32.elf.dir/user/main.c.obj
LOAD CMakeFiles/vscodeSTM32.elf.dir/user/stm32f10x_it.c.obj
START GROUP
LOAD /home/rice/embedded/gcc-arm-none-eabi-10.3-2021.10/bin/../lib/gcc/arm-none-eabi/10.3.1/thumb/v7-m/nofp/libgcc.a
LOAD /home/rice/embedded/gcc-arm-none-eabi-10.3-2021.10/bin/../lib/gcc/arm-none-eabi/10.3.1/../../../../arm-none-eabi/lib/thumb/v7-m/nofp/libg_nano.a
LOAD /home/rice/embedded/gcc-arm-none-eabi-10.3-2021.10/bin/../lib/gcc/arm-none-eabi/10.3.1/../../../../arm-none-eabi/lib/thumb/v7-m/nofp/libc_nano.a
END GROUP
START GROUP
LOAD /home/rice/embedded/gcc-arm-none-eabi-10.3-2021.10/bin/../lib/gcc/arm-none-eabi/10.3.1/thumb/v7-m/nofp/libgcc.a
LOAD /home/rice/embedded/gcc-arm-none-eabi-10.3-2021.10/bin/../lib/gcc/arm-none-eabi/10.3.1/../../../../arm-none-eabi/lib/thumb/v7-m/nofp/libc_nano.a
LOAD /home/rice/embedded/gcc-arm-none-eabi-10.3-2021.10/bin/../lib/gcc/arm-none-eabi/10.3.1/../../../../arm-none-eabi/lib/thumb/v7-m/nofp/libnosys.a
END GROUP
START GROUP
LOAD /home/rice/embedded/gcc-arm-none-eabi-10.3-2021.10/bin/../lib/gcc/arm-none-eabi/10.3.1/thumb/v7-m/nofp/libgcc.a
LOAD /home/rice/embedded/gcc-arm-none-eabi-10.3-2021.10/bin/../lib/gcc/arm-none-eabi/10.3.1/../../../../arm-none-eabi/lib/thumb/v7-m/nofp/libc_nano.a
LOAD /home/rice/embedded/gcc-arm-none-eabi-10.3-2021.10/bin/../lib/gcc/arm-none-eabi/10.3.1/../../../../arm-none-eabi/lib/thumb/v7-m/nofp/libnosys.a
END GROUP
LOAD /home/rice/embedded/gcc-arm-none-eabi-10.3-2021.10/bin/../lib/gcc/arm-none-eabi/10.3.1/thumb/v7-m/nofp/crtend.o
LOAD /home/rice/embedded/gcc-arm-none-eabi-10.3-2021.10/bin/../lib/gcc/arm-none-eabi/10.3.1/thumb/v7-m/nofp/crtn.o
                0x0000000020010000                _estack = 0x20010000
                0x0000000000000000                _Min_Heap_Size = 0x0
                0x0000000000000200                _Min_Stack_Size = 0x200

.isr_vector     0x0000000008000000      0x10c
                0x0000000008000000                . = ALIGN (0x4)
 *(.isr_vector)
 .isr_vector    0x0000000008000000      0x10c CMakeFiles/vscodeSTM32.elf.dir/startup/startup_stm32f103zetx.s.obj
                0x0000000008000000                g_pfnVectors
                0x000000000800010c                . = ALIGN (0x4)

.eh_frame       0x000000000800010c        0x0
 .eh_frame      0x000000000800010c        0x0 /home/rice/embedded/gcc-arm-none-eabi-10.3-2021.10/bin/../lib/gcc/arm-none-eabi/10.3.1/thumb/v7-m/nofp/crtbegin.o

.text           0x0000000008000110     0x42f4
                0x0000000008000110                . = ALIGN (0x4)
 *(.text)
 .text          0x0000000008000110       0x40 /home/rice/embedded/gcc-arm-none-eabi-10.3-2021.10/bin/../lib/gcc/arm-none-eabi/10.3.1/thumb/v7-m/nofp/crtbegin.o
 .text          0x0000000008000150       0x10 /home/rice/embedded/gcc-arm-none-eabi-10.3-2021.10/bin/../lib/gcc/arm-none-eabi/10.3.1/../../../../arm-none-eabi/lib/thumb/v7-m/nofp/libg_nano.a(lib_a-strlen.o)
                0x0000000008000150                strlen
 .text          0x0000000008000160      0x378 /home/rice/embedded/gcc-arm-none-eabi-10.3-2021.10/bin/../lib/gcc/arm-none-eabi/10.3.1/thumb/v7-m/nofp/libgcc.a(_arm_addsubdf3.o)
                0x0000000008000160                __aeabi_drsub
                0x0000000008000168                __aeabi_dsub
                0x0000000008000168                __subdf3
                0x000000000800016c                __adddf3
                0x000000000800016c                __aeabi_dadd
                0x00000000080003e4                __aeabi_ui2d
                0x00000000080003e4                __floatunsidf
                0x0000000008000404                __floatsidf
                0x0000000008000404                __aeabi_i2d
                0x0000000008000428                __extendsfdf2
                0x0000000008000428                __aeabi_f2d
                0x000000000800046c                __aeabi_ul2d
                0x000000000800046c                __floatundidf
                0x000000000800047c                __floatdidf
                0x000000000800047c                __aeabi_l2d
 .text          0x00000000080004d8      0x424 /home/rice/embedded/gcc-arm-none-eabi-10.3-2021.10/bin/../lib/gcc/arm-none-eabi/10.3.1/thumb/v7-m/nofp/libgcc.a(_arm_muldivdf3.o)
                0x00000000080004d8                __aeabi_dmul
                0x00000000080004d8                __muldf3
                0x000000000800072c                __aeabi_ddiv
                0x000000000800072c                __divdf3
 .text          0x00000000080008fc      0x110 /home/rice/embedded/gcc-arm-none-eabi-10.3-2021.10/bin/../lib/gcc/arm-none-eabi/10.3.1/thumb/v7-m/nofp/libgcc.a(_arm_cmpdf2.o)
                0x00000000080008fc                __gtdf2
                0x00000000080008fc                __gedf2
                0x0000000008000904                __ltdf2
                0x0000000008000904                __ledf2
                0x000000000800090c                __cmpdf2
                0x000000000800090c                __eqdf2
                0x000000000800090c                __nedf2
                0x0000000008000988                __aeabi_cdrcmple
                0x0000000008000998                __aeabi_cdcmple
                0x0000000008000998                __aeabi_cdcmpeq
                0x00000000080009a8                __aeabi_dcmpeq
                0x00000000080009bc                __aeabi_dcmplt
                0x00000000080009d0                __aeabi_dcmple
                0x00000000080009e4                __aeabi_dcmpge
                0x00000000080009f8                __aeabi_dcmpgt
 .text          0x0000000008000a0c       0x2c /home/rice/embedded/gcc-arm-none-eabi-10.3-2021.10/bin/../lib/gcc/arm-none-eabi/10.3.1/thumb/v7-m/nofp/libgcc.a(_arm_unorddf2.o)
                0x0000000008000a0c                __aeabi_dcmpun
                0x0000000008000a0c                __unorddf2
 .text          0x0000000008000a38       0x50 /home/rice/embedded/gcc-arm-none-eabi-10.3-2021.10/bin/../lib/gcc/arm-none-eabi/10.3.1/thumb/v7-m/nofp/libgcc.a(_arm_fixdfsi.o)
                0x0000000008000a38                __fixdfsi
                0x0000000008000a38                __aeabi_d2iz
 *(.text*)
 .text.vListInsert
                0x0000000008000a88       0x32 CMakeFiles/vscodeSTM32.elf.dir/freertos/list.c.obj
                0x0000000008000a88                vListInsert
 .text.uxListRemove
                0x0000000008000aba       0x26 CMakeFiles/vscodeSTM32.elf.dir/freertos/list.c.obj
                0x0000000008000aba                uxListRemove
 .text.SVC_Handler
                0x0000000008000ae0       0x24 CMakeFiles/vscodeSTM32.elf.dir/freertos/portable/GCC/ARM_CM3/port.c.obj
                0x0000000008000ae0                SVC_Handler
 .text.vPortEnterCritical
                0x0000000008000b04       0x20 CMakeFiles/vscodeSTM32.elf.dir/freertos/portable/GCC/ARM_CM3/port.c.obj
                0x0000000008000b04                vPortEnterCritical
 .text.vPortExitCritical
                0x0000000008000b24       0x14 CMakeFiles/vscodeSTM32.elf.dir/freertos/portable/GCC/ARM_CM3/port.c.obj
                0x0000000008000b24                vPortExitCritical
 *fill*         0x0000000008000b38        0x8 
 .text.PendSV_Handler
                0x0000000008000b40       0x44 CMakeFiles/vscodeSTM32.elf.dir/freertos/portable/GCC/ARM_CM3/port.c.obj
                0x0000000008000b40                PendSV_Handler
 .text.SysTick_Handler
                0x0000000008000b84       0x2c CMakeFiles/vscodeSTM32.elf.dir/freertos/portable/GCC/ARM_CM3/port.c.obj
                0x0000000008000b84                SysTick_Handler
 .text.prvResetNextTaskUnblockTime
                0x0000000008000bb0       0x28 CMakeFiles/vscodeSTM32.elf.dir/freertos/tasks.c.obj
 .text.prvAddCurrentTaskToDelayedList
                0x0000000008000bd8       0xb4 CMakeFiles/vscodeSTM32.elf.dir/freertos/tasks.c.obj
 .text.vTaskSuspendAll
                0x0000000008000c8c       0x10 CMakeFiles/vscodeSTM32.elf.dir/freertos/tasks.c.obj
                0x0000000008000c8c                vTaskSuspendAll
 .text.xTaskIncrementTick
                0x0000000008000c9c      0x160 CMakeFiles/vscodeSTM32.elf.dir/freertos/tasks.c.obj
                0x0000000008000c9c                xTaskIncrementTick
 .text.xTaskResumeAll
                0x0000000008000dfc      0x134 CMakeFiles/vscodeSTM32.elf.dir/freertos/tasks.c.obj
                0x0000000008000dfc                xTaskResumeAll
 .text.vTaskDelay
                0x0000000008000f30       0x32 CMakeFiles/vscodeSTM32.elf.dir/freertos/tasks.c.obj
                0x0000000008000f30                vTaskDelay
 *fill*         0x0000000008000f62        0x2 
 .text.vTaskSwitchContext
                0x0000000008000f64       0x78 CMakeFiles/vscodeSTM32.elf.dir/freertos/tasks.c.obj
                0x0000000008000f64                vTaskSwitchContext
 .text.SetSysClockTo72
                0x0000000008000fdc       0xc4 CMakeFiles/vscodeSTM32.elf.dir/fwlib/CMSIS/system_stm32f10x.c.obj
 .text.SetSysClock
                0x00000000080010a0        0x8 CMakeFiles/vscodeSTM32.elf.dir/fwlib/CMSIS/system_stm32f10x.c.obj
 .text.SystemInit
                0x00000000080010a8       0x50 CMakeFiles/vscodeSTM32.elf.dir/fwlib/CMSIS/system_stm32f10x.c.obj
                0x00000000080010a8                SystemInit
 .text.NVIC_PriorityGroupConfig
                0x00000000080010f8       0x14 CMakeFiles/vscodeSTM32.elf.dir/fwlib/STM32F10x_StdPeriph_Driver/src/misc.c.obj
                0x00000000080010f8                NVIC_PriorityGroupConfig
 .text.NVIC_SetVectorTable
                0x000000000800110c       0x14 CMakeFiles/vscodeSTM32.elf.dir/fwlib/STM32F10x_StdPeriph_Driver/src/misc.c.obj
                0x000000000800110c                NVIC_SetVectorTable
 .text.SysTick_CLKSourceConfig
                0x0000000008001120       0x20 CMakeFiles/vscodeSTM32.elf.dir/fwlib/STM32F10x_StdPeriph_Driver/src/misc.c.obj
                0x0000000008001120                SysTick_CLKSourceConfig
 .text.GPIO_Init
                0x0000000008001140       0xb2 CMakeFiles/vscodeSTM32.elf.dir/fwlib/STM32F10x_StdPeriph_Driver/src/stm32f10x_gpio.c.obj
                0x0000000008001140                GPIO_Init
 .text.GPIO_SetBits
                0x00000000080011f2        0x4 CMakeFiles/vscodeSTM32.elf.dir/fwlib/STM32F10x_StdPeriph_Driver/src/stm32f10x_gpio.c.obj
                0x00000000080011f2                GPIO_SetBits
 .text.GPIO_ResetBits
                0x00000000080011f6        0x4 CMakeFiles/vscodeSTM32.elf.dir/fwlib/STM32F10x_StdPeriph_Driver/src/stm32f10x_gpio.c.obj
                0x00000000080011f6                GPIO_ResetBits
 *fill*         0x00000000080011fa        0x2 
 .text.RCC_DeInit
                0x00000000080011fc       0x40 CMakeFiles/vscodeSTM32.elf.dir/fwlib/STM32F10x_StdPeriph_Driver/src/stm32f10x_rcc.c.obj
                0x00000000080011fc                RCC_DeInit
 .text.RCC_HSEConfig
                0x000000000800123c       0x3c CMakeFiles/vscodeSTM32.elf.dir/fwlib/STM32F10x_StdPeriph_Driver/src/stm32f10x_rcc.c.obj
                0x000000000800123c                RCC_HSEConfig
 .text.RCC_PLLConfig
                0x0000000008001278       0x14 CMakeFiles/vscodeSTM32.elf.dir/fwlib/STM32F10x_StdPeriph_Driver/src/stm32f10x_rcc.c.obj
                0x0000000008001278                RCC_PLLConfig
 .text.RCC_PLLCmd
                0x000000000800128c        0xc CMakeFiles/vscodeSTM32.elf.dir/fwlib/STM32F10x_StdPeriph_Driver/src/stm32f10x_rcc.c.obj
                0x000000000800128c                RCC_PLLCmd
 .text.RCC_SYSCLKConfig
                0x0000000008001298       0x14 CMakeFiles/vscodeSTM32.elf.dir/fwlib/STM32F10x_StdPeriph_Driver/src/stm32f10x_rcc.c.obj
                0x0000000008001298                RCC_SYSCLKConfig
 .text.RCC_GetSYSCLKSource
                0x00000000080012ac       0x10 CMakeFiles/vscodeSTM32.elf.dir/fwlib/STM32F10x_StdPeriph_Driver/src/stm32f10x_rcc.c.obj
                0x00000000080012ac                RCC_GetSYSCLKSource
 .text.RCC_HCLKConfig
                0x00000000080012bc       0x14 CMakeFiles/vscodeSTM32.elf.dir/fwlib/STM32F10x_StdPeriph_Driver/src/stm32f10x_rcc.c.obj
                0x00000000080012bc                RCC_HCLKConfig
 .text.RCC_PCLK1Config
                0x00000000080012d0       0x14 CMakeFiles/vscodeSTM32.elf.dir/fwlib/STM32F10x_StdPeriph_Driver/src/stm32f10x_rcc.c.obj
                0x00000000080012d0                RCC_PCLK1Config
 .text.RCC_PCLK2Config
                0x00000000080012e4       0x14 CMakeFiles/vscodeSTM32.elf.dir/fwlib/STM32F10x_StdPeriph_Driver/src/stm32f10x_rcc.c.obj
                0x00000000080012e4                RCC_PCLK2Config
 .text.RCC_APB2PeriphClockCmd
                0x00000000080012f8       0x1c CMakeFiles/vscodeSTM32.elf.dir/fwlib/STM32F10x_StdPeriph_Driver/src/stm32f10x_rcc.c.obj
                0x00000000080012f8                RCC_APB2PeriphClockCmd
 .text.RCC_APB1PeriphClockCmd
                0x0000000008001314       0x1c CMakeFiles/vscodeSTM32.elf.dir/fwlib/STM32F10x_StdPeriph_Driver/src/stm32f10x_rcc.c.obj
                0x0000000008001314                RCC_APB1PeriphClockCmd
 .text.RCC_GetFlagStatus
                0x0000000008001330       0x34 CMakeFiles/vscodeSTM32.elf.dir/fwlib/STM32F10x_StdPeriph_Driver/src/stm32f10x_rcc.c.obj
                0x0000000008001330                RCC_GetFlagStatus
 .text.USART_SendData
                0x0000000008001364        0x8 CMakeFiles/vscodeSTM32.elf.dir/fwlib/STM32F10x_StdPeriph_Driver/src/stm32f10x_usart.c.obj
                0x0000000008001364                USART_SendData
 .text.USART_GetFlagStatus
                0x000000000800136c        0xe CMakeFiles/vscodeSTM32.elf.dir/fwlib/STM32F10x_StdPeriph_Driver/src/stm32f10x_usart.c.obj
                0x000000000800136c                USART_GetFlagStatus
 *fill*         0x000000000800137a        0x2 
 .text.Reset_Handler
                0x000000000800137c       0x44 CMakeFiles/vscodeSTM32.elf.dir/startup/startup_stm32f103zetx.s.obj
                0x000000000800137c                Reset_Handler
 .text.Default_Handler
                0x00000000080013c0        0x2 CMakeFiles/vscodeSTM32.elf.dir/startup/startup_stm32f103zetx.s.obj
                0x00000000080013c0                EXTI2_IRQHandler
                0x00000000080013c0                TIM1_CC_IRQHandler
                0x00000000080013c0                PVD_IRQHandler
                0x00000000080013c0                EXTI3_IRQHandler
                0x00000000080013c0                EXTI0_IRQHandler
                0x00000000080013c0                I2C2_EV_IRQHandler
                0x00000000080013c0                ADC1_2_IRQHandler
                0x00000000080013c0                SPI1_IRQHandler
                0x00000000080013c0                TAMPER_IRQHandler
                0x00000000080013c0                DMA1_Channel4_IRQHandler
                0x00000000080013c0                USART3_IRQHandler
                0x00000000080013c0                RTC_IRQHandler
                0x00000000080013c0                DMA1_Channel7_IRQHandler
                0x00000000080013c0                CAN1_RX1_IRQHandler
                0x00000000080013c0                TIM4_IRQHandler
                0x00000000080013c0                I2C1_EV_IRQHandler
                0x00000000080013c0                DMA1_Channel6_IRQHandler
                0x00000000080013c0                TIM3_IRQHandler
                0x00000000080013c0                RCC_IRQHandler
                0x00000000080013c0                TIM1_TRG_COM_IRQHandler
                0x00000000080013c0                DMA1_Channel1_IRQHandler
                0x00000000080013c0                Default_Handler
                0x00000000080013c0                EXTI15_10_IRQHandler
                0x00000000080013c0                EXTI9_5_IRQHandler
                0x00000000080013c0                SPI2_IRQHandler
                0x00000000080013c0                DMA1_Channel5_IRQHandler
                0x00000000080013c0                EXTI4_IRQHandler
                0x00000000080013c0                USB_LP_CAN1_RX0_IRQHandler
                0x00000000080013c0                USB_HP_CAN1_TX_IRQHandler
                0x00000000080013c0                DMA1_Channel3_IRQHandler
                0x00000000080013c0                TIM1_UP_IRQHandler
                0x00000000080013c0                WWDG_IRQHandler
                0x00000000080013c0                TIM2_IRQHandler
                0x00000000080013c0                TIM1_BRK_IRQHandler
                0x00000000080013c0                EXTI1_IRQHandler
                0x00000000080013c0                RTCAlarm_IRQHandler
                0x00000000080013c0                USART2_IRQHandler
                0x00000000080013c0                I2C2_ER_IRQHandler
                0x00000000080013c0                DMA1_Channel2_IRQHandler
                0x00000000080013c0                CAN1_SCE_IRQHandler
                0x00000000080013c0                FLASH_IRQHandler
                0x00000000080013c0                USART1_IRQHandler
                0x00000000080013c0                I2C1_ER_IRQHandler
                0x00000000080013c0                USBWakeUp_IRQHandler
 .text.USART_SendByte
                0x00000000080013c2       0x16 CMakeFiles/vscodeSTM32.elf.dir/user/bsp_usart.c.obj
                0x00000000080013c2                USART_SendByte
 .text._write   0x00000000080013d8       0x30 CMakeFiles/vscodeSTM32.elf.dir/user/bsp_usart.c.obj
                0x00000000080013d8                _write
 .text.GPIO_LED_Conf
                0x0000000008001408       0x34 CMakeFiles/vscodeSTM32.elf.dir/user/main.c.obj
 .text.prvSetupHardware
                0x000000000800143c       0x8c CMakeFiles/vscodeSTM32.elf.dir/user/main.c.obj
 .text.Task1_LED
                0x00000000080014c8       0x34 CMakeFiles/vscodeSTM32.elf.dir/user/main.c.obj
                0x00000000080014c8                Task1_LED
 .text.main     0x00000000080014fc        0xc CMakeFiles/vscodeSTM32.elf.dir/user/main.c.obj
                0x00000000080014fc                main
 .text.NMI_Handler
                0x0000000008001508        0x2 CMakeFiles/vscodeSTM32.elf.dir/user/stm32f10x_it.c.obj
                0x0000000008001508                NMI_Handler
 .text.HardFault_Handler
                0x000000000800150a        0x2 CMakeFiles/vscodeSTM32.elf.dir/user/stm32f10x_it.c.obj
                0x000000000800150a                HardFault_Handler
 .text.MemManage_Handler
                0x000000000800150c        0x2 CMakeFiles/vscodeSTM32.elf.dir/user/stm32f10x_it.c.obj
                0x000000000800150c                MemManage_Handler
 .text.BusFault_Handler
                0x000000000800150e        0x2 CMakeFiles/vscodeSTM32.elf.dir/user/stm32f10x_it.c.obj
                0x000000000800150e                BusFault_Handler
 .text.UsageFault_Handler
                0x0000000008001510        0x2 CMakeFiles/vscodeSTM32.elf.dir/user/stm32f10x_it.c.obj
                0x0000000008001510                UsageFault_Handler
 .text.DebugMon_Handler
                0x0000000008001512        0x2 CMakeFiles/vscodeSTM32.elf.dir/user/stm32f10x_it.c.obj
                0x0000000008001512                DebugMon_Handler
 .text.memcpy   0x0000000008001514       0x1c /home/rice/embedded/gcc-arm-none-eabi-10.3-2021.10/bin/../lib/gcc/arm-none-eabi/10.3.1/../../../../arm-none-eabi/lib/thumb/v7-m/nofp/libg_nano.a(lib_a-memcpy-stub.o)
                0x0000000008001514                memcpy
 .text.memset   0x0000000008001530       0x10 /home/rice/embedded/gcc-arm-none-eabi-10.3-2021.10/bin/../lib/gcc/arm-none-eabi/10.3.1/../../../../arm-none-eabi/lib/thumb/v7-m/nofp/libg_nano.a(lib_a-memset.o)
                0x0000000008001530                memset
 .text.__cvt    0x0000000008001540       0xbe /home/rice/embedded/gcc-arm-none-eabi-10.3-2021.10/bin/../lib/gcc/arm-none-eabi/10.3.1/../../../../arm-none-eabi/lib/thumb/v7-m/nofp/libg_nano.a(lib_a-nano-vfprintf_float.o)
                0x0000000008001540                __cvt
 .text.__exponent
                0x00000000080015fe       0x7c /home/rice/embedded/gcc-arm-none-eabi-10.3-2021.10/bin/../lib/gcc/arm-none-eabi/10.3.1/../../../../arm-none-eabi/lib/thumb/v7-m/nofp/libg_nano.a(lib_a-nano-vfprintf_float.o)
                0x00000000080015fe                __exponent
 *fill*         0x000000000800167a        0x2 
 .text._printf_float
                0x000000000800167c      0x458 /home/rice/embedded/gcc-arm-none-eabi-10.3-2021.10/bin/../lib/gcc/arm-none-eabi/10.3.1/../../../../arm-none-eabi/lib/thumb/v7-m/nofp/libg_nano.a(lib_a-nano-vfprintf_float.o)
                0x000000000800167c                _printf_float
 .text._printf_common
                0x0000000008001ad4       0xde /home/rice/embedded/gcc-arm-none-eabi-10.3-2021.10/bin/../lib/gcc/arm-none-eabi/10.3.1/../../../../arm-none-eabi/lib/thumb/v7-m/nofp/libg_nano.a(lib_a-nano-vfprintf_i.o)
                0x0000000008001ad4                _printf_common
 *fill*         0x0000000008001bb2        0x2 
 .text._printf_i
                0x0000000008001bb4      0x24c /home/rice/embedded/gcc-arm-none-eabi-10.3-2021.10/bin/../lib/gcc/arm-none-eabi/10.3.1/../../../../arm-none-eabi/lib/thumb/v7-m/nofp/libg_nano.a(lib_a-nano-vfprintf_i.o)
                0x0000000008001bb4                _printf_i
 .text.__swbuf_r
                0x0000000008001e00       0xa4 /home/rice/embedded/gcc-arm-none-eabi-10.3-2021.10/bin/../lib/gcc/arm-none-eabi/10.3.1/../../../../arm-none-eabi/lib/thumb/v7-m/nofp/libg_nano.a(lib_a-wbuf.o)
                0x0000000008001e00                __swbuf_r
 .text.__swsetup_r
                0x0000000008001ea4       0xdc /home/rice/embedded/gcc-arm-none-eabi-10.3-2021.10/bin/../lib/gcc/arm-none-eabi/10.3.1/../../../../arm-none-eabi/lib/thumb/v7-m/nofp/libg_nano.a(lib_a-wsetup.o)
                0x0000000008001ea4                __swsetup_r
 .text.quorem   0x0000000008001f80      0x118 /home/rice/embedded/gcc-arm-none-eabi-10.3-2021.10/bin/../lib/gcc/arm-none-eabi/10.3.1/../../../../arm-none-eabi/lib/thumb/v7-m/nofp/libg_nano.a(lib_a-dtoa.o)
 .text._dtoa_r  0x0000000008002098      0xbdc /home/rice/embedded/gcc-arm-none-eabi-10.3-2021.10/bin/../lib/gcc/arm-none-eabi/10.3.1/../../../../arm-none-eabi/lib/thumb/v7-m/nofp/libg_nano.a(lib_a-dtoa.o)
                0x0000000008002098                _dtoa_r
 .text.__sflush_r
                0x0000000008002c74      0x104 /home/rice/embedded/gcc-arm-none-eabi-10.3-2021.10/bin/../lib/gcc/arm-none-eabi/10.3.1/../../../../arm-none-eabi/lib/thumb/v7-m/nofp/libg_nano.a(lib_a-fflush.o)
                0x0000000008002c74                __sflush_r
 .text._fflush_r
                0x0000000008002d78       0x78 /home/rice/embedded/gcc-arm-none-eabi-10.3-2021.10/bin/../lib/gcc/arm-none-eabi/10.3.1/../../../../arm-none-eabi/lib/thumb/v7-m/nofp/libg_nano.a(lib_a-fflush.o)
                0x0000000008002d78                _fflush_r
 .text.std      0x0000000008002df0       0x48 /home/rice/embedded/gcc-arm-none-eabi-10.3-2021.10/bin/../lib/gcc/arm-none-eabi/10.3.1/../../../../arm-none-eabi/lib/thumb/v7-m/nofp/libg_nano.a(lib_a-findfp.o)
 .text._cleanup_r
                0x0000000008002e38        0xc /home/rice/embedded/gcc-arm-none-eabi-10.3-2021.10/bin/../lib/gcc/arm-none-eabi/10.3.1/../../../../arm-none-eabi/lib/thumb/v7-m/nofp/libg_nano.a(lib_a-findfp.o)
                0x0000000008002e38                _cleanup_r
 .text.__sfmoreglue
                0x0000000008002e44       0x2c /home/rice/embedded/gcc-arm-none-eabi-10.3-2021.10/bin/../lib/gcc/arm-none-eabi/10.3.1/../../../../arm-none-eabi/lib/thumb/v7-m/nofp/libg_nano.a(lib_a-findfp.o)
                0x0000000008002e44                __sfmoreglue
 .text.__sfp_lock_acquire
                0x0000000008002e70        0xc /home/rice/embedded/gcc-arm-none-eabi-10.3-2021.10/bin/../lib/gcc/arm-none-eabi/10.3.1/../../../../arm-none-eabi/lib/thumb/v7-m/nofp/libg_nano.a(lib_a-findfp.o)
                0x0000000008002e70                __sfp_lock_acquire
 .text.__sfp_lock_release
                0x0000000008002e7c        0xc /home/rice/embedded/gcc-arm-none-eabi-10.3-2021.10/bin/../lib/gcc/arm-none-eabi/10.3.1/../../../../arm-none-eabi/lib/thumb/v7-m/nofp/libg_nano.a(lib_a-findfp.o)
                0x0000000008002e7c                __sfp_lock_release
 .text.__sinit_lock_acquire
                0x0000000008002e88        0xc /home/rice/embedded/gcc-arm-none-eabi-10.3-2021.10/bin/../lib/gcc/arm-none-eabi/10.3.1/../../../../arm-none-eabi/lib/thumb/v7-m/nofp/libg_nano.a(lib_a-findfp.o)
                0x0000000008002e88                __sinit_lock_acquire
 .text.__sinit_lock_release
                0x0000000008002e94        0xc /home/rice/embedded/gcc-arm-none-eabi-10.3-2021.10/bin/../lib/gcc/arm-none-eabi/10.3.1/../../../../arm-none-eabi/lib/thumb/v7-m/nofp/libg_nano.a(lib_a-findfp.o)
                0x0000000008002e94                __sinit_lock_release
 .text.__sinit  0x0000000008002ea0       0x70 /home/rice/embedded/gcc-arm-none-eabi-10.3-2021.10/bin/../lib/gcc/arm-none-eabi/10.3.1/../../../../arm-none-eabi/lib/thumb/v7-m/nofp/libg_nano.a(lib_a-findfp.o)
                0x0000000008002ea0                __sinit
 .text.__sfp    0x0000000008002f10       0x8c /home/rice/embedded/gcc-arm-none-eabi-10.3-2021.10/bin/../lib/gcc/arm-none-eabi/10.3.1/../../../../arm-none-eabi/lib/thumb/v7-m/nofp/libg_nano.a(lib_a-findfp.o)
                0x0000000008002f10                __sfp
 .text._fwalk_reent
                0x0000000008002f9c       0x3e /home/rice/embedded/gcc-arm-none-eabi-10.3-2021.10/bin/../lib/gcc/arm-none-eabi/10.3.1/../../../../arm-none-eabi/lib/thumb/v7-m/nofp/libg_nano.a(lib_a-fwalk.o)
                0x0000000008002f9c                _fwalk_reent
 *fill*         0x0000000008002fda        0x2 
 .text._localeconv_r
                0x0000000008002fdc        0x8 /home/rice/embedded/gcc-arm-none-eabi-10.3-2021.10/bin/../lib/gcc/arm-none-eabi/10.3.1/../../../../arm-none-eabi/lib/thumb/v7-m/nofp/libg_nano.a(lib_a-localeconv.o)
                0x0000000008002fdc                _localeconv_r
 .text.__retarget_lock_init_recursive
                0x0000000008002fe4        0x2 /home/rice/embedded/gcc-arm-none-eabi-10.3-2021.10/bin/../lib/gcc/arm-none-eabi/10.3.1/../../../../arm-none-eabi/lib/thumb/v7-m/nofp/libg_nano.a(lib_a-lock.o)
                0x0000000008002fe4                __retarget_lock_init_recursive
 .text.__retarget_lock_acquire_recursive
                0x0000000008002fe6        0x2 /home/rice/embedded/gcc-arm-none-eabi-10.3-2021.10/bin/../lib/gcc/arm-none-eabi/10.3.1/../../../../arm-none-eabi/lib/thumb/v7-m/nofp/libg_nano.a(lib_a-lock.o)
                0x0000000008002fe6                __retarget_lock_acquire_recursive
 .text.__retarget_lock_release_recursive
                0x0000000008002fe8        0x2 /home/rice/embedded/gcc-arm-none-eabi-10.3-2021.10/bin/../lib/gcc/arm-none-eabi/10.3.1/../../../../arm-none-eabi/lib/thumb/v7-m/nofp/libg_nano.a(lib_a-lock.o)
                0x0000000008002fe8                __retarget_lock_release_recursive
 .text.__swhatbuf_r
                0x0000000008002fea       0x4a /home/rice/embedded/gcc-arm-none-eabi-10.3-2021.10/bin/../lib/gcc/arm-none-eabi/10.3.1/../../../../arm-none-eabi/lib/thumb/v7-m/nofp/libg_nano.a(lib_a-makebuf.o)
                0x0000000008002fea                __swhatbuf_r
 .text.__smakebuf_r
                0x0000000008003034       0x80 /home/rice/embedded/gcc-arm-none-eabi-10.3-2021.10/bin/../lib/gcc/arm-none-eabi/10.3.1/../../../../arm-none-eabi/lib/thumb/v7-m/nofp/libg_nano.a(lib_a-makebuf.o)
                0x0000000008003034                __smakebuf_r
 .text.malloc   0x00000000080030b4       0x10 /home/rice/embedded/gcc-arm-none-eabi-10.3-2021.10/bin/../lib/gcc/arm-none-eabi/10.3.1/../../../../arm-none-eabi/lib/thumb/v7-m/nofp/libg_nano.a(lib_a-malloc.o)
                0x00000000080030b4                malloc
 .text.memchr   0x00000000080030c4       0x1c /home/rice/embedded/gcc-arm-none-eabi-10.3-2021.10/bin/../lib/gcc/arm-none-eabi/10.3.1/../../../../arm-none-eabi/lib/thumb/v7-m/nofp/libg_nano.a(lib_a-memchr-stub.o)
                0x00000000080030c4                memchr
 .text._Balloc  0x00000000080030e0       0x80 /home/rice/embedded/gcc-arm-none-eabi-10.3-2021.10/bin/../lib/gcc/arm-none-eabi/10.3.1/../../../../arm-none-eabi/lib/thumb/v7-m/nofp/libg_nano.a(lib_a-mprec.o)
                0x00000000080030e0                _Balloc
 .text._Bfree   0x0000000008003160       0x44 /home/rice/embedded/gcc-arm-none-eabi-10.3-2021.10/bin/../lib/gcc/arm-none-eabi/10.3.1/../../../../arm-none-eabi/lib/thumb/v7-m/nofp/libg_nano.a(lib_a-mprec.o)
                0x0000000008003160                _Bfree
 .text.__multadd
                0x00000000080031a4       0x8c /home/rice/embedded/gcc-arm-none-eabi-10.3-2021.10/bin/../lib/gcc/arm-none-eabi/10.3.1/../../../../arm-none-eabi/lib/thumb/v7-m/nofp/libg_nano.a(lib_a-mprec.o)
                0x00000000080031a4                __multadd
 .text.__hi0bits
                0x0000000008003230       0x40 /home/rice/embedded/gcc-arm-none-eabi-10.3-2021.10/bin/../lib/gcc/arm-none-eabi/10.3.1/../../../../arm-none-eabi/lib/thumb/v7-m/nofp/libg_nano.a(lib_a-mprec.o)
                0x0000000008003230                __hi0bits
 .text.__lo0bits
                0x0000000008003270       0x5a /home/rice/embedded/gcc-arm-none-eabi-10.3-2021.10/bin/../lib/gcc/arm-none-eabi/10.3.1/../../../../arm-none-eabi/lib/thumb/v7-m/nofp/libg_nano.a(lib_a-mprec.o)
                0x0000000008003270                __lo0bits
 *fill*         0x00000000080032ca        0x2 
 .text.__i2b    0x00000000080032cc       0x2c /home/rice/embedded/gcc-arm-none-eabi-10.3-2021.10/bin/../lib/gcc/arm-none-eabi/10.3.1/../../../../arm-none-eabi/lib/thumb/v7-m/nofp/libg_nano.a(lib_a-mprec.o)
                0x00000000080032cc                __i2b
 .text.__multiply
                0x00000000080032f8      0x150 /home/rice/embedded/gcc-arm-none-eabi-10.3-2021.10/bin/../lib/gcc/arm-none-eabi/10.3.1/../../../../arm-none-eabi/lib/thumb/v7-m/nofp/libg_nano.a(lib_a-mprec.o)
                0x00000000080032f8                __multiply
 .text.__pow5mult
                0x0000000008003448       0xb4 /home/rice/embedded/gcc-arm-none-eabi-10.3-2021.10/bin/../lib/gcc/arm-none-eabi/10.3.1/../../../../arm-none-eabi/lib/thumb/v7-m/nofp/libg_nano.a(lib_a-mprec.o)
                0x0000000008003448                __pow5mult
 .text.__lshift
                0x00000000080034fc       0xe0 /home/rice/embedded/gcc-arm-none-eabi-10.3-2021.10/bin/../lib/gcc/arm-none-eabi/10.3.1/../../../../arm-none-eabi/lib/thumb/v7-m/nofp/libg_nano.a(lib_a-mprec.o)
                0x00000000080034fc                __lshift
 .text.__mcmp   0x00000000080035dc       0x36 /home/rice/embedded/gcc-arm-none-eabi-10.3-2021.10/bin/../lib/gcc/arm-none-eabi/10.3.1/../../../../arm-none-eabi/lib/thumb/v7-m/nofp/libg_nano.a(lib_a-mprec.o)
                0x00000000080035dc                __mcmp
 *fill*         0x0000000008003612        0x2 
 .text.__mdiff  0x0000000008003614      0x118 /home/rice/embedded/gcc-arm-none-eabi-10.3-2021.10/bin/../lib/gcc/arm-none-eabi/10.3.1/../../../../arm-none-eabi/lib/thumb/v7-m/nofp/libg_nano.a(lib_a-mprec.o)
                0x0000000008003614                __mdiff
 .text.__d2b    0x000000000800372c       0xb8 /home/rice/embedded/gcc-arm-none-eabi-10.3-2021.10/bin/../lib/gcc/arm-none-eabi/10.3.1/../../../../arm-none-eabi/lib/thumb/v7-m/nofp/libg_nano.a(lib_a-mprec.o)
                0x000000000800372c                __d2b
 .text._calloc_r
                0x00000000080037e4       0x28 /home/rice/embedded/gcc-arm-none-eabi-10.3-2021.10/bin/../lib/gcc/arm-none-eabi/10.3.1/../../../../arm-none-eabi/lib/thumb/v7-m/nofp/libg_nano.a(lib_a-nano-callocr.o)
                0x00000000080037e4                _calloc_r
 .text._free_r  0x000000000800380c       0x90 /home/rice/embedded/gcc-arm-none-eabi-10.3-2021.10/bin/../lib/gcc/arm-none-eabi/10.3.1/../../../../arm-none-eabi/lib/thumb/v7-m/nofp/libg_nano.a(lib_a-nano-freer.o)
                0x000000000800380c                _free_r
 .text.sbrk_aligned
                0x000000000800389c       0x40 /home/rice/embedded/gcc-arm-none-eabi-10.3-2021.10/bin/../lib/gcc/arm-none-eabi/10.3.1/../../../../arm-none-eabi/lib/thumb/v7-m/nofp/libg_nano.a(lib_a-nano-mallocr.o)
 .text._malloc_r
                0x00000000080038dc       0xe8 /home/rice/embedded/gcc-arm-none-eabi-10.3-2021.10/bin/../lib/gcc/arm-none-eabi/10.3.1/../../../../arm-none-eabi/lib/thumb/v7-m/nofp/libg_nano.a(lib_a-nano-mallocr.o)
                0x00000000080038dc                _malloc_r
 .text._sbrk_r  0x00000000080039c4       0x20 /home/rice/embedded/gcc-arm-none-eabi-10.3-2021.10/bin/../lib/gcc/arm-none-eabi/10.3.1/../../../../arm-none-eabi/lib/thumb/v7-m/nofp/libg_nano.a(lib_a-sbrkr.o)
                0x00000000080039c4                _sbrk_r
 .text.__sread  0x00000000080039e4       0x22 /home/rice/embedded/gcc-arm-none-eabi-10.3-2021.10/bin/../lib/gcc/arm-none-eabi/10.3.1/../../../../arm-none-eabi/lib/thumb/v7-m/nofp/libg_nano.a(lib_a-stdio.o)
                0x00000000080039e4                __sread
 .text.__swrite
                0x0000000008003a06       0x38 /home/rice/embedded/gcc-arm-none-eabi-10.3-2021.10/bin/../lib/gcc/arm-none-eabi/10.3.1/../../../../arm-none-eabi/lib/thumb/v7-m/nofp/libg_nano.a(lib_a-stdio.o)
                0x0000000008003a06                __swrite
 .text.__sseek  0x0000000008003a3e       0x24 /home/rice/embedded/gcc-arm-none-eabi-10.3-2021.10/bin/../lib/gcc/arm-none-eabi/10.3.1/../../../../arm-none-eabi/lib/thumb/v7-m/nofp/libg_nano.a(lib_a-stdio.o)
                0x0000000008003a3e                __sseek
 .text.__sclose
                0x0000000008003a62        0x8 /home/rice/embedded/gcc-arm-none-eabi-10.3-2021.10/bin/../lib/gcc/arm-none-eabi/10.3.1/../../../../arm-none-eabi/lib/thumb/v7-m/nofp/libg_nano.a(lib_a-stdio.o)
                0x0000000008003a62                __sclose
 *fill*         0x0000000008003a6a        0x2 
 .text._write_r
                0x0000000008003a6c       0x24 /home/rice/embedded/gcc-arm-none-eabi-10.3-2021.10/bin/../lib/gcc/arm-none-eabi/10.3.1/../../../../arm-none-eabi/lib/thumb/v7-m/nofp/libg_nano.a(lib_a-writer.o)
                0x0000000008003a6c                _write_r
 .text.__assert_func
                0x0000000008003a90       0x3c /home/rice/embedded/gcc-arm-none-eabi-10.3-2021.10/bin/../lib/gcc/arm-none-eabi/10.3.1/../../../../arm-none-eabi/lib/thumb/v7-m/nofp/libg_nano.a(lib_a-assert.o)
                0x0000000008003a90                __assert_func
 .text._close_r
                0x0000000008003acc       0x20 /home/rice/embedded/gcc-arm-none-eabi-10.3-2021.10/bin/../lib/gcc/arm-none-eabi/10.3.1/../../../../arm-none-eabi/lib/thumb/v7-m/nofp/libg_nano.a(lib_a-closer.o)
                0x0000000008003acc                _close_r
 .text.fprintf  0x0000000008003aec       0x24 /home/rice/embedded/gcc-arm-none-eabi-10.3-2021.10/bin/../lib/gcc/arm-none-eabi/10.3.1/../../../../arm-none-eabi/lib/thumb/v7-m/nofp/libg_nano.a(lib_a-fprintf.o)
                0x0000000008003aec                fprintf
                0x0000000008003aec                fiprintf
 .text._fstat_r
                0x0000000008003b10       0x24 /home/rice/embedded/gcc-arm-none-eabi-10.3-2021.10/bin/../lib/gcc/arm-none-eabi/10.3.1/../../../../arm-none-eabi/lib/thumb/v7-m/nofp/libg_nano.a(lib_a-fstatr.o)
                0x0000000008003b10                _fstat_r
 .text._isatty_r
                0x0000000008003b34       0x20 /home/rice/embedded/gcc-arm-none-eabi-10.3-2021.10/bin/../lib/gcc/arm-none-eabi/10.3.1/../../../../arm-none-eabi/lib/thumb/v7-m/nofp/libg_nano.a(lib_a-isattyr.o)
                0x0000000008003b34                _isatty_r
 .text._lseek_r
                0x0000000008003b54       0x24 /home/rice/embedded/gcc-arm-none-eabi-10.3-2021.10/bin/../lib/gcc/arm-none-eabi/10.3.1/../../../../arm-none-eabi/lib/thumb/v7-m/nofp/libg_nano.a(lib_a-lseekr.o)
                0x0000000008003b54                _lseek_r
 .text.__ascii_mbtowc
                0x0000000008003b78       0x24 /home/rice/embedded/gcc-arm-none-eabi-10.3-2021.10/bin/../lib/gcc/arm-none-eabi/10.3.1/../../../../arm-none-eabi/lib/thumb/v7-m/nofp/libg_nano.a(lib_a-mbtowc_r.o)
                0x0000000008003b78                __ascii_mbtowc
 .text.__malloc_lock
                0x0000000008003b9c        0xc /home/rice/embedded/gcc-arm-none-eabi-10.3-2021.10/bin/../lib/gcc/arm-none-eabi/10.3.1/../../../../arm-none-eabi/lib/thumb/v7-m/nofp/libg_nano.a(lib_a-mlock.o)
                0x0000000008003b9c                __malloc_lock
 .text.__malloc_unlock
                0x0000000008003ba8        0xc /home/rice/embedded/gcc-arm-none-eabi-10.3-2021.10/bin/../lib/gcc/arm-none-eabi/10.3.1/../../../../arm-none-eabi/lib/thumb/v7-m/nofp/libg_nano.a(lib_a-mlock.o)
                0x0000000008003ba8                __malloc_unlock
 .text.__sfputc_r
                0x0000000008003bb4       0x2a /home/rice/embedded/gcc-arm-none-eabi-10.3-2021.10/bin/../lib/gcc/arm-none-eabi/10.3.1/../../../../arm-none-eabi/lib/thumb/v7-m/nofp/libg_nano.a(lib_a-nano-vfprintf.o)
 .text.__sfputs_r
                0x0000000008003bde       0x24 /home/rice/embedded/gcc-arm-none-eabi-10.3-2021.10/bin/../lib/gcc/arm-none-eabi/10.3.1/../../../../arm-none-eabi/lib/thumb/v7-m/nofp/libg_nano.a(lib_a-nano-vfprintf.o)
                0x0000000008003bde                __sfputs_r
 *fill*         0x0000000008003c02        0x2 
 .text._vfprintf_r
                0x0000000008003c04      0x260 /home/rice/embedded/gcc-arm-none-eabi-10.3-2021.10/bin/../lib/gcc/arm-none-eabi/10.3.1/../../../../arm-none-eabi/lib/thumb/v7-m/nofp/libg_nano.a(lib_a-nano-vfprintf.o)
                0x0000000008003c04                _vfiprintf_r
                0x0000000008003c04                _vfprintf_r
 .text._read_r  0x0000000008003e64       0x24 /home/rice/embedded/gcc-arm-none-eabi-10.3-2021.10/bin/../lib/gcc/arm-none-eabi/10.3.1/../../../../arm-none-eabi/lib/thumb/v7-m/nofp/libg_nano.a(lib_a-readr.o)
                0x0000000008003e64                _read_r
 .text.__ascii_wctomb
                0x0000000008003e88       0x1a /home/rice/embedded/gcc-arm-none-eabi-10.3-2021.10/bin/../lib/gcc/arm-none-eabi/10.3.1/../../../../arm-none-eabi/lib/thumb/v7-m/nofp/libg_nano.a(lib_a-wctomb_r.o)
                0x0000000008003e88                __ascii_wctomb
 .text.abort    0x0000000008003ea2        0xe /home/rice/embedded/gcc-arm-none-eabi-10.3-2021.10/bin/../lib/gcc/arm-none-eabi/10.3.1/../../../../arm-none-eabi/lib/thumb/v7-m/nofp/libg_nano.a(lib_a-abort.o)
                0x0000000008003ea2                abort
 .text._raise_r
                0x0000000008003eb0       0x50 /home/rice/embedded/gcc-arm-none-eabi-10.3-2021.10/bin/../lib/gcc/arm-none-eabi/10.3.1/../../../../arm-none-eabi/lib/thumb/v7-m/nofp/libg_nano.a(lib_a-signal.o)
                0x0000000008003eb0                _raise_r
 .text.raise    0x0000000008003f00       0x10 /home/rice/embedded/gcc-arm-none-eabi-10.3-2021.10/bin/../lib/gcc/arm-none-eabi/10.3.1/../../../../arm-none-eabi/lib/thumb/v7-m/nofp/libg_nano.a(lib_a-signal.o)
                0x0000000008003f00                raise
 .text._kill_r  0x0000000008003f10       0x24 /home/rice/embedded/gcc-arm-none-eabi-10.3-2021.10/bin/../lib/gcc/arm-none-eabi/10.3.1/../../../../arm-none-eabi/lib/thumb/v7-m/nofp/libg_nano.a(lib_a-signalr.o)
                0x0000000008003f10                _kill_r
 .text._getpid_r
                0x0000000008003f34        0x4 /home/rice/embedded/gcc-arm-none-eabi-10.3-2021.10/bin/../lib/gcc/arm-none-eabi/10.3.1/../../../../arm-none-eabi/lib/thumb/v7-m/nofp/libg_nano.a(lib_a-signalr.o)
                0x0000000008003f34                _getpid_r
 .text._close   0x0000000008003f38       0x10 /home/rice/embedded/gcc-arm-none-eabi-10.3-2021.10/bin/../lib/gcc/arm-none-eabi/10.3.1/../../../../arm-none-eabi/lib/thumb/v7-m/nofp/libnosys.a(close.o)
                0x0000000008003f38                _close
 .text._fstat   0x0000000008003f48       0x10 /home/rice/embedded/gcc-arm-none-eabi-10.3-2021.10/bin/../lib/gcc/arm-none-eabi/10.3.1/../../../../arm-none-eabi/lib/thumb/v7-m/nofp/libnosys.a(fstat.o)
                0x0000000008003f48                _fstat
 .text._getpid  0x0000000008003f58       0x10 /home/rice/embedded/gcc-arm-none-eabi-10.3-2021.10/bin/../lib/gcc/arm-none-eabi/10.3.1/../../../../arm-none-eabi/lib/thumb/v7-m/nofp/libnosys.a(getpid.o)
                0x0000000008003f58                _getpid
 .text._isatty  0x0000000008003f68       0x10 /home/rice/embedded/gcc-arm-none-eabi-10.3-2021.10/bin/../lib/gcc/arm-none-eabi/10.3.1/../../../../arm-none-eabi/lib/thumb/v7-m/nofp/libnosys.a(isatty.o)
                0x0000000008003f68                _isatty
 .text._kill    0x0000000008003f78       0x10 /home/rice/embedded/gcc-arm-none-eabi-10.3-2021.10/bin/../lib/gcc/arm-none-eabi/10.3.1/../../../../arm-none-eabi/lib/thumb/v7-m/nofp/libnosys.a(kill.o)
                0x0000000008003f78                _kill
 .text._lseek   0x0000000008003f88       0x10 /home/rice/embedded/gcc-arm-none-eabi-10.3-2021.10/bin/../lib/gcc/arm-none-eabi/10.3.1/../../../../arm-none-eabi/lib/thumb/v7-m/nofp/libnosys.a(lseek.o)
                0x0000000008003f88                _lseek
 .text._read    0x0000000008003f98       0x10 /home/rice/embedded/gcc-arm-none-eabi-10.3-2021.10/bin/../lib/gcc/arm-none-eabi/10.3.1/../../../../arm-none-eabi/lib/thumb/v7-m/nofp/libnosys.a(read.o)
                0x0000000008003f98                _read
 .text._sbrk    0x0000000008003fa8       0x1c /home/rice/embedded/gcc-arm-none-eabi-10.3-2021.10/bin/../lib/gcc/arm-none-eabi/10.3.1/../../../../arm-none-eabi/lib/thumb/v7-m/nofp/libnosys.a(sbrk.o)
                0x0000000008003fa8                _sbrk
 .text._exit    0x0000000008003fc4        0x4 /home/rice/embedded/gcc-arm-none-eabi-10.3-2021.10/bin/../lib/gcc/arm-none-eabi/10.3.1/../../../../arm-none-eabi/lib/thumb/v7-m/nofp/libnosys.a(_exit.o)
                0x0000000008003fc4                _exit
 *(.rodata)
 *(.rodata*)
 .rodata._global_impure_ptr
                0x0000000008003fc8        0x4 /home/rice/embedded/gcc-arm-none-eabi-10.3-2021.10/bin/../lib/gcc/arm-none-eabi/10.3.1/../../../../arm-none-eabi/lib/thumb/v7-m/nofp/libg_nano.a(lib_a-impure.o)
                0x0000000008003fc8                _global_impure_ptr
 .rodata._printf_float.str1.1
                0x0000000008003fcc       0x12 /home/rice/embedded/gcc-arm-none-eabi-10.3-2021.10/bin/../lib/gcc/arm-none-eabi/10.3.1/../../../../arm-none-eabi/lib/thumb/v7-m/nofp/libg_nano.a(lib_a-nano-vfprintf_float.o)
 .rodata._printf_i.str1.1
                0x0000000008003fde       0x22 /home/rice/embedded/gcc-arm-none-eabi-10.3-2021.10/bin/../lib/gcc/arm-none-eabi/10.3.1/../../../../arm-none-eabi/lib/thumb/v7-m/nofp/libg_nano.a(lib_a-nano-vfprintf_i.o)
 .rodata._dtoa_r.str1.1
                0x0000000008004000       0xb3 /home/rice/embedded/gcc-arm-none-eabi-10.3-2021.10/bin/../lib/gcc/arm-none-eabi/10.3.1/../../../../arm-none-eabi/lib/thumb/v7-m/nofp/libg_nano.a(lib_a-dtoa.o)
                                         0xb5 (size before relaxing)
 *fill*         0x00000000080040b3        0x1 
 .rodata.__sf_fake_stderr
                0x00000000080040b4       0x20 /home/rice/embedded/gcc-arm-none-eabi-10.3-2021.10/bin/../lib/gcc/arm-none-eabi/10.3.1/../../../../arm-none-eabi/lib/thumb/v7-m/nofp/libg_nano.a(lib_a-findfp.o)
                0x00000000080040b4                __sf_fake_stderr
 .rodata.__sf_fake_stdin
                0x00000000080040d4       0x20 /home/rice/embedded/gcc-arm-none-eabi-10.3-2021.10/bin/../lib/gcc/arm-none-eabi/10.3.1/../../../../arm-none-eabi/lib/thumb/v7-m/nofp/libg_nano.a(lib_a-findfp.o)
                0x00000000080040d4                __sf_fake_stdin
 .rodata.__sf_fake_stdout
                0x00000000080040f4       0x20 /home/rice/embedded/gcc-arm-none-eabi-10.3-2021.10/bin/../lib/gcc/arm-none-eabi/10.3.1/../../../../arm-none-eabi/lib/thumb/v7-m/nofp/libg_nano.a(lib_a-findfp.o)
                0x00000000080040f4                __sf_fake_stdout
 .rodata._Balloc.str1.1
                0x0000000008004114       0x7f /home/rice/embedded/gcc-arm-none-eabi-10.3-2021.10/bin/../lib/gcc/arm-none-eabi/10.3.1/../../../../arm-none-eabi/lib/thumb/v7-m/nofp/libg_nano.a(lib_a-mprec.o)
                                         0x96 (size before relaxing)
 .rodata.__multadd.str1.1
                0x0000000008004193       0x11 /home/rice/embedded/gcc-arm-none-eabi-10.3-2021.10/bin/../lib/gcc/arm-none-eabi/10.3.1/../../../../arm-none-eabi/lib/thumb/v7-m/nofp/libg_nano.a(lib_a-mprec.o)
 *fill*         0x0000000008004193        0x5 
 .rodata.__mprec_bigtens
                0x0000000008004198       0x28 /home/rice/embedded/gcc-arm-none-eabi-10.3-2021.10/bin/../lib/gcc/arm-none-eabi/10.3.1/../../../../arm-none-eabi/lib/thumb/v7-m/nofp/libg_nano.a(lib_a-mprec.o)
                0x0000000008004198                __mprec_bigtens
 .rodata.__mprec_tens
                0x00000000080041c0       0xc8 /home/rice/embedded/gcc-arm-none-eabi-10.3-2021.10/bin/../lib/gcc/arm-none-eabi/10.3.1/../../../../arm-none-eabi/lib/thumb/v7-m/nofp/libg_nano.a(lib_a-mprec.o)
                0x00000000080041c0                __mprec_tens
 .rodata.p05.0  0x0000000008004288        0xc /home/rice/embedded/gcc-arm-none-eabi-10.3-2021.10/bin/../lib/gcc/arm-none-eabi/10.3.1/../../../../arm-none-eabi/lib/thumb/v7-m/nofp/libg_nano.a(lib_a-mprec.o)
 .rodata.__assert_func.str1.1
                0x0000000008004294       0x3c /home/rice/embedded/gcc-arm-none-eabi-10.3-2021.10/bin/../lib/gcc/arm-none-eabi/10.3.1/../../../../arm-none-eabi/lib/thumb/v7-m/nofp/libg_nano.a(lib_a-assert.o)
                                         0x3d (size before relaxing)
 .rodata._setlocale_r.str1.1
                0x00000000080042d0        0x8 /home/rice/embedded/gcc-arm-none-eabi-10.3-2021.10/bin/../lib/gcc/arm-none-eabi/10.3.1/../../../../arm-none-eabi/lib/thumb/v7-m/nofp/libg_nano.a(lib_a-locale.o)
                                          0x9 (size before relaxing)
 .rodata.str1.1
                0x00000000080042d8        0x2 /home/rice/embedded/gcc-arm-none-eabi-10.3-2021.10/bin/../lib/gcc/arm-none-eabi/10.3.1/../../../../arm-none-eabi/lib/thumb/v7-m/nofp/libg_nano.a(lib_a-locale.o)
 .rodata._vfprintf_r.str1.1
                0x00000000080042da       0x11 /home/rice/embedded/gcc-arm-none-eabi-10.3-2021.10/bin/../lib/gcc/arm-none-eabi/10.3.1/../../../../arm-none-eabi/lib/thumb/v7-m/nofp/libg_nano.a(lib_a-nano-vfprintf.o)
 .rodata._ctype_
                0x00000000080042eb      0x101 /home/rice/embedded/gcc-arm-none-eabi-10.3-2021.10/bin/../lib/gcc/arm-none-eabi/10.3.1/../../../../arm-none-eabi/lib/thumb/v7-m/nofp/libg_nano.a(lib_a-ctype_.o)
                0x00000000080042eb                _ctype_
 *(.glue_7)
 .glue_7        0x00000000080043ec        0x0 linker stubs
 *(.glue_7t)
 .glue_7t       0x00000000080043ec        0x0 linker stubs
 *(.init)
 .init          0x00000000080043ec        0x4 /home/rice/embedded/gcc-arm-none-eabi-10.3-2021.10/bin/../lib/gcc/arm-none-eabi/10.3.1/thumb/v7-m/nofp/crti.o
                0x00000000080043ec                _init
 .init          0x00000000080043f0        0x8 /home/rice/embedded/gcc-arm-none-eabi-10.3-2021.10/bin/../lib/gcc/arm-none-eabi/10.3.1/thumb/v7-m/nofp/crtn.o
 *(.fini)
 .fini          0x00000000080043f8        0x4 /home/rice/embedded/gcc-arm-none-eabi-10.3-2021.10/bin/../lib/gcc/arm-none-eabi/10.3.1/thumb/v7-m/nofp/crti.o
                0x00000000080043f8                _fini
 .fini          0x00000000080043fc        0x8 /home/rice/embedded/gcc-arm-none-eabi-10.3-2021.10/bin/../lib/gcc/arm-none-eabi/10.3.1/thumb/v7-m/nofp/crtn.o
                0x0000000008004404                . = ALIGN (0x4)
                0x0000000008004404                _etext = .

.vfp11_veneer   0x0000000008004404        0x0
 .vfp11_veneer  0x0000000008004404        0x0 linker stubs

.v4_bx          0x0000000008004404        0x0
 .v4_bx         0x0000000008004404        0x0 linker stubs

.iplt           0x0000000008004404        0x0
 .iplt          0x0000000008004404        0x0 /home/rice/embedded/gcc-arm-none-eabi-10.3-2021.10/bin/../lib/gcc/arm-none-eabi/10.3.1/thumb/v7-m/nofp/crtbegin.o

.rel.dyn        0x0000000008004404        0x0
 .rel.iplt      0x0000000008004404        0x0 /home/rice/embedded/gcc-arm-none-eabi-10.3-2021.10/bin/../lib/gcc/arm-none-eabi/10.3.1/thumb/v7-m/nofp/crtbegin.o

.ARM.extab
 *(.ARM.extab* .gnu.linkonce.armextab.*)

.ARM            0x0000000008004404        0x0
                0x0000000008004404                __exidx_start = .
 *(.ARM.exidx*)
                0x0000000008004404                __exidx_end = .

.ARM.attributes
                0x0000000008004404       0x29
 *(.ARM.attributes)
 .ARM.attributes
                0x0000000008004404       0x1d /home/rice/embedded/gcc-arm-none-eabi-10.3-2021.10/bin/../lib/gcc/arm-none-eabi/10.3.1/thumb/v7-m/nofp/crti.o
 .ARM.attributes
                0x0000000008004421       0x2d /home/rice/embedded/gcc-arm-none-eabi-10.3-2021.10/bin/../lib/gcc/arm-none-eabi/10.3.1/thumb/v7-m/nofp/crtbegin.o
 .ARM.attributes
                0x000000000800444e       0x2d CMakeFiles/vscodeSTM32.elf.dir/freertos/list.c.obj
 .ARM.attributes
                0x000000000800447b       0x2d CMakeFiles/vscodeSTM32.elf.dir/freertos/portable/GCC/ARM_CM3/port.c.obj
 .ARM.attributes
                0x00000000080044a8       0x2d CMakeFiles/vscodeSTM32.elf.dir/freertos/tasks.c.obj
 .ARM.attributes
                0x00000000080044d5       0x2d CMakeFiles/vscodeSTM32.elf.dir/fwlib/CMSIS/system_stm32f10x.c.obj
 .ARM.attributes
                0x0000000008004502       0x2d CMakeFiles/vscodeSTM32.elf.dir/fwlib/STM32F10x_StdPeriph_Driver/src/misc.c.obj
 .ARM.attributes
                0x000000000800452f       0x2d CMakeFiles/vscodeSTM32.elf.dir/fwlib/STM32F10x_StdPeriph_Driver/src/stm32f10x_gpio.c.obj
 .ARM.attributes
                0x000000000800455c       0x2d CMakeFiles/vscodeSTM32.elf.dir/fwlib/STM32F10x_StdPeriph_Driver/src/stm32f10x_rcc.c.obj
 .ARM.attributes
                0x0000000008004589       0x2d CMakeFiles/vscodeSTM32.elf.dir/fwlib/STM32F10x_StdPeriph_Driver/src/stm32f10x_usart.c.obj
 .ARM.attributes
                0x00000000080045b6       0x21 CMakeFiles/vscodeSTM32.elf.dir/startup/startup_stm32f103zetx.s.obj
 .ARM.attributes
                0x00000000080045d7       0x2d CMakeFiles/vscodeSTM32.elf.dir/user/bsp_usart.c.obj
 .ARM.attributes
                0x0000000008004604       0x2d CMakeFiles/vscodeSTM32.elf.dir/user/main.c.obj
 .ARM.attributes
                0x0000000008004631       0x2d CMakeFiles/vscodeSTM32.elf.dir/user/stm32f10x_it.c.obj
 .ARM.attributes
                0x000000000800465e       0x2d /home/rice/embedded/gcc-arm-none-eabi-10.3-2021.10/bin/../lib/gcc/arm-none-eabi/10.3.1/../../../../arm-none-eabi/lib/thumb/v7-m/nofp/libg_nano.a(lib_a-impure.o)
 .ARM.attributes
                0x000000000800468b       0x2d /home/rice/embedded/gcc-arm-none-eabi-10.3-2021.10/bin/../lib/gcc/arm-none-eabi/10.3.1/../../../../arm-none-eabi/lib/thumb/v7-m/nofp/libg_nano.a(lib_a-memcpy-stub.o)
 .ARM.attributes
                0x00000000080046b8       0x2d /home/rice/embedded/gcc-arm-none-eabi-10.3-2021.10/bin/../lib/gcc/arm-none-eabi/10.3.1/../../../../arm-none-eabi/lib/thumb/v7-m/nofp/libg_nano.a(lib_a-memset.o)
 .ARM.attributes
                0x00000000080046e5       0x2d /home/rice/embedded/gcc-arm-none-eabi-10.3-2021.10/bin/../lib/gcc/arm-none-eabi/10.3.1/../../../../arm-none-eabi/lib/thumb/v7-m/nofp/libg_nano.a(lib_a-nano-vfprintf_float.o)
 .ARM.attributes
                0x0000000008004712       0x2d /home/rice/embedded/gcc-arm-none-eabi-10.3-2021.10/bin/../lib/gcc/arm-none-eabi/10.3.1/../../../../arm-none-eabi/lib/thumb/v7-m/nofp/libg_nano.a(lib_a-nano-vfprintf_i.o)
 .ARM.attributes
                0x000000000800473f       0x17 /home/rice/embedded/gcc-arm-none-eabi-10.3-2021.10/bin/../lib/gcc/arm-none-eabi/10.3.1/../../../../arm-none-eabi/lib/thumb/v7-m/nofp/libg_nano.a(lib_a-strlen.o)
 .ARM.attributes
                0x0000000008004756       0x2d /home/rice/embedded/gcc-arm-none-eabi-10.3-2021.10/bin/../lib/gcc/arm-none-eabi/10.3.1/../../../../arm-none-eabi/lib/thumb/v7-m/nofp/libg_nano.a(lib_a-wbuf.o)
 .ARM.attributes
                0x0000000008004783       0x2d /home/rice/embedded/gcc-arm-none-eabi-10.3-2021.10/bin/../lib/gcc/arm-none-eabi/10.3.1/../../../../arm-none-eabi/lib/thumb/v7-m/nofp/libg_nano.a(lib_a-wsetup.o)
 .ARM.attributes
                0x00000000080047b0       0x2d /home/rice/embedded/gcc-arm-none-eabi-10.3-2021.10/bin/../lib/gcc/arm-none-eabi/10.3.1/../../../../arm-none-eabi/lib/thumb/v7-m/nofp/libg_nano.a(lib_a-dtoa.o)
 .ARM.attributes
                0x00000000080047dd       0x2d /home/rice/embedded/gcc-arm-none-eabi-10.3-2021.10/bin/../lib/gcc/arm-none-eabi/10.3.1/../../../../arm-none-eabi/lib/thumb/v7-m/nofp/libg_nano.a(lib_a-fflush.o)
 .ARM.attributes
                0x000000000800480a       0x2d /home/rice/embedded/gcc-arm-none-eabi-10.3-2021.10/bin/../lib/gcc/arm-none-eabi/10.3.1/../../../../arm-none-eabi/lib/thumb/v7-m/nofp/libg_nano.a(lib_a-findfp.o)
 .ARM.attributes
                0x0000000008004837       0x2d /home/rice/embedded/gcc-arm-none-eabi-10.3-2021.10/bin/../lib/gcc/arm-none-eabi/10.3.1/../../../../arm-none-eabi/lib/thumb/v7-m/nofp/libg_nano.a(lib_a-fwalk.o)
 .ARM.attributes
                0x0000000008004864       0x2d /home/rice/embedded/gcc-arm-none-eabi-10.3-2021.10/bin/../lib/gcc/arm-none-eabi/10.3.1/../../../../arm-none-eabi/lib/thumb/v7-m/nofp/libg_nano.a(lib_a-localeconv.o)
 .ARM.attributes
                0x0000000008004891       0x2d /home/rice/embedded/gcc-arm-none-eabi-10.3-2021.10/bin/../lib/gcc/arm-none-eabi/10.3.1/../../../../arm-none-eabi/lib/thumb/v7-m/nofp/libg_nano.a(lib_a-lock.o)
 .ARM.attributes
                0x00000000080048be       0x2d /home/rice/embedded/gcc-arm-none-eabi-10.3-2021.10/bin/../lib/gcc/arm-none-eabi/10.3.1/../../../../arm-none-eabi/lib/thumb/v7-m/nofp/libg_nano.a(lib_a-makebuf.o)
 .ARM.attributes
                0x00000000080048eb       0x2d /home/rice/embedded/gcc-arm-none-eabi-10.3-2021.10/bin/../lib/gcc/arm-none-eabi/10.3.1/../../../../arm-none-eabi/lib/thumb/v7-m/nofp/libg_nano.a(lib_a-malloc.o)
 .ARM.attributes
                0x0000000008004918       0x2d /home/rice/embedded/gcc-arm-none-eabi-10.3-2021.10/bin/../lib/gcc/arm-none-eabi/10.3.1/../../../../arm-none-eabi/lib/thumb/v7-m/nofp/libg_nano.a(lib_a-memchr-stub.o)
 .ARM.attributes
                0x0000000008004945       0x2d /home/rice/embedded/gcc-arm-none-eabi-10.3-2021.10/bin/../lib/gcc/arm-none-eabi/10.3.1/../../../../arm-none-eabi/lib/thumb/v7-m/nofp/libg_nano.a(lib_a-mprec.o)
 .ARM.attributes
                0x0000000008004972       0x2d /home/rice/embedded/gcc-arm-none-eabi-10.3-2021.10/bin/../lib/gcc/arm-none-eabi/10.3.1/../../../../arm-none-eabi/lib/thumb/v7-m/nofp/libg_nano.a(lib_a-nano-callocr.o)
 .ARM.attributes
                0x000000000800499f       0x2d /home/rice/embedded/gcc-arm-none-eabi-10.3-2021.10/bin/../lib/gcc/arm-none-eabi/10.3.1/../../../../arm-none-eabi/lib/thumb/v7-m/nofp/libg_nano.a(lib_a-nano-freer.o)
 .ARM.attributes
                0x00000000080049cc       0x2d /home/rice/embedded/gcc-arm-none-eabi-10.3-2021.10/bin/../lib/gcc/arm-none-eabi/10.3.1/../../../../arm-none-eabi/lib/thumb/v7-m/nofp/libg_nano.a(lib_a-nano-mallocr.o)
 .ARM.attributes
                0x00000000080049f9       0x2d /home/rice/embedded/gcc-arm-none-eabi-10.3-2021.10/bin/../lib/gcc/arm-none-eabi/10.3.1/../../../../arm-none-eabi/lib/thumb/v7-m/nofp/libg_nano.a(lib_a-sbrkr.o)
 .ARM.attributes
                0x0000000008004a26       0x2d /home/rice/embedded/gcc-arm-none-eabi-10.3-2021.10/bin/../lib/gcc/arm-none-eabi/10.3.1/../../../../arm-none-eabi/lib/thumb/v7-m/nofp/libg_nano.a(lib_a-stdio.o)
 .ARM.attributes
                0x0000000008004a53       0x2d /home/rice/embedded/gcc-arm-none-eabi-10.3-2021.10/bin/../lib/gcc/arm-none-eabi/10.3.1/../../../../arm-none-eabi/lib/thumb/v7-m/nofp/libg_nano.a(lib_a-writer.o)
 .ARM.attributes
                0x0000000008004a80       0x2d /home/rice/embedded/gcc-arm-none-eabi-10.3-2021.10/bin/../lib/gcc/arm-none-eabi/10.3.1/../../../../arm-none-eabi/lib/thumb/v7-m/nofp/libg_nano.a(lib_a-assert.o)
 .ARM.attributes
                0x0000000008004aad       0x2d /home/rice/embedded/gcc-arm-none-eabi-10.3-2021.10/bin/../lib/gcc/arm-none-eabi/10.3.1/../../../../arm-none-eabi/lib/thumb/v7-m/nofp/libg_nano.a(lib_a-closer.o)
 .ARM.attributes
                0x0000000008004ada       0x2d /home/rice/embedded/gcc-arm-none-eabi-10.3-2021.10/bin/../lib/gcc/arm-none-eabi/10.3.1/../../../../arm-none-eabi/lib/thumb/v7-m/nofp/libg_nano.a(lib_a-fprintf.o)
 .ARM.attributes
                0x0000000008004b07       0x2d /home/rice/embedded/gcc-arm-none-eabi-10.3-2021.10/bin/../lib/gcc/arm-none-eabi/10.3.1/../../../../arm-none-eabi/lib/thumb/v7-m/nofp/libg_nano.a(lib_a-fstatr.o)
 .ARM.attributes
                0x0000000008004b34       0x2d /home/rice/embedded/gcc-arm-none-eabi-10.3-2021.10/bin/../lib/gcc/arm-none-eabi/10.3.1/../../../../arm-none-eabi/lib/thumb/v7-m/nofp/libg_nano.a(lib_a-isattyr.o)
 .ARM.attributes
                0x0000000008004b61       0x2d /home/rice/embedded/gcc-arm-none-eabi-10.3-2021.10/bin/../lib/gcc/arm-none-eabi/10.3.1/../../../../arm-none-eabi/lib/thumb/v7-m/nofp/libg_nano.a(lib_a-locale.o)
 .ARM.attributes
                0x0000000008004b8e       0x2d /home/rice/embedded/gcc-arm-none-eabi-10.3-2021.10/bin/../lib/gcc/arm-none-eabi/10.3.1/../../../../arm-none-eabi/lib/thumb/v7-m/nofp/libg_nano.a(lib_a-lseekr.o)
 .ARM.attributes
                0x0000000008004bbb       0x2d /home/rice/embedded/gcc-arm-none-eabi-10.3-2021.10/bin/../lib/gcc/arm-none-eabi/10.3.1/../../../../arm-none-eabi/lib/thumb/v7-m/nofp/libg_nano.a(lib_a-mbtowc_r.o)
 .ARM.attributes
                0x0000000008004be8       0x2d /home/rice/embedded/gcc-arm-none-eabi-10.3-2021.10/bin/../lib/gcc/arm-none-eabi/10.3.1/../../../../arm-none-eabi/lib/thumb/v7-m/nofp/libg_nano.a(lib_a-mlock.o)
 .ARM.attributes
                0x0000000008004c15       0x2d /home/rice/embedded/gcc-arm-none-eabi-10.3-2021.10/bin/../lib/gcc/arm-none-eabi/10.3.1/../../../../arm-none-eabi/lib/thumb/v7-m/nofp/libg_nano.a(lib_a-nano-vfprintf.o)
 .ARM.attributes
                0x0000000008004c42       0x2d /home/rice/embedded/gcc-arm-none-eabi-10.3-2021.10/bin/../lib/gcc/arm-none-eabi/10.3.1/../../../../arm-none-eabi/lib/thumb/v7-m/nofp/libg_nano.a(lib_a-readr.o)
 .ARM.attributes
                0x0000000008004c6f       0x2d /home/rice/embedded/gcc-arm-none-eabi-10.3-2021.10/bin/../lib/gcc/arm-none-eabi/10.3.1/../../../../arm-none-eabi/lib/thumb/v7-m/nofp/libg_nano.a(lib_a-reent.o)
 .ARM.attributes
                0x0000000008004c9c       0x2d /home/rice/embedded/gcc-arm-none-eabi-10.3-2021.10/bin/../lib/gcc/arm-none-eabi/10.3.1/../../../../arm-none-eabi/lib/thumb/v7-m/nofp/libg_nano.a(lib_a-wctomb_r.o)
 .ARM.attributes
                0x0000000008004cc9       0x2d /home/rice/embedded/gcc-arm-none-eabi-10.3-2021.10/bin/../lib/gcc/arm-none-eabi/10.3.1/../../../../arm-none-eabi/lib/thumb/v7-m/nofp/libg_nano.a(lib_a-abort.o)
 .ARM.attributes
                0x0000000008004cf6       0x2d /home/rice/embedded/gcc-arm-none-eabi-10.3-2021.10/bin/../lib/gcc/arm-none-eabi/10.3.1/../../../../arm-none-eabi/lib/thumb/v7-m/nofp/libg_nano.a(lib_a-ctype_.o)
 .ARM.attributes
                0x0000000008004d23       0x2d /home/rice/embedded/gcc-arm-none-eabi-10.3-2021.10/bin/../lib/gcc/arm-none-eabi/10.3.1/../../../../arm-none-eabi/lib/thumb/v7-m/nofp/libg_nano.a(lib_a-signal.o)
 .ARM.attributes
                0x0000000008004d50       0x2d /home/rice/embedded/gcc-arm-none-eabi-10.3-2021.10/bin/../lib/gcc/arm-none-eabi/10.3.1/../../../../arm-none-eabi/lib/thumb/v7-m/nofp/libg_nano.a(lib_a-signalr.o)
 .ARM.attributes
                0x0000000008004d7d       0x1d /home/rice/embedded/gcc-arm-none-eabi-10.3-2021.10/bin/../lib/gcc/arm-none-eabi/10.3.1/thumb/v7-m/nofp/libgcc.a(_arm_addsubdf3.o)
 .ARM.attributes
                0x0000000008004d9a       0x1d /home/rice/embedded/gcc-arm-none-eabi-10.3-2021.10/bin/../lib/gcc/arm-none-eabi/10.3.1/thumb/v7-m/nofp/libgcc.a(_arm_muldivdf3.o)
 .ARM.attributes
                0x0000000008004db7       0x1d /home/rice/embedded/gcc-arm-none-eabi-10.3-2021.10/bin/../lib/gcc/arm-none-eabi/10.3.1/thumb/v7-m/nofp/libgcc.a(_arm_cmpdf2.o)
 .ARM.attributes
                0x0000000008004dd4       0x1d /home/rice/embedded/gcc-arm-none-eabi-10.3-2021.10/bin/../lib/gcc/arm-none-eabi/10.3.1/thumb/v7-m/nofp/libgcc.a(_arm_unorddf2.o)
 .ARM.attributes
                0x0000000008004df1       0x1d /home/rice/embedded/gcc-arm-none-eabi-10.3-2021.10/bin/../lib/gcc/arm-none-eabi/10.3.1/thumb/v7-m/nofp/libgcc.a(_arm_fixdfsi.o)
 .ARM.attributes
                0x0000000008004e0e       0x2d /home/rice/embedded/gcc-arm-none-eabi-10.3-2021.10/bin/../lib/gcc/arm-none-eabi/10.3.1/../../../../arm-none-eabi/lib/thumb/v7-m/nofp/libnosys.a(close.o)
 .ARM.attributes
                0x0000000008004e3b       0x2d /home/rice/embedded/gcc-arm-none-eabi-10.3-2021.10/bin/../lib/gcc/arm-none-eabi/10.3.1/../../../../arm-none-eabi/lib/thumb/v7-m/nofp/libnosys.a(fstat.o)
 .ARM.attributes
                0x0000000008004e68       0x2d /home/rice/embedded/gcc-arm-none-eabi-10.3-2021.10/bin/../lib/gcc/arm-none-eabi/10.3.1/../../../../arm-none-eabi/lib/thumb/v7-m/nofp/libnosys.a(getpid.o)
 .ARM.attributes
                0x0000000008004e95       0x2d /home/rice/embedded/gcc-arm-none-eabi-10.3-2021.10/bin/../lib/gcc/arm-none-eabi/10.3.1/../../../../arm-none-eabi/lib/thumb/v7-m/nofp/libnosys.a(isatty.o)
 .ARM.attributes
                0x0000000008004ec2       0x2d /home/rice/embedded/gcc-arm-none-eabi-10.3-2021.10/bin/../lib/gcc/arm-none-eabi/10.3.1/../../../../arm-none-eabi/lib/thumb/v7-m/nofp/libnosys.a(kill.o)
 .ARM.attributes
                0x0000000008004eef       0x2d /home/rice/embedded/gcc-arm-none-eabi-10.3-2021.10/bin/../lib/gcc/arm-none-eabi/10.3.1/../../../../arm-none-eabi/lib/thumb/v7-m/nofp/libnosys.a(lseek.o)
 .ARM.attributes
                0x0000000008004f1c       0x2d /home/rice/embedded/gcc-arm-none-eabi-10.3-2021.10/bin/../lib/gcc/arm-none-eabi/10.3.1/../../../../arm-none-eabi/lib/thumb/v7-m/nofp/libnosys.a(read.o)
 .ARM.attributes
                0x0000000008004f49       0x2d /home/rice/embedded/gcc-arm-none-eabi-10.3-2021.10/bin/../lib/gcc/arm-none-eabi/10.3.1/../../../../arm-none-eabi/lib/thumb/v7-m/nofp/libnosys.a(sbrk.o)
 .ARM.attributes
                0x0000000008004f76       0x2d /home/rice/embedded/gcc-arm-none-eabi-10.3-2021.10/bin/../lib/gcc/arm-none-eabi/10.3.1/../../../../arm-none-eabi/lib/thumb/v7-m/nofp/libnosys.a(_exit.o)
 .ARM.attributes
                0x0000000008004fa3       0x1d /home/rice/embedded/gcc-arm-none-eabi-10.3-2021.10/bin/../lib/gcc/arm-none-eabi/10.3.1/thumb/v7-m/nofp/crtn.o

.preinit_array  0x0000000008004404        0x0
                0x0000000008004404                PROVIDE (__preinit_array_start = .)
 *(.preinit_array*)
                0x0000000008004404                PROVIDE (__preinit_array_end = .)

.init_array     0x0000000008004404        0x4
                0x0000000008004404                PROVIDE (__init_array_start = .)
 *(SORT_BY_NAME(.init_array.*))
 *(.init_array*)
 .init_array    0x0000000008004404        0x4 /home/rice/embedded/gcc-arm-none-eabi-10.3-2021.10/bin/../lib/gcc/arm-none-eabi/10.3.1/thumb/v7-m/nofp/crtbegin.o
                0x0000000008004408                PROVIDE (__init_array_end = .)

.fini_array     0x0000000008004408        0x4
                [!provide]                        PROVIDE (__fini_array_start = .)
 *(.fini_array*)
 .fini_array    0x0000000008004408        0x4 /home/rice/embedded/gcc-arm-none-eabi-10.3-2021.10/bin/../lib/gcc/arm-none-eabi/10.3.1/thumb/v7-m/nofp/crtbegin.o
 *(SORT_BY_NAME(.fini_array.*))
                [!provide]                        PROVIDE (__fini_array_end = .)
                0x000000000800440c                _sidata = .

.data           0x0000000020000000      0x1d4 load address 0x000000000800440c
                0x0000000020000000                . = ALIGN (0x4)
                0x0000000020000000                _sdata = .
 *(.data)
 *(.data*)
 .data.uxCriticalNesting
                0x0000000020000000        0x4 CMakeFiles/vscodeSTM32.elf.dir/freertos/portable/GCC/ARM_CM3/port.c.obj
 .data._impure_ptr
                0x0000000020000004        0x4 /home/rice/embedded/gcc-arm-none-eabi-10.3-2021.10/bin/../lib/gcc/arm-none-eabi/10.3.1/../../../../arm-none-eabi/lib/thumb/v7-m/nofp/libg_nano.a(lib_a-impure.o)
                0x0000000020000004                _impure_ptr
 .data.impure_data
                0x0000000020000008       0x60 /home/rice/embedded/gcc-arm-none-eabi-10.3-2021.10/bin/../lib/gcc/arm-none-eabi/10.3.1/../../../../arm-none-eabi/lib/thumb/v7-m/nofp/libg_nano.a(lib_a-impure.o)
 .data.__global_locale
                0x0000000020000068      0x16c /home/rice/embedded/gcc-arm-none-eabi-10.3-2021.10/bin/../lib/gcc/arm-none-eabi/10.3.1/../../../../arm-none-eabi/lib/thumb/v7-m/nofp/libg_nano.a(lib_a-locale.o)
                0x0000000020000068                __global_locale
                0x00000000200001d4                . = ALIGN (0x4)
                0x00000000200001d4                _edata = .

.igot.plt       0x00000000200001d4        0x0 load address 0x00000000080045e0
 .igot.plt      0x00000000200001d4        0x0 /home/rice/embedded/gcc-arm-none-eabi-10.3-2021.10/bin/../lib/gcc/arm-none-eabi/10.3.1/thumb/v7-m/nofp/crtbegin.o
                0x00000000200001d4                . = ALIGN (0x4)

.bss            0x00000000200001d4       0xe8 load address 0x00000000080045e0
                0x00000000200001d4                _sbss = .
                0x00000000200001d4                __bss_start__ = _sbss
 *(.bss)
 .bss           0x00000000200001d4       0x1c /home/rice/embedded/gcc-arm-none-eabi-10.3-2021.10/bin/../lib/gcc/arm-none-eabi/10.3.1/thumb/v7-m/nofp/crtbegin.o
 *(.bss*)
 .bss.pxCurrentTCB
                0x00000000200001f0        0x4 CMakeFiles/vscodeSTM32.elf.dir/freertos/tasks.c.obj
                0x00000000200001f0                pxCurrentTCB
 .bss.pxDelayedTaskList
                0x00000000200001f4        0x4 CMakeFiles/vscodeSTM32.elf.dir/freertos/tasks.c.obj
 .bss.pxOverflowDelayedTaskList
                0x00000000200001f8        0x4 CMakeFiles/vscodeSTM32.elf.dir/freertos/tasks.c.obj
 .bss.pxReadyTasksLists
                0x00000000200001fc       0x64 CMakeFiles/vscodeSTM32.elf.dir/freertos/tasks.c.obj
 .bss.uxCurrentNumberOfTasks
                0x0000000020000260        0x4 CMakeFiles/vscodeSTM32.elf.dir/freertos/tasks.c.obj
 .bss.uxSchedulerSuspended
                0x0000000020000264        0x4 CMakeFiles/vscodeSTM32.elf.dir/freertos/tasks.c.obj
 .bss.uxTopReadyPriority
                0x0000000020000268        0x4 CMakeFiles/vscodeSTM32.elf.dir/freertos/tasks.c.obj
 .bss.xNextTaskUnblockTime
                0x000000002000026c        0x4 CMakeFiles/vscodeSTM32.elf.dir/freertos/tasks.c.obj
 .bss.xNumOfOverflows
                0x0000000020000270        0x4 CMakeFiles/vscodeSTM32.elf.dir/freertos/tasks.c.obj
 .bss.xPendedTicks
                0x0000000020000274        0x4 CMakeFiles/vscodeSTM32.elf.dir/freertos/tasks.c.obj
 .bss.xPendingReadyList
                0x0000000020000278       0x14 CMakeFiles/vscodeSTM32.elf.dir/freertos/tasks.c.obj
 .bss.xSuspendedTaskList
                0x000000002000028c       0x14 CMakeFiles/vscodeSTM32.elf.dir/freertos/tasks.c.obj
 .bss.xTickCount
                0x00000000200002a0        0x4 CMakeFiles/vscodeSTM32.elf.dir/freertos/tasks.c.obj
 .bss.xYieldPending
                0x00000000200002a4        0x4 CMakeFiles/vscodeSTM32.elf.dir/freertos/tasks.c.obj
 .bss.__lock___malloc_recursive_mutex
                0x00000000200002a8        0x1 /home/rice/embedded/gcc-arm-none-eabi-10.3-2021.10/bin/../lib/gcc/arm-none-eabi/10.3.1/../../../../arm-none-eabi/lib/thumb/v7-m/nofp/libg_nano.a(lib_a-lock.o)
                0x00000000200002a8                __lock___malloc_recursive_mutex
 .bss.__lock___sfp_recursive_mutex
                0x00000000200002a9        0x1 /home/rice/embedded/gcc-arm-none-eabi-10.3-2021.10/bin/../lib/gcc/arm-none-eabi/10.3.1/../../../../arm-none-eabi/lib/thumb/v7-m/nofp/libg_nano.a(lib_a-lock.o)
                0x00000000200002a9                __lock___sfp_recursive_mutex
 .bss.__lock___sinit_recursive_mutex
                0x00000000200002aa        0x1 /home/rice/embedded/gcc-arm-none-eabi-10.3-2021.10/bin/../lib/gcc/arm-none-eabi/10.3.1/../../../../arm-none-eabi/lib/thumb/v7-m/nofp/libg_nano.a(lib_a-lock.o)
                0x00000000200002aa                __lock___sinit_recursive_mutex
 *fill*         0x00000000200002ab        0x1 
 .bss.__malloc_free_list
                0x00000000200002ac        0x4 /home/rice/embedded/gcc-arm-none-eabi-10.3-2021.10/bin/../lib/gcc/arm-none-eabi/10.3.1/../../../../arm-none-eabi/lib/thumb/v7-m/nofp/libg_nano.a(lib_a-nano-mallocr.o)
                0x00000000200002ac                __malloc_free_list
 .bss.__malloc_sbrk_start
                0x00000000200002b0        0x4 /home/rice/embedded/gcc-arm-none-eabi-10.3-2021.10/bin/../lib/gcc/arm-none-eabi/10.3.1/../../../../arm-none-eabi/lib/thumb/v7-m/nofp/libg_nano.a(lib_a-nano-mallocr.o)
                0x00000000200002b0                __malloc_sbrk_start
 .bss.errno     0x00000000200002b4        0x4 /home/rice/embedded/gcc-arm-none-eabi-10.3-2021.10/bin/../lib/gcc/arm-none-eabi/10.3.1/../../../../arm-none-eabi/lib/thumb/v7-m/nofp/libg_nano.a(lib_a-reent.o)
                0x00000000200002b4                errno
 .bss.heap_end.0
                0x00000000200002b8        0x4 /home/rice/embedded/gcc-arm-none-eabi-10.3-2021.10/bin/../lib/gcc/arm-none-eabi/10.3.1/../../../../arm-none-eabi/lib/thumb/v7-m/nofp/libnosys.a(sbrk.o)
 *(COMMON)
                0x00000000200002bc                . = ALIGN (0x4)
                0x00000000200002bc                _ebss = .
                0x00000000200002bc                __bss_end__ = _ebss
                0x00000000200002bc                PROVIDE (end = _ebss)
                [!provide]                        PROVIDE (_end = _ebss)

._user_heap_stack
                0x00000000200002bc      0x200 load address 0x00000000080046c8
                0x00000000200002bc                . = ALIGN (0x4)
                0x00000000200002bc                . = (. + _Min_Heap_Size)
                0x00000000200004bc                . = (. + _Min_Stack_Size)
 *fill*         0x00000000200002bc      0x200 
                0x00000000200004bc                . = ALIGN (0x4)

.memory_b1_text
 *(.mb1text)
 *(.mb1text*)
 *(.mb1rodata)
 *(.mb1rodata*)

/DISCARD/
 libc.a(*)
 libm.a(*)
 libgcc.a(*)
OUTPUT(vscodeSTM32.elf elf32-littlearm)
LOAD linker stubs
LOAD /home/rice/embedded/gcc-arm-none-eabi-10.3-2021.10/bin/../lib/gcc/arm-none-eabi/10.3.1/../../../../arm-none-eabi/lib/thumb/v7-m/nofp/libc.a
LOAD /home/rice/embedded/gcc-arm-none-eabi-10.3-2021.10/bin/../lib/gcc/arm-none-eabi/10.3.1/../../../../arm-none-eabi/lib/thumb/v7-m/nofp/libm.a
LOAD /home/rice/embedded/gcc-arm-none-eabi-10.3-2021.10/bin/../lib/gcc/arm-none-eabi/10.3.1/thumb/v7-m/nofp/libgcc.a

.debug_info     0x0000000000000000     0x64be
 .debug_info    0x0000000000000000      0x2e0 CMakeFiles/vscodeSTM32.elf.dir/freertos/list.c.obj
 .debug_info    0x00000000000002e0      0x354 CMakeFiles/vscodeSTM32.elf.dir/freertos/portable/GCC/ARM_CM3/port.c.obj
 .debug_info    0x0000000000000634     0x2504 CMakeFiles/vscodeSTM32.elf.dir/freertos/tasks.c.obj
 .debug_info    0x0000000000002b38      0x49c CMakeFiles/vscodeSTM32.elf.dir/fwlib/CMSIS/system_stm32f10x.c.obj
 .debug_info    0x0000000000002fd4      0x52c CMakeFiles/vscodeSTM32.elf.dir/fwlib/STM32F10x_StdPeriph_Driver/src/misc.c.obj
 .debug_info    0x0000000000003500      0x91e CMakeFiles/vscodeSTM32.elf.dir/fwlib/STM32F10x_StdPeriph_Driver/src/stm32f10x_gpio.c.obj
 .debug_info    0x0000000000003e1e      0x97f CMakeFiles/vscodeSTM32.elf.dir/fwlib/STM32F10x_StdPeriph_Driver/src/stm32f10x_rcc.c.obj
 .debug_info    0x000000000000479d      0xc08 CMakeFiles/vscodeSTM32.elf.dir/fwlib/STM32F10x_StdPeriph_Driver/src/stm32f10x_usart.c.obj
 .debug_info    0x00000000000053a5       0x22 CMakeFiles/vscodeSTM32.elf.dir/startup/startup_stm32f103zetx.s.obj
 .debug_info    0x00000000000053c7      0x9ed CMakeFiles/vscodeSTM32.elf.dir/user/bsp_usart.c.obj
 .debug_info    0x0000000000005db4      0x632 CMakeFiles/vscodeSTM32.elf.dir/user/main.c.obj
 .debug_info    0x00000000000063e6       0xd8 CMakeFiles/vscodeSTM32.elf.dir/user/stm32f10x_it.c.obj

.debug_abbrev   0x0000000000000000     0x13c0
 .debug_abbrev  0x0000000000000000      0x106 CMakeFiles/vscodeSTM32.elf.dir/freertos/list.c.obj
 .debug_abbrev  0x0000000000000106      0x1fa CMakeFiles/vscodeSTM32.elf.dir/freertos/portable/GCC/ARM_CM3/port.c.obj
 .debug_abbrev  0x0000000000000300      0x334 CMakeFiles/vscodeSTM32.elf.dir/freertos/tasks.c.obj
 .debug_abbrev  0x0000000000000634      0x1b8 CMakeFiles/vscodeSTM32.elf.dir/fwlib/CMSIS/system_stm32f10x.c.obj
 .debug_abbrev  0x00000000000007ec      0x198 CMakeFiles/vscodeSTM32.elf.dir/fwlib/STM32F10x_StdPeriph_Driver/src/misc.c.obj
 .debug_abbrev  0x0000000000000984      0x220 CMakeFiles/vscodeSTM32.elf.dir/fwlib/STM32F10x_StdPeriph_Driver/src/stm32f10x_gpio.c.obj
 .debug_abbrev  0x0000000000000ba4      0x204 CMakeFiles/vscodeSTM32.elf.dir/fwlib/STM32F10x_StdPeriph_Driver/src/stm32f10x_rcc.c.obj
 .debug_abbrev  0x0000000000000da8      0x1dc CMakeFiles/vscodeSTM32.elf.dir/fwlib/STM32F10x_StdPeriph_Driver/src/stm32f10x_usart.c.obj
 .debug_abbrev  0x0000000000000f84       0x12 CMakeFiles/vscodeSTM32.elf.dir/startup/startup_stm32f103zetx.s.obj
 .debug_abbrev  0x0000000000000f96      0x210 CMakeFiles/vscodeSTM32.elf.dir/user/bsp_usart.c.obj
 .debug_abbrev  0x00000000000011a6      0x1d6 CMakeFiles/vscodeSTM32.elf.dir/user/main.c.obj
 .debug_abbrev  0x000000000000137c       0x44 CMakeFiles/vscodeSTM32.elf.dir/user/stm32f10x_it.c.obj

.debug_loc      0x0000000000000000     0x3c37
 .debug_loc     0x0000000000000000       0xad CMakeFiles/vscodeSTM32.elf.dir/freertos/list.c.obj
 .debug_loc     0x00000000000000ad       0xbe CMakeFiles/vscodeSTM32.elf.dir/freertos/portable/GCC/ARM_CM3/port.c.obj
 .debug_loc     0x000000000000016b     0x2101 CMakeFiles/vscodeSTM32.elf.dir/freertos/tasks.c.obj
 .debug_loc     0x000000000000226c       0xff CMakeFiles/vscodeSTM32.elf.dir/fwlib/CMSIS/system_stm32f10x.c.obj
 .debug_loc     0x000000000000236b      0x16b CMakeFiles/vscodeSTM32.elf.dir/fwlib/STM32F10x_StdPeriph_Driver/src/misc.c.obj
 .debug_loc     0x00000000000024d6      0x62c CMakeFiles/vscodeSTM32.elf.dir/fwlib/STM32F10x_StdPeriph_Driver/src/stm32f10x_gpio.c.obj
 .debug_loc     0x0000000000002b02      0x654 CMakeFiles/vscodeSTM32.elf.dir/fwlib/STM32F10x_StdPeriph_Driver/src/stm32f10x_rcc.c.obj
 .debug_loc     0x0000000000003156      0x80c CMakeFiles/vscodeSTM32.elf.dir/fwlib/STM32F10x_StdPeriph_Driver/src/stm32f10x_usart.c.obj
 .debug_loc     0x0000000000003962      0x28b CMakeFiles/vscodeSTM32.elf.dir/user/bsp_usart.c.obj
 .debug_loc     0x0000000000003bed       0x4a CMakeFiles/vscodeSTM32.elf.dir/user/main.c.obj

.debug_aranges  0x0000000000000000      0x698
 .debug_aranges
                0x0000000000000000       0x40 CMakeFiles/vscodeSTM32.elf.dir/freertos/list.c.obj
 .debug_aranges
                0x0000000000000040       0x70 CMakeFiles/vscodeSTM32.elf.dir/freertos/portable/GCC/ARM_CM3/port.c.obj
 .debug_aranges
                0x00000000000000b0      0x1b0 CMakeFiles/vscodeSTM32.elf.dir/freertos/tasks.c.obj
 .debug_aranges
                0x0000000000000260       0x38 CMakeFiles/vscodeSTM32.elf.dir/fwlib/CMSIS/system_stm32f10x.c.obj
 .debug_aranges
                0x0000000000000298       0x40 CMakeFiles/vscodeSTM32.elf.dir/fwlib/STM32F10x_StdPeriph_Driver/src/misc.c.obj
 .debug_aranges
                0x00000000000002d8       0xa8 CMakeFiles/vscodeSTM32.elf.dir/fwlib/STM32F10x_StdPeriph_Driver/src/stm32f10x_gpio.c.obj
 .debug_aranges
                0x0000000000000380      0x118 CMakeFiles/vscodeSTM32.elf.dir/fwlib/STM32F10x_StdPeriph_Driver/src/stm32f10x_rcc.c.obj
 .debug_aranges
                0x0000000000000498      0x100 CMakeFiles/vscodeSTM32.elf.dir/fwlib/STM32F10x_StdPeriph_Driver/src/stm32f10x_usart.c.obj
 .debug_aranges
                0x0000000000000598       0x28 CMakeFiles/vscodeSTM32.elf.dir/startup/startup_stm32f103zetx.s.obj
 .debug_aranges
                0x00000000000005c0       0x50 CMakeFiles/vscodeSTM32.elf.dir/user/bsp_usart.c.obj
 .debug_aranges
                0x0000000000000610       0x40 CMakeFiles/vscodeSTM32.elf.dir/user/main.c.obj
 .debug_aranges
                0x0000000000000650       0x48 CMakeFiles/vscodeSTM32.elf.dir/user/stm32f10x_it.c.obj

.debug_ranges   0x0000000000000000      0x7c8
 .debug_ranges  0x0000000000000000       0x30 CMakeFiles/vscodeSTM32.elf.dir/freertos/list.c.obj
 .debug_ranges  0x0000000000000030       0x60 CMakeFiles/vscodeSTM32.elf.dir/freertos/portable/GCC/ARM_CM3/port.c.obj
 .debug_ranges  0x0000000000000090      0x388 CMakeFiles/vscodeSTM32.elf.dir/freertos/tasks.c.obj
 .debug_ranges  0x0000000000000418       0x28 CMakeFiles/vscodeSTM32.elf.dir/fwlib/CMSIS/system_stm32f10x.c.obj
 .debug_ranges  0x0000000000000440       0x30 CMakeFiles/vscodeSTM32.elf.dir/fwlib/STM32F10x_StdPeriph_Driver/src/misc.c.obj
 .debug_ranges  0x0000000000000470       0x98 CMakeFiles/vscodeSTM32.elf.dir/fwlib/STM32F10x_StdPeriph_Driver/src/stm32f10x_gpio.c.obj
 .debug_ranges  0x0000000000000508      0x108 CMakeFiles/vscodeSTM32.elf.dir/fwlib/STM32F10x_StdPeriph_Driver/src/stm32f10x_rcc.c.obj
 .debug_ranges  0x0000000000000610       0xf0 CMakeFiles/vscodeSTM32.elf.dir/fwlib/STM32F10x_StdPeriph_Driver/src/stm32f10x_usart.c.obj
 .debug_ranges  0x0000000000000700       0x20 CMakeFiles/vscodeSTM32.elf.dir/startup/startup_stm32f103zetx.s.obj
 .debug_ranges  0x0000000000000720       0x40 CMakeFiles/vscodeSTM32.elf.dir/user/bsp_usart.c.obj
 .debug_ranges  0x0000000000000760       0x30 CMakeFiles/vscodeSTM32.elf.dir/user/main.c.obj
 .debug_ranges  0x0000000000000790       0x38 CMakeFiles/vscodeSTM32.elf.dir/user/stm32f10x_it.c.obj

.debug_line     0x0000000000000000     0x5255
 .debug_line    0x0000000000000000      0x39b CMakeFiles/vscodeSTM32.elf.dir/freertos/list.c.obj
 .debug_line    0x000000000000039b      0x425 CMakeFiles/vscodeSTM32.elf.dir/freertos/portable/GCC/ARM_CM3/port.c.obj
 .debug_line    0x00000000000007c0     0x1ffc CMakeFiles/vscodeSTM32.elf.dir/freertos/tasks.c.obj
 .debug_line    0x00000000000027bc      0x3d3 CMakeFiles/vscodeSTM32.elf.dir/fwlib/CMSIS/system_stm32f10x.c.obj
 .debug_line    0x0000000000002b8f      0x332 CMakeFiles/vscodeSTM32.elf.dir/fwlib/STM32F10x_StdPeriph_Driver/src/misc.c.obj
 .debug_line    0x0000000000002ec1      0x750 CMakeFiles/vscodeSTM32.elf.dir/fwlib/STM32F10x_StdPeriph_Driver/src/stm32f10x_gpio.c.obj
 .debug_line    0x0000000000003611      0x8fe CMakeFiles/vscodeSTM32.elf.dir/fwlib/STM32F10x_StdPeriph_Driver/src/stm32f10x_rcc.c.obj
 .debug_line    0x0000000000003f0f      0x927 CMakeFiles/vscodeSTM32.elf.dir/fwlib/STM32F10x_StdPeriph_Driver/src/stm32f10x_usart.c.obj
 .debug_line    0x0000000000004836       0xab CMakeFiles/vscodeSTM32.elf.dir/startup/startup_stm32f103zetx.s.obj
 .debug_line    0x00000000000048e1      0x460 CMakeFiles/vscodeSTM32.elf.dir/user/bsp_usart.c.obj
 .debug_line    0x0000000000004d41      0x3f8 CMakeFiles/vscodeSTM32.elf.dir/user/main.c.obj
 .debug_line    0x0000000000005139      0x11c CMakeFiles/vscodeSTM32.elf.dir/user/stm32f10x_it.c.obj

.debug_str      0x0000000000000000     0x2670
 .debug_str     0x0000000000000000      0x2d5 CMakeFiles/vscodeSTM32.elf.dir/freertos/list.c.obj
                                        0x322 (size before relaxing)
 .debug_str     0x00000000000002d5      0x1db CMakeFiles/vscodeSTM32.elf.dir/freertos/portable/GCC/ARM_CM3/port.c.obj
                                        0x3a0 (size before relaxing)
 .debug_str     0x00000000000004b0      0xba0 CMakeFiles/vscodeSTM32.elf.dir/freertos/tasks.c.obj
                                        0xf8d (size before relaxing)
 .debug_str     0x0000000000001050      0x178 CMakeFiles/vscodeSTM32.elf.dir/fwlib/CMSIS/system_stm32f10x.c.obj
                                        0x349 (size before relaxing)
 .debug_str     0x00000000000011c8      0x248 CMakeFiles/vscodeSTM32.elf.dir/fwlib/STM32F10x_StdPeriph_Driver/src/misc.c.obj
                                        0x43a (size before relaxing)
 .debug_str     0x0000000000001410      0x3c8 CMakeFiles/vscodeSTM32.elf.dir/fwlib/STM32F10x_StdPeriph_Driver/src/stm32f10x_gpio.c.obj
                                        0x5b2 (size before relaxing)
 .debug_str     0x00000000000017d8      0x3f5 CMakeFiles/vscodeSTM32.elf.dir/fwlib/STM32F10x_StdPeriph_Driver/src/stm32f10x_rcc.c.obj
                                        0x69c (size before relaxing)
 .debug_str     0x0000000000001bcd      0x460 CMakeFiles/vscodeSTM32.elf.dir/fwlib/STM32F10x_StdPeriph_Driver/src/stm32f10x_usart.c.obj
                                        0x752 (size before relaxing)
 .debug_str     0x000000000000202d       0x5e CMakeFiles/vscodeSTM32.elf.dir/startup/startup_stm32f103zetx.s.obj
                                         0x94 (size before relaxing)
 .debug_str     0x000000000000208b      0x4a4 CMakeFiles/vscodeSTM32.elf.dir/user/bsp_usart.c.obj
                                        0x97c (size before relaxing)
 .debug_str     0x000000000000252f       0x98 CMakeFiles/vscodeSTM32.elf.dir/user/main.c.obj
                                        0x4fd (size before relaxing)
 .debug_str     0x00000000000025c7       0xa9 CMakeFiles/vscodeSTM32.elf.dir/user/stm32f10x_it.c.obj
                                        0x227 (size before relaxing)

.comment        0x0000000000000000       0x49
 .comment       0x0000000000000000       0x49 CMakeFiles/vscodeSTM32.elf.dir/freertos/list.c.obj
                                         0x4a (size before relaxing)
 .comment       0x0000000000000049       0x4a CMakeFiles/vscodeSTM32.elf.dir/freertos/portable/GCC/ARM_CM3/port.c.obj
 .comment       0x0000000000000049       0x4a CMakeFiles/vscodeSTM32.elf.dir/freertos/tasks.c.obj
 .comment       0x0000000000000049       0x4a CMakeFiles/vscodeSTM32.elf.dir/fwlib/CMSIS/system_stm32f10x.c.obj
 .comment       0x0000000000000049       0x4a CMakeFiles/vscodeSTM32.elf.dir/fwlib/STM32F10x_StdPeriph_Driver/src/misc.c.obj
 .comment       0x0000000000000049       0x4a CMakeFiles/vscodeSTM32.elf.dir/fwlib/STM32F10x_StdPeriph_Driver/src/stm32f10x_gpio.c.obj
 .comment       0x0000000000000049       0x4a CMakeFiles/vscodeSTM32.elf.dir/fwlib/STM32F10x_StdPeriph_Driver/src/stm32f10x_rcc.c.obj
 .comment       0x0000000000000049       0x4a CMakeFiles/vscodeSTM32.elf.dir/fwlib/STM32F10x_StdPeriph_Driver/src/stm32f10x_usart.c.obj
 .comment       0x0000000000000049       0x4a CMakeFiles/vscodeSTM32.elf.dir/user/bsp_usart.c.obj
 .comment       0x0000000000000049       0x4a CMakeFiles/vscodeSTM32.elf.dir/user/main.c.obj
 .comment       0x0000000000000049       0x4a CMakeFiles/vscodeSTM32.elf.dir/user/stm32f10x_it.c.obj

.debug_frame    0x0000000000000000     0x2020
 .debug_frame   0x0000000000000000       0x70 CMakeFiles/vscodeSTM32.elf.dir/freertos/list.c.obj
 .debug_frame   0x0000000000000070       0xd8 CMakeFiles/vscodeSTM32.elf.dir/freertos/portable/GCC/ARM_CM3/port.c.obj
 .debug_frame   0x0000000000000148      0x540 CMakeFiles/vscodeSTM32.elf.dir/freertos/tasks.c.obj
 .debug_frame   0x0000000000000688       0x6c CMakeFiles/vscodeSTM32.elf.dir/fwlib/CMSIS/system_stm32f10x.c.obj
 .debug_frame   0x00000000000006f4       0x60 CMakeFiles/vscodeSTM32.elf.dir/fwlib/STM32F10x_StdPeriph_Driver/src/misc.c.obj
 .debug_frame   0x0000000000000754      0x160 CMakeFiles/vscodeSTM32.elf.dir/fwlib/STM32F10x_StdPeriph_Driver/src/stm32f10x_gpio.c.obj
 .debug_frame   0x00000000000008b4      0x228 CMakeFiles/vscodeSTM32.elf.dir/fwlib/STM32F10x_StdPeriph_Driver/src/stm32f10x_rcc.c.obj
 .debug_frame   0x0000000000000adc      0x204 CMakeFiles/vscodeSTM32.elf.dir/fwlib/STM32F10x_StdPeriph_Driver/src/stm32f10x_usart.c.obj
 .debug_frame   0x0000000000000ce0       0xd8 CMakeFiles/vscodeSTM32.elf.dir/user/bsp_usart.c.obj
 .debug_frame   0x0000000000000db8       0x8c CMakeFiles/vscodeSTM32.elf.dir/user/main.c.obj
 .debug_frame   0x0000000000000e44       0x70 CMakeFiles/vscodeSTM32.elf.dir/user/stm32f10x_it.c.obj
 .debug_frame   0x0000000000000eb4       0x28 /home/rice/embedded/gcc-arm-none-eabi-10.3-2021.10/bin/../lib/gcc/arm-none-eabi/10.3.1/../../../../arm-none-eabi/lib/thumb/v7-m/nofp/libg_nano.a(lib_a-memcpy-stub.o)
 .debug_frame   0x0000000000000edc       0x20 /home/rice/embedded/gcc-arm-none-eabi-10.3-2021.10/bin/../lib/gcc/arm-none-eabi/10.3.1/../../../../arm-none-eabi/lib/thumb/v7-m/nofp/libg_nano.a(lib_a-memset.o)
 .debug_frame   0x0000000000000efc       0x94 /home/rice/embedded/gcc-arm-none-eabi-10.3-2021.10/bin/../lib/gcc/arm-none-eabi/10.3.1/../../../../arm-none-eabi/lib/thumb/v7-m/nofp/libg_nano.a(lib_a-nano-vfprintf_float.o)
 .debug_frame   0x0000000000000f90       0x60 /home/rice/embedded/gcc-arm-none-eabi-10.3-2021.10/bin/../lib/gcc/arm-none-eabi/10.3.1/../../../../arm-none-eabi/lib/thumb/v7-m/nofp/libg_nano.a(lib_a-nano-vfprintf_i.o)
 .debug_frame   0x0000000000000ff0       0x40 /home/rice/embedded/gcc-arm-none-eabi-10.3-2021.10/bin/../lib/gcc/arm-none-eabi/10.3.1/../../../../arm-none-eabi/lib/thumb/v7-m/nofp/libg_nano.a(lib_a-wbuf.o)
 .debug_frame   0x0000000000001030       0x2c /home/rice/embedded/gcc-arm-none-eabi-10.3-2021.10/bin/../lib/gcc/arm-none-eabi/10.3.1/../../../../arm-none-eabi/lib/thumb/v7-m/nofp/libg_nano.a(lib_a-wsetup.o)
 .debug_frame   0x000000000000105c       0x6c /home/rice/embedded/gcc-arm-none-eabi-10.3-2021.10/bin/../lib/gcc/arm-none-eabi/10.3.1/../../../../arm-none-eabi/lib/thumb/v7-m/nofp/libg_nano.a(lib_a-dtoa.o)
 .debug_frame   0x00000000000010c8       0x5c /home/rice/embedded/gcc-arm-none-eabi-10.3-2021.10/bin/../lib/gcc/arm-none-eabi/10.3.1/../../../../arm-none-eabi/lib/thumb/v7-m/nofp/libg_nano.a(lib_a-fflush.o)
 .debug_frame   0x0000000000001124      0x14c /home/rice/embedded/gcc-arm-none-eabi-10.3-2021.10/bin/../lib/gcc/arm-none-eabi/10.3.1/../../../../arm-none-eabi/lib/thumb/v7-m/nofp/libg_nano.a(lib_a-findfp.o)
 .debug_frame   0x0000000000001270       0x54 /home/rice/embedded/gcc-arm-none-eabi-10.3-2021.10/bin/../lib/gcc/arm-none-eabi/10.3.1/../../../../arm-none-eabi/lib/thumb/v7-m/nofp/libg_nano.a(lib_a-fwalk.o)
 .debug_frame   0x00000000000012c4       0x40 /home/rice/embedded/gcc-arm-none-eabi-10.3-2021.10/bin/../lib/gcc/arm-none-eabi/10.3.1/../../../../arm-none-eabi/lib/thumb/v7-m/nofp/libg_nano.a(lib_a-localeconv.o)
 .debug_frame   0x0000000000001304       0xb0 /home/rice/embedded/gcc-arm-none-eabi-10.3-2021.10/bin/../lib/gcc/arm-none-eabi/10.3.1/../../../../arm-none-eabi/lib/thumb/v7-m/nofp/libg_nano.a(lib_a-lock.o)
 .debug_frame   0x00000000000013b4       0x58 /home/rice/embedded/gcc-arm-none-eabi-10.3-2021.10/bin/../lib/gcc/arm-none-eabi/10.3.1/../../../../arm-none-eabi/lib/thumb/v7-m/nofp/libg_nano.a(lib_a-makebuf.o)
 .debug_frame   0x000000000000140c       0x30 /home/rice/embedded/gcc-arm-none-eabi-10.3-2021.10/bin/../lib/gcc/arm-none-eabi/10.3.1/../../../../arm-none-eabi/lib/thumb/v7-m/nofp/libg_nano.a(lib_a-malloc.o)
 .debug_frame   0x000000000000143c       0x28 /home/rice/embedded/gcc-arm-none-eabi-10.3-2021.10/bin/../lib/gcc/arm-none-eabi/10.3.1/../../../../arm-none-eabi/lib/thumb/v7-m/nofp/libg_nano.a(lib_a-memchr-stub.o)
 .debug_frame   0x0000000000001464      0x254 /home/rice/embedded/gcc-arm-none-eabi-10.3-2021.10/bin/../lib/gcc/arm-none-eabi/10.3.1/../../../../arm-none-eabi/lib/thumb/v7-m/nofp/libg_nano.a(lib_a-mprec.o)
 .debug_frame   0x00000000000016b8       0x2c /home/rice/embedded/gcc-arm-none-eabi-10.3-2021.10/bin/../lib/gcc/arm-none-eabi/10.3.1/../../../../arm-none-eabi/lib/thumb/v7-m/nofp/libg_nano.a(lib_a-nano-callocr.o)
 .debug_frame   0x00000000000016e4       0x38 /home/rice/embedded/gcc-arm-none-eabi-10.3-2021.10/bin/../lib/gcc/arm-none-eabi/10.3.1/../../../../arm-none-eabi/lib/thumb/v7-m/nofp/libg_nano.a(lib_a-nano-freer.o)
 .debug_frame   0x000000000000171c       0x4c /home/rice/embedded/gcc-arm-none-eabi-10.3-2021.10/bin/../lib/gcc/arm-none-eabi/10.3.1/../../../../arm-none-eabi/lib/thumb/v7-m/nofp/libg_nano.a(lib_a-nano-mallocr.o)
 .debug_frame   0x0000000000001768       0x2c /home/rice/embedded/gcc-arm-none-eabi-10.3-2021.10/bin/../lib/gcc/arm-none-eabi/10.3.1/../../../../arm-none-eabi/lib/thumb/v7-m/nofp/libg_nano.a(lib_a-sbrkr.o)
 .debug_frame   0x0000000000001794       0x88 /home/rice/embedded/gcc-arm-none-eabi-10.3-2021.10/bin/../lib/gcc/arm-none-eabi/10.3.1/../../../../arm-none-eabi/lib/thumb/v7-m/nofp/libg_nano.a(lib_a-stdio.o)
 .debug_frame   0x000000000000181c       0x2c /home/rice/embedded/gcc-arm-none-eabi-10.3-2021.10/bin/../lib/gcc/arm-none-eabi/10.3.1/../../../../arm-none-eabi/lib/thumb/v7-m/nofp/libg_nano.a(lib_a-writer.o)
 .debug_frame   0x0000000000001848       0x40 /home/rice/embedded/gcc-arm-none-eabi-10.3-2021.10/bin/../lib/gcc/arm-none-eabi/10.3.1/../../../../arm-none-eabi/lib/thumb/v7-m/nofp/libg_nano.a(lib_a-assert.o)
 .debug_frame   0x0000000000001888       0x2c /home/rice/embedded/gcc-arm-none-eabi-10.3-2021.10/bin/../lib/gcc/arm-none-eabi/10.3.1/../../../../arm-none-eabi/lib/thumb/v7-m/nofp/libg_nano.a(lib_a-closer.o)
 .debug_frame   0x00000000000018b4       0x64 /home/rice/embedded/gcc-arm-none-eabi-10.3-2021.10/bin/../lib/gcc/arm-none-eabi/10.3.1/../../../../arm-none-eabi/lib/thumb/v7-m/nofp/libg_nano.a(lib_a-fprintf.o)
 .debug_frame   0x0000000000001918       0x2c /home/rice/embedded/gcc-arm-none-eabi-10.3-2021.10/bin/../lib/gcc/arm-none-eabi/10.3.1/../../../../arm-none-eabi/lib/thumb/v7-m/nofp/libg_nano.a(lib_a-fstatr.o)
 .debug_frame   0x0000000000001944       0x2c /home/rice/embedded/gcc-arm-none-eabi-10.3-2021.10/bin/../lib/gcc/arm-none-eabi/10.3.1/../../../../arm-none-eabi/lib/thumb/v7-m/nofp/libg_nano.a(lib_a-isattyr.o)
 .debug_frame   0x0000000000001970       0x48 /home/rice/embedded/gcc-arm-none-eabi-10.3-2021.10/bin/../lib/gcc/arm-none-eabi/10.3.1/../../../../arm-none-eabi/lib/thumb/v7-m/nofp/libg_nano.a(lib_a-locale.o)
 .debug_frame   0x00000000000019b8       0x2c /home/rice/embedded/gcc-arm-none-eabi-10.3-2021.10/bin/../lib/gcc/arm-none-eabi/10.3.1/../../../../arm-none-eabi/lib/thumb/v7-m/nofp/libg_nano.a(lib_a-lseekr.o)
 .debug_frame   0x00000000000019e4       0x48 /home/rice/embedded/gcc-arm-none-eabi-10.3-2021.10/bin/../lib/gcc/arm-none-eabi/10.3.1/../../../../arm-none-eabi/lib/thumb/v7-m/nofp/libg_nano.a(lib_a-mbtowc_r.o)